Archive member included to satisfy reference by file (symbol)

app/libapp.a(main.c.obj)      (--whole-archive)
zephyr/libzephyr.a(cbprintf_packaged.c.obj)
                              (--whole-archive)
zephyr/libzephyr.a(dec.c.obj)
                              (--whole-archive)
zephyr/libzephyr.a(fdtable.c.obj)
                              (--whole-archive)
zephyr/libzephyr.a(hex.c.obj)
                              (--whole-archive)
zephyr/libzephyr.a(printk.c.obj)
                              (--whole-archive)
zephyr/libzephyr.a(rb.c.obj)  (--whole-archive)
zephyr/libzephyr.a(sem.c.obj)
                              (--whole-archive)
zephyr/libzephyr.a(thread_entry.c.obj)
                              (--whole-archive)
zephyr/libzephyr.a(timeutil.c.obj)
                              (--whole-archive)
zephyr/libzephyr.a(heap.c.obj)
                              (--whole-archive)
zephyr/libzephyr.a(heap-validate.c.obj)
                              (--whole-archive)
zephyr/libzephyr.a(bitarray.c.obj)
                              (--whole-archive)
zephyr/libzephyr.a(multi_heap.c.obj)
                              (--whole-archive)
zephyr/libzephyr.a(onoff.c.obj)
                              (--whole-archive)
zephyr/libzephyr.a(notify.c.obj)
                              (--whole-archive)
zephyr/libzephyr.a(crc32c_sw.c.obj)
                              (--whole-archive)
zephyr/libzephyr.a(crc32_sw.c.obj)
                              (--whole-archive)
zephyr/libzephyr.a(crc16_sw.c.obj)
                              (--whole-archive)
zephyr/libzephyr.a(crc8_sw.c.obj)
                              (--whole-archive)
zephyr/libzephyr.a(crc7_sw.c.obj)
                              (--whole-archive)
zephyr/libzephyr.a(cbprintf_complete.c.obj)
                              (--whole-archive)
zephyr/libzephyr.a(cbprintf.c.obj)
                              (--whole-archive)
zephyr/libzephyr.a(assert.c.obj)
                              (--whole-archive)
zephyr/libzephyr.a(reboot.c.obj)
                              (--whole-archive)
zephyr/libzephyr.a(configs.c.obj)
                              (--whole-archive)
zephyr/libzephyr.a(soc.c.obj)
                              (--whole-archive)
zephyr/libzephyr.a(power.c.obj)
                              (--whole-archive)
zephyr/libzephyr.a(soc_nrf_common.S.obj)
                              (--whole-archive)
zephyr/libzephyr.a(soc_secure.c.obj)
                              (--whole-archive)
zephyr/libzephyr.a(validate_base_addresses.c.obj)
                              (--whole-archive)
zephyr/libzephyr.a(validate_enabled_instances.c.obj)
                              (--whole-archive)
zephyr/libzephyr.a(thread_info.c.obj)
                              (--whole-archive)
zephyr/libzephyr.a(pm.c.obj)  (--whole-archive)
zephyr/libzephyr.a(policy.c.obj)
                              (--whole-archive)
zephyr/libzephyr.a(state.c.obj)
                              (--whole-archive)
zephyr/libzephyr.a(tracing_none.c.obj)
                              (--whole-archive)
zephyr/libzephyr.a(flash_map_partition_manager.c.obj)
                              (--whole-archive)
zephyr/arch/common/libarch__common.a(sw_isr_common.c.obj)
                              (--whole-archive)
zephyr/arch/arch/arm/core/aarch32/libarch__arm__core__aarch32.a(cpu_idle.S.obj)
                              (--whole-archive)
zephyr/arch/arch/arm/core/aarch32/libarch__arm__core__aarch32.a(fatal.c.obj)
                              (--whole-archive)
zephyr/arch/arch/arm/core/aarch32/libarch__arm__core__aarch32.a(irq_manage.c.obj)
                              (--whole-archive)
zephyr/arch/arch/arm/core/aarch32/libarch__arm__core__aarch32.a(nmi.c.obj)
                              (--whole-archive)
zephyr/arch/arch/arm/core/aarch32/libarch__arm__core__aarch32.a(nmi_on_reset.S.obj)
                              (--whole-archive)
zephyr/arch/arch/arm/core/aarch32/libarch__arm__core__aarch32.a(prep_c.c.obj)
                              (--whole-archive)
zephyr/arch/arch/arm/core/aarch32/libarch__arm__core__aarch32.a(swap.c.obj)
                              (--whole-archive)
zephyr/arch/arch/arm/core/aarch32/libarch__arm__core__aarch32.a(swap_helper.S.obj)
                              (--whole-archive)
zephyr/arch/arch/arm/core/aarch32/libarch__arm__core__aarch32.a(thread.c.obj)
                              (--whole-archive)
zephyr/arch/arch/arm/core/aarch32/libarch__arm__core__aarch32.a(isr_wrapper.S.obj)
                              (--whole-archive)
zephyr/arch/arch/arm/core/aarch32/cortex_m/libarch__arm__core__aarch32__cortex_m.a(exc_exit.S.obj)
                              (--whole-archive)
zephyr/arch/arch/arm/core/aarch32/cortex_m/libarch__arm__core__aarch32__cortex_m.a(fault.c.obj)
                              (--whole-archive)
zephyr/arch/arch/arm/core/aarch32/cortex_m/libarch__arm__core__aarch32__cortex_m.a(fault_s.S.obj)
                              (--whole-archive)
[...]
Memory Configuration

Name             Origin             Length             Attributes
FLASH            0x0000000000010000 0x00000000000f0000 xr
RAM              0x000000002000c568 0x0000000000033a98 xw
IDT_LIST         0x00000000fffff7ff 0x0000000000000800 xw
*default*        0x0000000000000000 0xffffffffffffffff

Linker script and memory map

LOAD zephyr/CMakeFiles/zephyr_pre1.dir/misc/empty_file.c.obj
LOAD zephyr/CMakeFiles/zephyr_pre1.dir/dev_handles.c.obj
LOAD app/libapp.a
LOAD zephyr/libzephyr.a
LOAD zephyr/arch/common/libarch__common.a
LOAD zephyr/arch/arch/arm/core/aarch32/libarch__arm__core__aarch32.a
LOAD zephyr/arch/arch/arm/core/aarch32/cortex_m/libarch__arm__core__aarch32__cortex_m.a
LOAD zephyr/arch/arch/arm/core/aarch32/cortex_m/cmse/libarch__arm__core__aarch32__cortex_m__cmse.a
LOAD zephyr/arch/arch/arm/core/aarch32/mpu/libarch__arm__core__aarch32__mpu.a
LOAD zephyr/lib/libc/newlib/liblib__libc__newlib.a
LOAD zephyr/soc/arm/common/cortex_m/libsoc__arm__common__cortex_m.a
LOAD zephyr/boards/arm/nrf9160dk_nrf9160/libboards__arm__nrf9160dk_nrf9160.a
LOAD zephyr/subsys/random/libsubsys__random.a
LOAD zephyr/drivers/clock_control/libdrivers__clock_control.a
LOAD zephyr/drivers/console/libdrivers__console.a
LOAD zephyr/drivers/entropy/libdrivers__entropy.a
LOAD zephyr/drivers/gpio/libdrivers__gpio.a
LOAD zephyr/drivers/pinctrl/libdrivers__pinctrl.a
LOAD zephyr/drivers/serial/libdrivers__serial.a
LOAD zephyr/drivers/timer/libdrivers__timer.a
LOAD modules/nrf/lib/nrf_modem_lib/lib..__nrf__lib__nrf_modem_lib.a
LOAD modules/nrf/lib/fatal_error/lib..__nrf__lib__fatal_error.a
LOAD modules/nrf/lib/modem_antenna/lib..__nrf__lib__modem_antenna.a
LOAD modules/nrf/modules/tfm/zephyr/libtfm_api_nrf.a
LOAD modules/trusted-firmware-m/libtfm_api.a
LOAD modules/hal_nordic/nrfx/libmodules__hal_nordic__nrfx.a
LOAD /home/ryantech/ncs/v2.4.1/nrfxlib/nrf_modem/lib/cortex-m33/soft-float/libmodem.a
LOAD modules/nrfxlib/nrfxlib/nrf_security/src/zephyr/libmbedtls_zephyr.a
LOAD zephyr/kernel/libkernel.a
LOAD zephyr/CMakeFiles/offsets.dir/./arch/arm/core/offsets/offsets.c.obj
LOAD /home/ryantech/ncs/toolchains/1f9b40e71a/opt/zephyr-sdk/arm-zephyr-eabi/bin/../lib/gcc/arm-zephyr-eabi/12.2.0/thumb/v8-m.main/nofp/libgcc.a
LOAD zephyr/arch/common/libisr_tables.a
LOAD tfm/secure_fw/s_veneers.o
LOAD /home/ryantech/ncs/toolchains/1f9b40e71a/opt/zephyr-sdk/arm-zephyr-eabi/arm-zephyr-eabi/lib/thumb/v8-m.main/nofp/libm_nano.a
LOAD /home/ryantech/ncs/toolchains/1f9b40e71a/opt/zephyr-sdk/arm-zephyr-eabi/arm-zephyr-eabi/lib/thumb/v8-m.main/nofp/libc_nano.a
LOAD /home/ryantech/ncs/toolchains/1f9b40e71a/opt/zephyr-sdk/arm-zephyr-eabi/bin/../lib/gcc/arm-zephyr-eabi/12.2.0/thumb/v8-m.main/nofp/libgcc.a
LOAD /home/ryantech/ncs/toolchains/1f9b40e71a/opt/zephyr-sdk/arm-zephyr-eabi/arm-zephyr-eabi/lib/thumb/v8-m.main/nofp/libc_nano.a
LOAD modules/nrfxlib/nrfxlib/nrf_security/src/libmbedcrypto.a
LOAD /home/ryantech/ncs/v2.4.1/nrfxlib/crypto/nrf_oberon/lib/cortex-m33/soft-float/liboberon_mbedtls_3.0.13.a
LOAD modules/nrfxlib/nrfxlib/nrf_security/src/libmbedcrypto_base.a
LOAD /home/ryantech/ncs/v2.4.1/nrfxlib/crypto/nrf_oberon/lib/cortex-m33/soft-float/liboberon_3.0.13.a
LOAD /home/ryantech/ncs/toolchains/1f9b40e71a/opt/zephyr-sdk/arm-zephyr-eabi/arm-zephyr-eabi/lib/thumb/v8-m.main/nofp/libc_nano.a
                0x0000000000000020                _region_min_align = 0x20

.rel.plt        0x0000000000010000        0x0
 *(SORT_BY_ALIGNMENT(.rel.plt))
                [!provide]                        PROVIDE (__rel_iplt_start = .)
 *(SORT_BY_ALIGNMENT(.rel.iplt))
 .rel.iplt      0x0000000000010000        0x0 app/libapp.a(main.c.obj)
                [!provide]                        PROVIDE (__rel_iplt_end = .)

.rela.plt       0x0000000000000000        0x0
 *(SORT_BY_ALIGNMENT(.rela.plt))
                [!provide]                        PROVIDE (__rela_iplt_start = .)
 *(SORT_BY_ALIGNMENT(.rela.iplt))
                [!provide]                        PROVIDE (__rela_iplt_end = .)

.rel.dyn
 *(SORT_BY_ALIGNMENT(.rel.*))

.rela.dyn
 *(SORT_BY_ALIGNMENT(.rela.*))

/DISCARD/
 *(SORT_BY_ALIGNMENT(.plt))

/DISCARD/
 *(SORT_BY_ALIGNMENT(.iplt))
                0x0000000000010000                __rom_region_start = 0x10000

rom_start       0x0000000000010000      0x144
                0x0000000000000000                . = 0x0
                0x0000000000000000                . = ALIGN (0x4)
                0x0000000000000000                . = ALIGN (0x80)
                0x0000000000000000                . = ALIGN (0x200)
                0x0000000000010000                _vector_start = .
 *(SORT_BY_ALIGNMENT(.exc_vector_table))
 *(SORT_BY_ALIGNMENT(.exc_vector_table.*))
 .exc_vector_table._vector_table_section
                0x0000000000010000       0x40 zephyr/arch/arch/arm/core/aarch32/cortex_m/libarch__arm__core__aarch32__cortex_m.a(vector_table.S.obj)
                0x0000000000010000                _vector_table
 *(SORT_BY_ALIGNMENT(.vectors))
                0x0000000000010144                _vector_end = .
                0x0000000000010040                . = ALIGN (0x4)
 *(SORT_BY_ALIGNMENT(.gnu.linkonce.irq_vector_table*))
 .gnu.linkonce.irq_vector_table
                0x0000000000010040      0x104 zephyr/arch/common/libisr_tables.a(isr_tables.c.obj)
                0x0000000000010040                _irq_vector_table
                0x0000000000010144                _vector_end = .

text            0x0000000000010144     0x8330
                0x0000000000010144                __text_region_start = .
 *(SORT_BY_ALIGNMENT(.text))
 .text          0x0000000000010144       0x30 /home/ryantech/ncs/toolchains/1f9b40e71a/opt/zephyr-sdk/arm-zephyr-eabi/bin/../lib/gcc/arm-zephyr-eabi/12.2.0/thumb/v8-m.main/nofp/libgcc.a(_aeabi_uldivmod.o)
                0x0000000000010144                __aeabi_uldivmod
 .text          0x0000000000010174        0x4 /home/ryantech/ncs/toolchains/1f9b40e71a/opt/zephyr-sdk/arm-zephyr-eabi/bin/../lib/gcc/arm-zephyr-eabi/12.2.0/thumb/v8-m.main/nofp/libgcc.a(_dvmd_tls.o)
                0x0000000000010174                __aeabi_ldiv0
                0x0000000000010174                __aeabi_idiv0
 .text          0x0000000000010178      0x29c /home/ryantech/ncs/toolchains/1f9b40e71a/opt/zephyr-sdk/arm-zephyr-eabi/bin/../lib/gcc/arm-zephyr-eabi/12.2.0/thumb/v8-m.main/nofp/libgcc.a(_udivmoddi4.o)
                0x0000000000010178                __udivmoddi4
 .text          0x0000000000010414       0x10 /home/ryantech/ncs/toolchains/1f9b40e71a/opt/zephyr-sdk/arm-zephyr-eabi/arm-zephyr-eabi/lib/thumb/v8-m.main/nofp/libc_nano.a(lib_a-strlen.o)
                0x0000000000010414                strlen
 *(SORT_BY_ALIGNMENT(.text.*))
 .text.main     0x0000000000010424       0x60 app/libapp.a(main.c.obj)
                0x0000000000010424                main
 .text.char_out
                0x0000000000010484       0x10 zephyr/libzephyr.a(printk.c.obj)
 .text.__printk_hook_install
                0x0000000000010494        0xc zephyr/libzephyr.a(printk.c.obj)
                0x0000000000010494                __printk_hook_install
 .text.vprintk  0x00000000000104a0       0x1c zephyr/libzephyr.a(printk.c.obj)
                0x00000000000104a0                vprintk
 .text.process_event
                0x00000000000104bc      0x16c zephyr/libzephyr.a(onoff.c.obj)
 .text.extract_decimal
                0x0000000000010628       0x2c zephyr/libzephyr.a(cbprintf_complete.c.obj)
 .text.extract_flags
                0x0000000000010654       0xc4 zephyr/libzephyr.a(cbprintf_complete.c.obj)
 .text.encode_uint
                0x0000000000010718       0xac zephyr/libzephyr.a(cbprintf_complete.c.obj)
 .text.z_cbvprintf_impl
                0x00000000000107c4      0x598 zephyr/libzephyr.a(cbprintf_complete.c.obj)
                0x00000000000107c4                z_cbvprintf_impl
 .text.nordicsemi_nrf91_init
                0x0000000000010d5c       0x28 zephyr/libzephyr.a(soc.c.obj)
 .text.arch_busy_wait
                0x0000000000010d84       0x18 zephyr/libzephyr.a(soc.c.obj)
                0x0000000000010d84                arch_busy_wait
 .text.z_arm_platform_init
                0x0000000000010d9c        0x4 zephyr/libzephyr.a(soc_nrf_common.S.obj)
                0x0000000000010d9c                z_arm_platform_init
 .text.pm_state_notify
                0x0000000000010da0       0x5c zephyr/libzephyr.a(pm.c.obj)
 .text.pm_exit_pos_ops
                0x0000000000010dfc       0x20 zephyr/libzephyr.a(pm.c.obj)
 .text.pm_system_resume
                0x0000000000010e1c       0x48 zephyr/libzephyr.a(pm.c.obj)
                0x0000000000010e1c                pm_system_resume
 .text.pm_system_suspend
                0x0000000000010e64      0x104 zephyr/libzephyr.a(pm.c.obj)
                0x0000000000010e64                pm_system_suspend
 .text.pm_policy_next_state
                0x0000000000010f68       0x98 zephyr/libzephyr.a(policy.c.obj)
                0x0000000000010f68                pm_policy_next_state
 .text.pm_state_cpu_get_all
                0x0000000000011000       0x10 zephyr/libzephyr.a(state.c.obj)
                0x0000000000011000                pm_state_cpu_get_all
 .text.z_arm_cpu_idle_init
                0x0000000000011010        0xc zephyr/arch/arch/arm/core/aarch32/libarch__arm__core__aarch32.a(cpu_idle.S.obj)
                0x0000000000011010                z_arm_cpu_idle_init
 .text.arch_cpu_idle
                0x000000000001101c       0x1c zephyr/arch/arch/arm/core/aarch32/libarch__arm__core__aarch32.a(cpu_idle.S.obj)
                0x000000000001101c                arch_cpu_idle
 .text.arch_cpu_atomic_idle
                0x0000000000011038       0x18 zephyr/arch/arch/arm/core/aarch32/libarch__arm__core__aarch32.a(cpu_idle.S.obj)
                0x0000000000011038                arch_cpu_atomic_idle
 .text.__NVIC_EnableIRQ
                0x0000000000011050       0x1c zephyr/arch/arch/arm/core/aarch32/libarch__arm__core__aarch32.a(irq_manage.c.obj)
 .text.__NVIC_SetPriority
                0x000000000001106c       0x28 zephyr/arch/arch/arm/core/aarch32/libarch__arm__core__aarch32.a(irq_manage.c.obj)
 .text.arch_irq_is_enabled
                0x0000000000011094       0x1c zephyr/arch/arch/arm/core/aarch32/libarch__arm__core__aarch32.a(irq_manage.c.obj)
                0x0000000000011094                arch_irq_is_enabled
 .text.z_SysNmiOnReset
                0x00000000000110b0        0x8 zephyr/arch/arch/arm/core/aarch32/libarch__arm__core__aarch32.a(nmi_on_reset.S.obj)
                0x00000000000110b0                z_SysNmiOnReset
 .text.z_arm_prep_c
                0x00000000000110b8       0x38 zephyr/arch/arch/arm/core/aarch32/libarch__arm__core__aarch32.a(prep_c.c.obj)
                0x00000000000110b8                z_arm_prep_c
 .text.arch_swap
                0x00000000000110f0       0x38 zephyr/arch/arch/arm/core/aarch32/libarch__arm__core__aarch32.a(swap.c.obj)
                0x00000000000110f0                arch_swap
 .text.z_arm_pendsv
                0x0000000000011128       0x64 zephyr/arch/arch/arm/core/aarch32/libarch__arm__core__aarch32.a(swap_helper.S.obj)
                0x0000000000011128                z_arm_pendsv
 .text.z_arm_svc
                0x000000000001118c       0x20 zephyr/arch/arch/arm/core/aarch32/libarch__arm__core__aarch32.a(swap_helper.S.obj)
                0x000000000001118c                z_arm_svc
 .text.arch_new_thread
                0x00000000000111ac       0x4c zephyr/arch/arch/arm/core/aarch32/libarch__arm__core__aarch32.a(thread.c.obj)
                0x00000000000111ac                arch_new_thread
 .text.arch_switch_to_main_thread
                0x00000000000111f8       0x2c zephyr/arch/arch/arm/core/aarch32/libarch__arm__core__aarch32.a(thread.c.obj)
                0x00000000000111f8                arch_switch_to_main_thread
 .text._isr_wrapper
                0x0000000000011224       0x40 zephyr/arch/arch/arm/core/aarch32/libarch__arm__core__aarch32.a(isr_wrapper.S.obj)
                0x0000000000011224                _isr_wrapper
 .text._HandlerModeExit
                0x0000000000011264       0x1c zephyr/arch/arch/arm/core/aarch32/cortex_m/libarch__arm__core__aarch32__cortex_m.a(exc_exit.S.obj)
                0x0000000000011264                z_arm_exc_exit
                0x0000000000011264                z_arm_int_exit
 .text.mem_manage_fault
                0x0000000000011280       0xa4 zephyr/arch/arch/arm/core/aarch32/cortex_m/libarch__arm__core__aarch32__cortex_m.a(fault.c.obj)
 .text.bus_fault
                0x0000000000011324       0x8c zephyr/arch/arch/arm/core/aarch32/cortex_m/libarch__arm__core__aarch32__cortex_m.a(fault.c.obj)
 .text.usage_fault
                0x00000000000113b0       0x70 zephyr/arch/arch/arm/core/aarch32/cortex_m/libarch__arm__core__aarch32__cortex_m.a(fault.c.obj)
 .text.z_arm_is_synchronous_svc
                0x0000000000011420       0x3c zephyr/arch/arch/arm/core/aarch32/cortex_m/libarch__arm__core__aarch32__cortex_m.a(fault.c.obj)
 .text.hard_fault
                0x000000000001145c       0x78 zephyr/arch/arch/arm/core/aarch32/cortex_m/libarch__arm__core__aarch32__cortex_m.a(fault.c.obj)
 .text.z_arm_fault
                0x00000000000114d4       0x88 zephyr/arch/arch/arm/core/aarch32/cortex_m/libarch__arm__core__aarch32__cortex_m.a(fault.c.obj)
                0x00000000000114d4                z_arm_fault
 .text.z_arm_fault_init
                0x000000000001155c       0x18 zephyr/arch/arch/arm/core/aarch32/cortex_m/libarch__arm__core__aarch32__cortex_m.a(fault.c.obj)
                0x000000000001155c                z_arm_fault_init
 .text.__fault  0x0000000000011574       0x14 zephyr/arch/arch/arm/core/aarch32/cortex_m/libarch__arm__core__aarch32__cortex_m.a(fault_s.S.obj)
                0x0000000000011574                z_arm_bus_fault
                0x0000000000011574                z_arm_usage_fault
                0x0000000000011574                z_arm_mpu_fault
                0x0000000000011574                z_arm_exc_spurious
                0x0000000000011574                z_arm_debug_monitor
                0x0000000000011574                z_arm_hard_fault
 .text.z_arm_interrupt_init
                0x0000000000011588       0x34 zephyr/arch/arch/arm/core/aarch32/cortex_m/libarch__arm__core__aarch32__cortex_m.a(irq_init.c.obj)
                0x0000000000011588                z_arm_interrupt_init
 .text._reset_section
                0x00000000000115bc       0x68 zephyr/arch/arch/arm/core/aarch32/cortex_m/libarch__arm__core__aarch32__cortex_m.a(reset.S.obj)
                0x00000000000115bc                z_arm_reset
                0x00000000000115bc                __start
 .text.__NVIC_SystemReset
                0x0000000000011624       0x24 zephyr/arch/arch/arm/core/aarch32/cortex_m/libarch__arm__core__aarch32__cortex_m.a(scb.c.obj)
 .text.z_arm_clear_arm_mpu_config
                0x0000000000011648       0x28 zephyr/arch/arch/arm/core/aarch32/cortex_m/libarch__arm__core__aarch32__cortex_m.a(scb.c.obj)
                0x0000000000011648                z_arm_clear_arm_mpu_config
 .text.z_arm_init_arch_hw_at_boot
                0x0000000000011670       0x54 zephyr/arch/arch/arm/core/aarch32/cortex_m/libarch__arm__core__aarch32__cortex_m.a(scb.c.obj)
                0x0000000000011670                z_arm_init_arch_hw_at_boot
 .text.z_impl_k_thread_abort
                0x00000000000116c4       0x34 zephyr/arch/arch/arm/core/aarch32/cortex_m/libarch__arm__core__aarch32__cortex_m.a(thread_abort.c.obj)
                0x00000000000116c4                z_impl_k_thread_abort
 .text.z_arm_configure_static_mpu_regions
                0x00000000000116f8       0x40 zephyr/arch/arch/arm/core/aarch32/mpu/libarch__arm__core__aarch32__mpu.a(arm_core_mpu.c.obj)
                0x00000000000116f8                z_arm_configure_static_mpu_regions
 .text.mpu_init
                0x0000000000011738       0x14 zephyr/arch/arch/arm/core/aarch32/mpu/libarch__arm__core__aarch32__mpu.a(arm_mpu.c.obj)
 .text.mpu_set_region
                0x000000000001174c       0x14 zephyr/arch/arch/arm/core/aarch32/mpu/libarch__arm__core__aarch32__mpu.a(arm_mpu.c.obj)
 .text.mpu_region_get_conf
                0x0000000000011760       0x40 zephyr/arch/arch/arm/core/aarch32/mpu/libarch__arm__core__aarch32__mpu.a(arm_mpu.c.obj)
 .text.mpu_configure_regions_and_partition
                0x00000000000117a0      0x188 zephyr/arch/arch/arm/core/aarch32/mpu/libarch__arm__core__aarch32__mpu.a(arm_mpu.c.obj)
 .text.mpu_configure_static_mpu_regions
                0x0000000000011928       0x14 zephyr/arch/arch/arm/core/aarch32/mpu/libarch__arm__core__aarch32__mpu.a(arm_mpu.c.obj)
 .text.mpu_mark_areas_for_dynamic_regions
                0x000000000001193c       0x60 zephyr/arch/arch/arm/core/aarch32/mpu/libarch__arm__core__aarch32__mpu.a(arm_mpu.c.obj)
 .text.arm_core_mpu_enable
                0x000000000001199c       0x18 zephyr/arch/arch/arm/core/aarch32/mpu/libarch__arm__core__aarch32__mpu.a(arm_mpu.c.obj)
                0x000000000001199c                arm_core_mpu_enable
 .text.arm_core_mpu_disable
                0x00000000000119b4       0x14 zephyr/arch/arch/arm/core/aarch32/mpu/libarch__arm__core__aarch32__mpu.a(arm_mpu.c.obj)
                0x00000000000119b4                arm_core_mpu_disable
 .text.z_arm_mpu_init
                0x00000000000119c8       0x44 zephyr/arch/arch/arm/core/aarch32/mpu/libarch__arm__core__aarch32__mpu.a(arm_mpu.c.obj)
                0x00000000000119c8                z_arm_mpu_init
 .text.__stdout_hook_install
                0x0000000000011a0c        0xc zephyr/lib/libc/newlib/liblib__libc__newlib.a(libc-hooks.c.obj)
                0x0000000000011a0c                __stdout_hook_install
 .text._sbrk    0x0000000000011a18       0x2c zephyr/lib/libc/newlib/liblib__libc__newlib.a(libc-hooks.c.obj)
                0x0000000000011a18                _sbrk
                0x0000000000011a18                sbrk
 .text.get_hf_flags
                0x0000000000011a44        0x8 zephyr/drivers/clock_control/libdrivers__clock_control.a(clock_control_nrf.c.obj)
 .text.get_subsys
                0x0000000000011a4c       0x18 zephyr/drivers/clock_control/libdrivers__clock_control.a(clock_control_nrf.c.obj)
 .text.onoff_stop
                0x0000000000011a64       0x20 zephyr/drivers/clock_control/libdrivers__clock_control.a(clock_control_nrf.c.obj)
 .text.onoff_start
                0x0000000000011a84       0x34 zephyr/drivers/clock_control/libdrivers__clock_control.a(clock_control_nrf.c.obj)
 .text.clock_event_handler
                0x0000000000011ab8       0x34 zephyr/drivers/clock_control/libdrivers__clock_control.a(clock_control_nrf.c.obj)
 .text.generic_hfclk_start
                0x0000000000011aec       0x74 zephyr/drivers/clock_control/libdrivers__clock_control.a(clock_control_nrf.c.obj)
 .text.generic_hfclk_stop
                0x0000000000011b60       0x38 zephyr/drivers/clock_control/libdrivers__clock_control.a(clock_control_nrf.c.obj)
 .text.lfclk_spinwait
                0x0000000000011b98       0xd0 zephyr/drivers/clock_control/libdrivers__clock_control.a(clock_control_nrf.c.obj)
 .text.api_blocking_start
                0x0000000000011c68       0x38 zephyr/drivers/clock_control/libdrivers__clock_control.a(clock_control_nrf.c.obj)
 .text.clk_init
                0x0000000000011ca0       0x60 zephyr/drivers/clock_control/libdrivers__clock_control.a(clock_control_nrf.c.obj)
 .text.z_nrf_clock_control_lf_on
                0x0000000000011d00       0x4c zephyr/drivers/clock_control/libdrivers__clock_control.a(clock_control_nrf.c.obj)
                0x0000000000011d00                z_nrf_clock_control_lf_on
 .text.console_out
                0x0000000000011d4c       0x28 zephyr/drivers/console/libdrivers__console.a(uart_console.c.obj)
 .text.uart_console_hook_install
                0x0000000000011d74       0x18 zephyr/drivers/console/libdrivers__console.a(uart_console.c.obj)
 .text.uart_console_init
                0x0000000000011d8c       0x1c zephyr/drivers/console/libdrivers__console.a(uart_console.c.obj)
 .text.get_dev  0x0000000000011da8       0x10 zephyr/drivers/gpio/libdrivers__gpio.a(gpio_nrfx.c.obj)
 .text.gpio_nrfx_pin_interrupt_configure
                0x0000000000011db8       0xbc zephyr/drivers/gpio/libdrivers__gpio.a(gpio_nrfx.c.obj)
 .text.gpio_nrfx_pin_configure
                0x0000000000011e74      0x10c zephyr/drivers/gpio/libdrivers__gpio.a(gpio_nrfx.c.obj)
 .text.gpio_nrfx_init
                0x0000000000011f80       0x3c zephyr/drivers/gpio/libdrivers__gpio.a(gpio_nrfx.c.obj)
 .text.pinctrl_configure_pins
                0x0000000000011fbc      0x210 zephyr/drivers/pinctrl/libdrivers__pinctrl.a(pinctrl_nrf.c.obj)
                0x0000000000011fbc                pinctrl_configure_pins
 .text.baudrate_set
                0x00000000000121cc      0x150 zephyr/drivers/serial/libdrivers__serial.a(uart_nrfx_uarte.c.obj)
 .text.uarte_nrfx_poll_out
                0x000000000001231c       0x5c zephyr/drivers/serial/libdrivers__serial.a(uart_nrfx_uarte.c.obj)
 .text.endtx_stoptx_ppi_init
                0x0000000000012378       0x40 zephyr/drivers/serial/libdrivers__serial.a(uart_nrfx_uarte.c.obj)
 .text.set_comparator
                0x00000000000123b8       0x14 zephyr/drivers/timer/libdrivers__timer.a(nrf_rtc_timer.c.obj)
 .text.event_enable
                0x00000000000123cc       0x14 zephyr/drivers/timer/libdrivers__timer.a(nrf_rtc_timer.c.obj)
 .text.event_disable
                0x00000000000123e0       0x14 zephyr/drivers/timer/libdrivers__timer.a(nrf_rtc_timer.c.obj)
 .text.counter  0x00000000000123f4        0xc zephyr/drivers/timer/libdrivers__timer.a(nrf_rtc_timer.c.obj)
 .text.set_alarm
                0x0000000000012400       0x6c zephyr/drivers/timer/libdrivers__timer.a(nrf_rtc_timer.c.obj)
 .text.int_event_disable_rtc
                0x000000000001246c       0x18 zephyr/drivers/timer/libdrivers__timer.a(nrf_rtc_timer.c.obj)
 .text.compare_int_lock
                0x0000000000012484       0x44 zephyr/drivers/timer/libdrivers__timer.a(nrf_rtc_timer.c.obj)
 .text.channel_processing_check_and_clear
                0x00000000000124c8       0x58 zephyr/drivers/timer/libdrivers__timer.a(nrf_rtc_timer.c.obj)
 .text.compare_int_unlock
                0x0000000000012520       0x50 zephyr/drivers/timer/libdrivers__timer.a(nrf_rtc_timer.c.obj)
 .text.sys_clock_timeout_handler
                0x0000000000012570       0x50 zephyr/drivers/timer/libdrivers__timer.a(nrf_rtc_timer.c.obj)
 .text.z_nrf_rtc_timer_read
                0x00000000000125c0       0x40 zephyr/drivers/timer/libdrivers__timer.a(nrf_rtc_timer.c.obj)
                0x00000000000125c0                z_nrf_rtc_timer_read
 .text.compare_set_nolocks
                0x0000000000012600       0x88 zephyr/drivers/timer/libdrivers__timer.a(nrf_rtc_timer.c.obj)
 .text.sys_clock_driver_init
                0x0000000000012688       0x98 zephyr/drivers/timer/libdrivers__timer.a(nrf_rtc_timer.c.obj)
 .text.process_channel
                0x0000000000012720       0x7c zephyr/drivers/timer/libdrivers__timer.a(nrf_rtc_timer.c.obj)
 .text.rtc_nrf_isr
                0x000000000001279c       0x44 zephyr/drivers/timer/libdrivers__timer.a(nrf_rtc_timer.c.obj)
                0x000000000001279c                rtc_nrf_isr
 .text.sys_clock_set_timeout
                0x00000000000127e0       0x78 zephyr/drivers/timer/libdrivers__timer.a(nrf_rtc_timer.c.obj)
                0x00000000000127e0                sys_clock_set_timeout
 .text.sys_clock_elapsed
                0x0000000000012858       0x14 zephyr/drivers/timer/libdrivers__timer.a(nrf_rtc_timer.c.obj)
                0x0000000000012858                sys_clock_elapsed
 .text.thread_monitor_entry_get
                0x000000000001286c       0x54 modules/nrf/lib/nrf_modem_lib/lib..__nrf__lib__nrf_modem_lib.a(nrf_modem_os.c.obj)
 .text.thread_monitor_entry_update
                0x00000000000128c0        0xc modules/nrf/lib/nrf_modem_lib/lib..__nrf__lib__nrf_modem_lib.a(nrf_modem_os.c.obj)
 .text.can_thread_sleep
                0x00000000000128cc       0x1c modules/nrf/lib/nrf_modem_lib/lib..__nrf__lib__nrf_modem_lib.a(nrf_modem_os.c.obj)
 .text.sleeping_thread_add
                0x00000000000128e8       0x48 modules/nrf/lib/nrf_modem_lib/lib..__nrf__lib__nrf_modem_lib.a(nrf_modem_os.c.obj)
 .text.sleeping_thread_remove
                0x0000000000012930       0x34 modules/nrf/lib/nrf_modem_lib/lib..__nrf__lib__nrf_modem_lib.a(nrf_modem_os.c.obj)
 .text.on_init  0x0000000000012964       0x20 modules/nrf/lib/nrf_modem_lib/lib..__nrf__lib__nrf_modem_lib.a(nrf_modem_os.c.obj)
 .text.nrf_modem_os_sem_init
                0x0000000000012984       0x38 modules/nrf/lib/nrf_modem_lib/lib..__nrf__lib__nrf_modem_lib.a(nrf_modem_os.c.obj)
                0x0000000000012984                nrf_modem_os_sem_init
 .text.nrf_modem_os_event_notify
                0x00000000000129bc       0x44 modules/nrf/lib/nrf_modem_lib/lib..__nrf__lib__nrf_modem_lib.a(nrf_modem_os.c.obj)
                0x00000000000129bc                nrf_modem_os_event_notify
 .text.nrf_modem_os_alloc
                0x0000000000012a00       0x14 modules/nrf/lib/nrf_modem_lib/lib..__nrf__lib__nrf_modem_lib.a(nrf_modem_os.c.obj)
                0x0000000000012a00                nrf_modem_os_alloc
 .text.nrf_modem_os_free
                0x0000000000012a14       0x10 modules/nrf/lib/nrf_modem_lib/lib..__nrf__lib__nrf_modem_lib.a(nrf_modem_os.c.obj)
                0x0000000000012a14                nrf_modem_os_free
 .text.nrf_modem_os_shm_tx_alloc
                0x0000000000012a24       0x14 modules/nrf/lib/nrf_modem_lib/lib..__nrf__lib__nrf_modem_lib.a(nrf_modem_os.c.obj)
                0x0000000000012a24                nrf_modem_os_shm_tx_alloc
 .text.nrf_modem_os_shm_tx_free
                0x0000000000012a38       0x10 modules/nrf/lib/nrf_modem_lib/lib..__nrf__lib__nrf_modem_lib.a(nrf_modem_os.c.obj)
                0x0000000000012a38                nrf_modem_os_shm_tx_free
 .text.on_modem_lib_init
                0x0000000000012a48       0x28 modules/nrf/lib/modem_antenna/lib..__nrf__lib__modem_antenna.a(modem_antenna.c.obj)
 .text.tfm_ns_interface_dispatch
                0x0000000000012a70       0x5c modules/trusted-firmware-m/libtfm_api.a(interface.c.obj)
                0x0000000000012a70                tfm_ns_interface_dispatch
 .text.psa_generate_random
                0x0000000000012acc       0x40 modules/trusted-firmware-m/libtfm_api.a(tfm_crypto_api.c.obj)
                0x0000000000012acc                psa_generate_random
 .text.psa_call
                0x0000000000012b0c       0x50 modules/trusted-firmware-m/libtfm_api.a(tfm_psa_ns_api.c.obj)
                0x0000000000012b0c                psa_call
 .text.nrfx_flag32_alloc
                0x0000000000012b5c       0x48 modules/hal_nordic/nrfx/libmodules__hal_nordic__nrfx.a(nrfx_flag32_allocator.c.obj)
                0x0000000000012b5c                nrfx_flag32_alloc
 .text.nrfx_flag32_free
                0x0000000000012ba4       0x3c modules/hal_nordic/nrfx/libmodules__hal_nordic__nrfx.a(nrfx_flag32_allocator.c.obj)
                0x0000000000012ba4                nrfx_flag32_free
 .text.clock_stop
                0x0000000000012be0       0x80 modules/hal_nordic/nrfx/libmodules__hal_nordic__nrfx.a(nrfx_clock.c.obj)
 .text.nrfx_clock_init
                0x0000000000012c60       0x24 modules/hal_nordic/nrfx/libmodules__hal_nordic__nrfx.a(nrfx_clock.c.obj)
                0x0000000000012c60                nrfx_clock_init
 .text.nrfx_clock_enable
                0x0000000000012c84       0x18 modules/hal_nordic/nrfx/libmodules__hal_nordic__nrfx.a(nrfx_clock.c.obj)
                0x0000000000012c84                nrfx_clock_enable
 .text.nrfx_clock_start
                0x0000000000012c9c       0xa4 modules/hal_nordic/nrfx/libmodules__hal_nordic__nrfx.a(nrfx_clock.c.obj)
                0x0000000000012c9c                nrfx_clock_start
 .text.nrfx_power_clock_irq_handler
                0x0000000000012d40       0x70 modules/hal_nordic/nrfx/libmodules__hal_nordic__nrfx.a(nrfx_clock.c.obj)
                0x0000000000012d40                nrfx_power_clock_irq_handler
 .text.nrfx_dppi_channel_alloc
                0x0000000000012db0       0x10 modules/hal_nordic/nrfx/libmodules__hal_nordic__nrfx.a(nrfx_dppi.c.obj)
                0x0000000000012db0                nrfx_dppi_channel_alloc
 .text.nrf_gpio_reconfigure
                0x0000000000012dc0       0xb0 modules/hal_nordic/nrfx/libmodules__hal_nordic__nrfx.a(nrfx_gpiote.c.obj)
 .text.pin_in_use
                0x0000000000012e70       0x14 modules/hal_nordic/nrfx/libmodules__hal_nordic__nrfx.a(nrfx_gpiote.c.obj)
 .text.pin_in_use_by_te
                0x0000000000012e84       0x14 modules/hal_nordic/nrfx/libmodules__hal_nordic__nrfx.a(nrfx_gpiote.c.obj)
 .text.pin_has_trigger
                0x0000000000012e98       0x18 modules/hal_nordic/nrfx/libmodules__hal_nordic__nrfx.a(nrfx_gpiote.c.obj)
 .text.pin_is_output
                0x0000000000012eb0       0x14 modules/hal_nordic/nrfx/libmodules__hal_nordic__nrfx.a(nrfx_gpiote.c.obj)
 .text.pin_te_get
                0x0000000000012ec4       0x10 modules/hal_nordic/nrfx/libmodules__hal_nordic__nrfx.a(nrfx_gpiote.c.obj)
 .text.handler_in_use
                0x0000000000012ed4       0x34 modules/hal_nordic/nrfx/libmodules__hal_nordic__nrfx.a(nrfx_gpiote.c.obj)
 .text.find_handler
                0x0000000000012f08       0x2c modules/hal_nordic/nrfx/libmodules__hal_nordic__nrfx.a(nrfx_gpiote.c.obj)
 .text.get_initial_sense
                0x0000000000012f34       0x40 modules/hal_nordic/nrfx/libmodules__hal_nordic__nrfx.a(nrfx_gpiote.c.obj)
 .text.channel_handler_get
                0x0000000000012f74       0x20 modules/hal_nordic/nrfx/libmodules__hal_nordic__nrfx.a(nrfx_gpiote.c.obj)
 .text.call_handler
                0x0000000000012f94       0x2c modules/hal_nordic/nrfx/libmodules__hal_nordic__nrfx.a(nrfx_gpiote.c.obj)
 .text.next_sense_cond_call_handler
                0x0000000000012fc0       0x98 modules/hal_nordic/nrfx/libmodules__hal_nordic__nrfx.a(nrfx_gpiote.c.obj)
 .text.latch_pending_read_and_check
                0x0000000000013058       0x30 modules/hal_nordic/nrfx/libmodules__hal_nordic__nrfx.a(nrfx_gpiote.c.obj)
 .text.release_handler
                0x0000000000013088       0x44 modules/hal_nordic/nrfx/libmodules__hal_nordic__nrfx.a(nrfx_gpiote.c.obj)
 .text.pin_handler_trigger_uninit
                0x00000000000130cc       0x3c modules/hal_nordic/nrfx/libmodules__hal_nordic__nrfx.a(nrfx_gpiote.c.obj)
 .text.pin_handler_set
                0x0000000000013108       0x6c modules/hal_nordic/nrfx/libmodules__hal_nordic__nrfx.a(nrfx_gpiote.c.obj)
 .text.port_event_handle
                0x0000000000013174       0xa4 modules/hal_nordic/nrfx/libmodules__hal_nordic__nrfx.a(nrfx_gpiote.c.obj)
 .text.gpiote_evt_handle
                0x0000000000013218       0x44 modules/hal_nordic/nrfx/libmodules__hal_nordic__nrfx.a(nrfx_gpiote.c.obj)
 .text.nrfx_gpiote_input_configure
                0x000000000001325c      0x12c modules/hal_nordic/nrfx/libmodules__hal_nordic__nrfx.a(nrfx_gpiote.c.obj)
                0x000000000001325c                nrfx_gpiote_input_configure
 .text.nrfx_gpiote_output_configure
                0x0000000000013388       0xe0 modules/hal_nordic/nrfx/libmodules__hal_nordic__nrfx.a(nrfx_gpiote.c.obj)
                0x0000000000013388                nrfx_gpiote_output_configure
 .text.nrfx_gpiote_global_callback_set
                0x0000000000013468        0xc modules/hal_nordic/nrfx/libmodules__hal_nordic__nrfx.a(nrfx_gpiote.c.obj)
                0x0000000000013468                nrfx_gpiote_global_callback_set
 .text.nrfx_gpiote_channel_get
                0x0000000000013474       0x30 modules/hal_nordic/nrfx/libmodules__hal_nordic__nrfx.a(nrfx_gpiote.c.obj)
                0x0000000000013474                nrfx_gpiote_channel_get
 .text.nrfx_gpiote_init
                0x00000000000134a4       0x54 modules/hal_nordic/nrfx/libmodules__hal_nordic__nrfx.a(nrfx_gpiote.c.obj)
                0x00000000000134a4                nrfx_gpiote_init
 .text.nrfx_gpiote_is_init
                0x00000000000134f8       0x14 modules/hal_nordic/nrfx/libmodules__hal_nordic__nrfx.a(nrfx_gpiote.c.obj)
                0x00000000000134f8                nrfx_gpiote_is_init
 .text.nrfx_gpiote_channel_free
                0x000000000001350c       0x10 modules/hal_nordic/nrfx/libmodules__hal_nordic__nrfx.a(nrfx_gpiote.c.obj)
                0x000000000001350c                nrfx_gpiote_channel_free
 .text.nrfx_gpiote_channel_alloc
                0x000000000001351c       0x10 modules/hal_nordic/nrfx/libmodules__hal_nordic__nrfx.a(nrfx_gpiote.c.obj)
                0x000000000001351c                nrfx_gpiote_channel_alloc
 .text.nrfx_gpiote_trigger_enable
                0x000000000001352c       0x78 modules/hal_nordic/nrfx/libmodules__hal_nordic__nrfx.a(nrfx_gpiote.c.obj)
                0x000000000001352c                nrfx_gpiote_trigger_enable
 .text.nrfx_gpiote_trigger_disable
                0x00000000000135a4       0x54 modules/hal_nordic/nrfx/libmodules__hal_nordic__nrfx.a(nrfx_gpiote.c.obj)
                0x00000000000135a4                nrfx_gpiote_trigger_disable
 .text.nrfx_gpiote_pin_uninit
                0x00000000000135f8       0x38 modules/hal_nordic/nrfx/libmodules__hal_nordic__nrfx.a(nrfx_gpiote.c.obj)
                0x00000000000135f8                nrfx_gpiote_pin_uninit
 .text.nrfx_gpiote_irq_handler
                0x0000000000013630       0x60 modules/hal_nordic/nrfx/libmodules__hal_nordic__nrfx.a(nrfx_gpiote.c.obj)
                0x0000000000013630                nrfx_gpiote_irq_handler
 .text.nrfx_ipc_init
                0x0000000000013690       0x30 modules/hal_nordic/nrfx/libmodules__hal_nordic__nrfx.a(nrfx_ipc.c.obj)
                0x0000000000013690                nrfx_ipc_init
 .text.nrfx_ipc_config_load
                0x00000000000136c0       0x4c modules/hal_nordic/nrfx/libmodules__hal_nordic__nrfx.a(nrfx_ipc.c.obj)
                0x00000000000136c0                nrfx_ipc_config_load
 .text.nrfx_ipc_uninit
                0x000000000001370c       0x4c modules/hal_nordic/nrfx/libmodules__hal_nordic__nrfx.a(nrfx_ipc.c.obj)
                0x000000000001370c                nrfx_ipc_uninit
 .text.nrfx_ipc_receive_event_enable
                0x0000000000013758       0x10 modules/hal_nordic/nrfx/libmodules__hal_nordic__nrfx.a(nrfx_ipc.c.obj)
                0x0000000000013758                nrfx_ipc_receive_event_enable
 .text.nrfx_ipc_receive_event_disable
                0x0000000000013768       0x10 modules/hal_nordic/nrfx/libmodules__hal_nordic__nrfx.a(nrfx_ipc.c.obj)
                0x0000000000013768                nrfx_ipc_receive_event_disable
 .text.nrfx_ipc_irq_handler
                0x0000000000013778       0x44 modules/hal_nordic/nrfx/libmodules__hal_nordic__nrfx.a(nrfx_ipc.c.obj)
                0x0000000000013778                nrfx_ipc_irq_handler
 .text.rpc_handle_data_message
                0x00000000000137bc       0x38 /home/ryantech/ncs/v2.4.1/nrfxlib/nrf_modem/lib/cortex-m33/soft-float/libmodem.a(rpc_framework.c.obj)
                0x00000000000137bc                rpc_handle_data_message
 .text.rpc_transport_msg_alloc
                0x00000000000137f4        0xc /home/ryantech/ncs/v2.4.1/nrfxlib/nrf_modem/lib/cortex-m33/soft-float/libmodem.a(rpc_transport.c.obj)
                0x00000000000137f4                rpc_transport_msg_alloc
 .text.rpc_transport_msg_rx_free
                0x0000000000013800        0xc /home/ryantech/ncs/v2.4.1/nrfxlib/nrf_modem/lib/cortex-m33/soft-float/libmodem.a(rpc_transport.c.obj)
                0x0000000000013800                rpc_transport_msg_rx_free
 .text.rpc_transport_msg_data_rx_free
                0x000000000001380c        0xc /home/ryantech/ncs/v2.4.1/nrfxlib/nrf_modem/lib/cortex-m33/soft-float/libmodem.a(rpc_transport.c.obj)
                0x000000000001380c                rpc_transport_msg_data_rx_free
 .text.rpc_transport_msg_send
                0x0000000000013818        0xc /home/ryantech/ncs/v2.4.1/nrfxlib/nrf_modem/lib/cortex-m33/soft-float/libmodem.a(rpc_transport.c.obj)
                0x0000000000013818                rpc_transport_msg_send
 .text.rpc_transport_ipc_msg_data_tx_size
                0x0000000000013824        0xc /home/ryantech/ncs/v2.4.1/nrfxlib/nrf_modem/lib/cortex-m33/soft-float/libmodem.a(rpc_transport_ipc.c.obj)
 .text.rpc_transport_ipc_msg_rx_free
                0x0000000000013830       0x4c /home/ryantech/ncs/v2.4.1/nrfxlib/nrf_modem/lib/cortex-m33/soft-float/libmodem.a(rpc_transport_ipc.c.obj)
 .text.rpc_transport_ipc_msg_tx_free
                0x000000000001387c       0x38 /home/ryantech/ncs/v2.4.1/nrfxlib/nrf_modem/lib/cortex-m33/soft-float/libmodem.a(rpc_transport_ipc.c.obj)
 .text.handle_modem_rpc_msg
                0x00000000000138b4       0x78 /home/ryantech/ncs/v2.4.1/nrfxlib/nrf_modem/lib/cortex-m33/soft-float/libmodem.a(rpc_transport_ipc.c.obj)
 .text.rpc_message_handler
                0x000000000001392c       0x24 /home/ryantech/ncs/v2.4.1/nrfxlib/nrf_modem/lib/cortex-m33/soft-float/libmodem.a(rpc_transport_ipc.c.obj)
 .text.ipc_irq_handler
                0x0000000000013950       0xfc /home/ryantech/ncs/v2.4.1/nrfxlib/nrf_modem/lib/cortex-m33/soft-float/libmodem.a(rpc_transport_ipc.c.obj)
                0x0000000000013950                ipc_irq_handler
 .text.rpc_transport_ipc_data_msg_send
                0x0000000000013a4c       0x6c /home/ryantech/ncs/v2.4.1/nrfxlib/nrf_modem/lib/cortex-m33/soft-float/libmodem.a(rpc_transport_ipc.c.obj)
 .text.rpc_transport_ipc_ctrl_msg_alloc
                0x0000000000013ab8       0x44 /home/ryantech/ncs/v2.4.1/nrfxlib/nrf_modem/lib/cortex-m33/soft-float/libmodem.a(rpc_transport_ipc.c.obj)
 .text.rpc_transport_ipc_data_msg_alloc
                0x0000000000013afc       0x24 /home/ryantech/ncs/v2.4.1/nrfxlib/nrf_modem/lib/cortex-m33/soft-float/libmodem.a(rpc_transport_ipc.c.obj)
 .text.rpc_transport_ipc_init
                0x0000000000013b20      0x1cc /home/ryantech/ncs/v2.4.1/nrfxlib/nrf_modem/lib/cortex-m33/soft-float/libmodem.a(rpc_transport_ipc.c.obj)
 .text.rpc_transport_ipc_ctrl_msg_send
                0x0000000000013cec       0x6c /home/ryantech/ncs/v2.4.1/nrfxlib/nrf_modem/lib/cortex-m33/soft-float/libmodem.a(rpc_transport_ipc.c.obj)
 .text.rpc_transport_ipc_request_shutdown
                0x0000000000013d58       0x38 /home/ryantech/ncs/v2.4.1/nrfxlib/nrf_modem/lib/cortex-m33/soft-float/libmodem.a(rpc_transport_ipc.c.obj)
 .text.rpc_transport_ipc_msg_data_rx_free
                0x0000000000013d90       0x30 /home/ryantech/ncs/v2.4.1/nrfxlib/nrf_modem/lib/cortex-m33/soft-float/libmodem.a(rpc_transport_ipc.c.obj)
 .text.at_cmd_send
                0x0000000000013dc0       0x74 /home/ryantech/ncs/v2.4.1/nrfxlib/nrf_modem/lib/cortex-m33/soft-float/libmodem.a(nrf_modem_at.c.obj)
 .text.at_response_match
                0x0000000000013e34       0x48 /home/ryantech/ncs/v2.4.1/nrfxlib/nrf_modem/lib/cortex-m33/soft-float/libmodem.a(nrf_modem_at.c.obj)
 .text.at_vsprintf
                0x0000000000013e7c       0x50 /home/ryantech/ncs/v2.4.1/nrfxlib/nrf_modem/lib/cortex-m33/soft-float/libmodem.a(nrf_modem_at.c.obj)
 .text.nrf_modem_at_printf
                0x0000000000013ecc       0x98 /home/ryantech/ncs/v2.4.1/nrfxlib/nrf_modem/lib/cortex-m33/soft-float/libmodem.a(nrf_modem_at.c.obj)
                0x0000000000013ecc                nrf_modem_at_printf
 .text.rpc_at_event_handler
                0x0000000000013f64       0x7c /home/ryantech/ncs/v2.4.1/nrfxlib/nrf_modem/lib/cortex-m33/soft-float/libmodem.a(nrf_modem_at.c.obj)
                0x0000000000013f64                rpc_at_event_handler
 .text.sock_find
                0x0000000000013fe0       0x24 /home/ryantech/ncs/v2.4.1/nrfxlib/nrf_modem/lib/cortex-m33/soft-float/libmodem.a(sock.c.obj)
                0x0000000000013fe0                sock_find
 .text.sock_flow_control_set
                0x0000000000014004       0x54 /home/ryantech/ncs/v2.4.1/nrfxlib/nrf_modem/lib/cortex-m33/soft-float/libmodem.a(sock.c.obj)
                0x0000000000014004                sock_flow_control_set
 .text.on_getaddrinfo_res
                0x0000000000014058       0x18 /home/ryantech/ncs/v2.4.1/nrfxlib/nrf_modem/lib/cortex-m33/soft-float/libmodem.a(dns.c.obj)
                0x0000000000014058                on_getaddrinfo_res
 .text.rpc_ip_event_handler
                0x0000000000014070      0x240 /home/ryantech/ncs/v2.4.1/nrfxlib/nrf_modem/lib/cortex-m33/soft-float/libmodem.a(ip.c.obj)
                0x0000000000014070                rpc_ip_event_handler
 .text.on_tls_attach_res
                0x00000000000142b0       0x28 /home/ryantech/ncs/v2.4.1/nrfxlib/nrf_modem/lib/cortex-m33/soft-float/libmodem.a(tls.c.obj)
                0x00000000000142b0                on_tls_attach_res
 .text.on_tls_handshake_ntf
                0x00000000000142d8       0x34 /home/ryantech/ncs/v2.4.1/nrfxlib/nrf_modem/lib/cortex-m33/soft-float/libmodem.a(tls.c.obj)
                0x00000000000142d8                on_tls_handshake_ntf
 .text.tls_attach
                0x000000000001430c       0xf0 /home/ryantech/ncs/v2.4.1/nrfxlib/nrf_modem/lib/cortex-m33/soft-float/libmodem.a(tls.c.obj)
                0x000000000001430c                tls_attach
 .text.rpc_error_to_nrf_errno
                0x00000000000143fc       0x18 /home/ryantech/ncs/v2.4.1/nrfxlib/nrf_modem/lib/cortex-m33/soft-float/libmodem.a(tables.c.obj)
                0x00000000000143fc                rpc_error_to_nrf_errno
 .text.rpc_gnss_event_handler
                0x0000000000014414      0x134 /home/ryantech/ncs/v2.4.1/nrfxlib/nrf_modem/lib/cortex-m33/soft-float/libmodem.a(nrf_modem_gnss.c.obj)
                0x0000000000014414                rpc_gnss_event_handler
 .text.nrf_modem_fault_handler_internal
                0x0000000000014548       0x18 /home/ryantech/ncs/v2.4.1/nrfxlib/nrf_modem/lib/cortex-m33/soft-float/libmodem.a(nrf_modem_fault.c.obj)
                0x0000000000014548                nrf_modem_fault_handler_internal
 .text.nrf_modem_state_set
                0x0000000000014560        0xc /home/ryantech/ncs/v2.4.1/nrfxlib/nrf_modem/lib/cortex-m33/soft-float/libmodem.a(nrf_modem_state.c.obj)
                0x0000000000014560                nrf_modem_state_set
 .text.nrf_modem_state_is_initialized
                0x000000000001456c       0x10 /home/ryantech/ncs/v2.4.1/nrfxlib/nrf_modem/lib/cortex-m33/soft-float/libmodem.a(nrf_modem_state.c.obj)
                0x000000000001456c                nrf_modem_state_is_initialized
 .text.ipc_trace_init
                0x000000000001457c       0x38 /home/ryantech/ncs/v2.4.1/nrfxlib/nrf_modem/lib/cortex-m33/soft-float/libmodem.a(ipc_trace.c.obj)
                0x000000000001457c                ipc_trace_init
 .text.ipc_trace_handler
                0x00000000000145b4       0xc8 /home/ryantech/ncs/v2.4.1/nrfxlib/nrf_modem/lib/cortex-m33/soft-float/libmodem.a(ipc_trace.c.obj)
                0x00000000000145b4                ipc_trace_handler
 .text.z_device_state_init
                0x000000000001467c       0x18 zephyr/kernel/libkernel.a(device.c.obj)
                0x000000000001467c                z_device_state_init
 .text.z_impl_z_errno
                0x0000000000014694        0xc zephyr/kernel/libkernel.a(errno.c.obj)
                0x0000000000014694                z_impl_z_errno
 .text.z_sys_init_run_level
                0x00000000000146a0       0x54 zephyr/kernel/libkernel.a(init.c.obj)
 .text.init_idle_thread
                0x00000000000146f4       0x5c zephyr/kernel/libkernel.a(init.c.obj)
 .text.bg_thread_main
                0x0000000000014750       0x34 zephyr/kernel/libkernel.a(init.c.obj)
 .text.switch_to_main_thread
                0x0000000000014784       0x14 zephyr/kernel/libkernel.a(init.c.obj)
 .text.z_bss_zero
                0x0000000000014798       0x18 zephyr/kernel/libkernel.a(init.c.obj)
                0x0000000000014798                z_bss_zero
 .text.z_init_cpu
                0x00000000000147b0       0x40 zephyr/kernel/libkernel.a(init.c.obj)
                0x00000000000147b0                z_init_cpu
 .text.prepare_multithreading
                0x00000000000147f0       0x60 zephyr/kernel/libkernel.a(init.c.obj)
 .text.z_cstart
                0x0000000000014850       0x90 zephyr/kernel/libkernel.a(init.c.obj)
                0x0000000000014850                z_cstart
 .text.statics_init
                0x00000000000148e0       0x24 zephyr/kernel/libkernel.a(kheap.c.obj)
 .text.z_thread_monitor_exit
                0x0000000000014904       0x40 zephyr/kernel/libkernel.a(thread.c.obj)
                0x0000000000014904                z_thread_monitor_exit
 .text.schedule_new_thread
                0x0000000000014944       0x1c zephyr/kernel/libkernel.a(thread.c.obj)
 .text.z_setup_new_thread
                0x0000000000014960       0xc8 zephyr/kernel/libkernel.a(thread.c.obj)
                0x0000000000014960                z_setup_new_thread
 .text.z_init_static_threads
                0x0000000000014a28       0x94 zephyr/kernel/libkernel.a(thread.c.obj)
                0x0000000000014a28                z_init_static_threads
 .text.idle     0x0000000000014abc       0x3c zephyr/kernel/libkernel.a(idle.c.obj)
                0x0000000000014abc                idle
 .text.z_impl_k_mutex_lock
                0x0000000000014af8      0x108 zephyr/kernel/libkernel.a(mutex.c.obj)
                0x0000000000014af8                z_impl_k_mutex_lock
 .text.z_impl_k_mutex_unlock
                0x0000000000014c00       0x7c zephyr/kernel/libkernel.a(mutex.c.obj)
                0x0000000000014c00                z_impl_k_mutex_unlock
 .text.z_impl_k_sem_give
                0x0000000000014c7c       0x48 zephyr/kernel/libkernel.a(sem.c.obj)
                0x0000000000014c7c                z_impl_k_sem_give
 .text.z_impl_k_sem_take
                0x0000000000014cc4       0x50 zephyr/kernel/libkernel.a(sem.c.obj)
                0x0000000000014cc4                z_impl_k_sem_take
 .text.sliceable
                0x0000000000014d14       0x4c zephyr/kernel/libkernel.a(sched.c.obj)
 .text.slice_timeout
                0x0000000000014d60       0x20 zephyr/kernel/libkernel.a(sched.c.obj)
 .text.add_thread_timeout
                0x0000000000014d80       0x20 zephyr/kernel/libkernel.a(sched.c.obj)
 .text.z_reset_time_slice
                0x0000000000014da0       0x50 zephyr/kernel/libkernel.a(sched.c.obj)
                0x0000000000014da0                z_reset_time_slice
 .text.z_reschedule
                0x0000000000014df0       0x2c zephyr/kernel/libkernel.a(sched.c.obj)
                0x0000000000014df0                z_reschedule
 .text.k_sched_lock
                0x0000000000014e1c       0x34 zephyr/kernel/libkernel.a(sched.c.obj)
                0x0000000000014e1c                k_sched_lock
 .text.update_cache
                0x0000000000014e50       0x50 zephyr/kernel/libkernel.a(sched.c.obj)
 .text.move_thread_to_end_of_prio_q
                0x0000000000014ea0       0x8c zephyr/kernel/libkernel.a(sched.c.obj)
 .text.z_time_slice
                0x0000000000014f2c       0x74 zephyr/kernel/libkernel.a(sched.c.obj)
                0x0000000000014f2c                z_time_slice
 .text.ready_thread
                0x0000000000014fa0       0x78 zephyr/kernel/libkernel.a(sched.c.obj)
 .text.z_sched_start
                0x0000000000015018       0x3c zephyr/kernel/libkernel.a(sched.c.obj)
                0x0000000000015018                z_sched_start
 .text.unready_thread
                0x0000000000015054       0x38 zephyr/kernel/libkernel.a(sched.c.obj)
 .text.z_pend_curr
                0x000000000001508c       0x38 zephyr/kernel/libkernel.a(sched.c.obj)
                0x000000000001508c                z_pend_curr
 .text.z_set_prio
                0x00000000000150c4       0xbc zephyr/kernel/libkernel.a(sched.c.obj)
                0x00000000000150c4                z_set_prio
 .text.z_impl_k_thread_suspend
                0x0000000000015180       0x74 zephyr/kernel/libkernel.a(sched.c.obj)
                0x0000000000015180                z_impl_k_thread_suspend
 .text.k_sched_unlock
                0x00000000000151f4       0x40 zephyr/kernel/libkernel.a(sched.c.obj)
                0x00000000000151f4                k_sched_unlock
 .text.end_thread
                0x0000000000015234       0x64 zephyr/kernel/libkernel.a(sched.c.obj)
 .text.z_sched_init
                0x0000000000015298       0x10 zephyr/kernel/libkernel.a(sched.c.obj)
                0x0000000000015298                z_sched_init
 .text.z_impl_k_yield
                0x00000000000152a8       0x8c zephyr/kernel/libkernel.a(sched.c.obj)
                0x00000000000152a8                z_impl_k_yield
 .text.z_tick_sleep
                0x0000000000015334       0x98 zephyr/kernel/libkernel.a(sched.c.obj)
 .text.z_impl_k_sleep
                0x00000000000153cc       0x54 zephyr/kernel/libkernel.a(sched.c.obj)
                0x00000000000153cc                z_impl_k_sleep
 .text.z_impl_z_current_get
                0x0000000000015420        0xc zephyr/kernel/libkernel.a(sched.c.obj)
                0x0000000000015420                z_impl_z_current_get
 .text.z_thread_abort
                0x000000000001542c       0x70 zephyr/kernel/libkernel.a(sched.c.obj)
                0x000000000001542c                z_thread_abort
 .text.z_data_copy
                0x000000000001549c       0x34 zephyr/kernel/libkernel.a(xip.c.obj)
                0x000000000001549c                z_data_copy
 .text.first    0x00000000000154d0       0x14 zephyr/kernel/libkernel.a(timeout.c.obj)
 .text.next     0x00000000000154e4       0x18 zephyr/kernel/libkernel.a(timeout.c.obj)
 .text.elapsed  0x00000000000154fc       0x18 zephyr/kernel/libkernel.a(timeout.c.obj)
 .text.z_add_timeout
                0x0000000000015514      0x100 zephyr/kernel/libkernel.a(timeout.c.obj)
                0x0000000000015514                z_add_timeout
 .text.sys_clock_announce
                0x0000000000015614       0xc8 zephyr/kernel/libkernel.a(timeout.c.obj)
                0x0000000000015614                sys_clock_announce
 .text.sys_clock_tick_get
                0x00000000000156dc       0x40 zephyr/kernel/libkernel.a(timeout.c.obj)
                0x00000000000156dc                sys_clock_tick_get
 .text.k_thread_system_pool_assign
                0x000000000001571c        0xc zephyr/kernel/libkernel.a(mempool.c.obj)
                0x000000000001571c                k_thread_system_pool_assign
 .text.boot_banner
                0x0000000000015728       0x10 zephyr/kernel/libkernel.a(banner.c.obj)
                0x0000000000015728                boot_banner
 .text._free_r  0x0000000000015738       0x94 /home/ryantech/ncs/toolchains/1f9b40e71a/opt/zephyr-sdk/arm-zephyr-eabi/arm-zephyr-eabi/lib/thumb/v8-m.main/nofp/libc_nano.a(lib_a-nano-freer.o)
                0x0000000000015738                _free_r
 .text._malloc_r
                0x00000000000157cc       0xb4 /home/ryantech/ncs/toolchains/1f9b40e71a/opt/zephyr-sdk/arm-zephyr-eabi/arm-zephyr-eabi/lib/thumb/v8-m.main/nofp/libc_nano.a(lib_a-nano-mallocr.o)
                0x00000000000157cc                _malloc_r
 .text._sbrk_r  0x0000000000015880       0x20 /home/ryantech/ncs/toolchains/1f9b40e71a/opt/zephyr-sdk/arm-zephyr-eabi/arm-zephyr-eabi/lib/thumb/v8-m.main/nofp/libc_nano.a(lib_a-sbrkr.o)
                0x0000000000015880                _sbrk_r
 .text._strtol_l.constprop.0
                0x00000000000158a0       0xfc /home/ryantech/ncs/toolchains/1f9b40e71a/opt/zephyr-sdk/arm-zephyr-eabi/arm-zephyr-eabi/lib/thumb/v8-m.main/nofp/libc_nano.a(lib_a-strtol.o)
 .text.strtol   0x000000000001599c       0x14 /home/ryantech/ncs/toolchains/1f9b40e71a/opt/zephyr-sdk/arm-zephyr-eabi/arm-zephyr-eabi/lib/thumb/v8-m.main/nofp/libc_nano.a(lib_a-strtol.o)
                0x000000000001599c                strtol
 .text.vsnprintf
                0x00000000000159b0       0x1c /home/ryantech/ncs/toolchains/1f9b40e71a/opt/zephyr-sdk/arm-zephyr-eabi/arm-zephyr-eabi/lib/thumb/v8-m.main/nofp/libc_nano.a(lib_a-vsnprintf.o)
                0x00000000000159b0                vsnprintf
                0x00000000000159b0                vsniprintf
 .text.__malloc_lock
                0x00000000000159cc        0xc /home/ryantech/ncs/toolchains/1f9b40e71a/opt/zephyr-sdk/arm-zephyr-eabi/arm-zephyr-eabi/lib/thumb/v8-m.main/nofp/libc_nano.a(lib_a-mlock.o)
                0x00000000000159cc                __malloc_lock
 .text.__malloc_unlock
                0x00000000000159d8        0xc /home/ryantech/ncs/toolchains/1f9b40e71a/opt/zephyr-sdk/arm-zephyr-eabi/arm-zephyr-eabi/lib/thumb/v8-m.main/nofp/libc_nano.a(lib_a-mlock.o)
                0x00000000000159d8                __malloc_unlock
 .text._svfprintf_r
                0x00000000000159e4      0x1f8 /home/ryantech/ncs/toolchains/1f9b40e71a/opt/zephyr-sdk/arm-zephyr-eabi/arm-zephyr-eabi/lib/thumb/v8-m.main/nofp/libc_nano.a(lib_a-nano-svfprintf.o)
                0x00000000000159e4                _svfprintf_r
                0x00000000000159e4                _svfiprintf_r
 .text._printf_i
                0x0000000000015bdc      0x25c /home/ryantech/ncs/toolchains/1f9b40e71a/opt/zephyr-sdk/arm-zephyr-eabi/arm-zephyr-eabi/lib/thumb/v8-m.main/nofp/libc_nano.a(lib_a-nano-vfprintf_i.o)
                0x0000000000015bdc                _printf_i
 .text.z_impl_gpio_pin_configure
                0x0000000000015e38       0x50 app/libapp.a(main.c.obj)
 .text.gpio_pin_configure_dt
                0x0000000000015e88       0x16 app/libapp.a(main.c.obj)
 .text.gpio_port_get
                0x0000000000015e9e       0x18 app/libapp.a(main.c.obj)
 .text.gpio_pin_get
                0x0000000000015eb6       0x20 app/libapp.a(main.c.obj)
 .text.gpio_pin_set_raw
                0x0000000000015ed6       0x20 app/libapp.a(main.c.obj)
 .text.gpio_pin_set
                0x0000000000015ef6       0x1a app/libapp.a(main.c.obj)
 .text.k_msleep
                0x0000000000015f10       0x2c app/libapp.a(main.c.obj)
 .text.arch_printk_char_out
                0x0000000000015f3c        0x4 zephyr/libzephyr.a(printk.c.obj)
                0x0000000000015f3c                arch_printk_char_out
 .text.printk   0x0000000000015f40       0x1c zephyr/libzephyr.a(printk.c.obj)
                0x0000000000015f40                printk
 .text.z_thread_entry
                0x0000000000015f5c       0x14 zephyr/libzephyr.a(thread_entry.c.obj)
                0x0000000000015f5c                z_thread_entry
 .text.chunk_mem
                0x0000000000015f70        0x8 zephyr/libzephyr.a(heap.c.obj)
 .text.free_list_remove_bidx
                0x0000000000015f78       0x3e zephyr/libzephyr.a(heap.c.obj)
 .text.free_list_add_bidx
                0x0000000000015fb6       0x4e zephyr/libzephyr.a(heap.c.obj)
 .text.split_chunks
                0x0000000000016004       0x3a zephyr/libzephyr.a(heap.c.obj)
 .text.merge_chunks
                0x000000000001603e       0x34 zephyr/libzephyr.a(heap.c.obj)
 .text.mem_to_chunkid
                0x0000000000016072        0x8 zephyr/libzephyr.a(heap.c.obj)
 .text.free_list_remove
                0x000000000001607a       0x18 zephyr/libzephyr.a(heap.c.obj)
 .text.free_list_add
                0x0000000000016092       0x18 zephyr/libzephyr.a(heap.c.obj)
 .text.free_chunk
                0x00000000000160aa       0x62 zephyr/libzephyr.a(heap.c.obj)
 .text.alloc_chunk
                0x000000000001610c       0x76 zephyr/libzephyr.a(heap.c.obj)
 .text.sys_heap_free
                0x0000000000016182       0x24 zephyr/libzephyr.a(heap.c.obj)
                0x0000000000016182                sys_heap_free
 .text.sys_heap_alloc
                0x00000000000161a6       0x64 zephyr/libzephyr.a(heap.c.obj)
                0x00000000000161a6                sys_heap_alloc
 .text.sys_heap_aligned_alloc
                0x000000000001620a       0xec zephyr/libzephyr.a(heap.c.obj)
                0x000000000001620a                sys_heap_aligned_alloc
 .text.sys_heap_init
                0x00000000000162f6       0x84 zephyr/libzephyr.a(heap.c.obj)
                0x00000000000162f6                sys_heap_init
 .text.set_state
                0x000000000001637a       0x10 zephyr/libzephyr.a(onoff.c.obj)
 .text.notify_monitors
                0x000000000001638a       0x44 zephyr/libzephyr.a(onoff.c.obj)
 .text.process_recheck
                0x00000000000163ce       0x32 zephyr/libzephyr.a(onoff.c.obj)
 .text.process_complete
                0x0000000000016400       0xa2 zephyr/libzephyr.a(onoff.c.obj)
 .text.validate_args
                0x00000000000164a2       0x2a zephyr/libzephyr.a(onoff.c.obj)
 .text.notify_one
                0x00000000000164cc       0x26 zephyr/libzephyr.a(onoff.c.obj)
 .text.notify_all
                0x00000000000164f2       0x2e zephyr/libzephyr.a(onoff.c.obj)
 .text.transition_complete
                0x0000000000016520       0x1c zephyr/libzephyr.a(onoff.c.obj)
 .text.onoff_manager_init
                0x000000000001653c       0x3a zephyr/libzephyr.a(onoff.c.obj)
                0x000000000001653c                onoff_manager_init
 .text.onoff_request
                0x0000000000016576       0xc2 zephyr/libzephyr.a(onoff.c.obj)
                0x0000000000016576                onoff_request
 .text.sys_notify_validate
                0x0000000000016638       0x2e zephyr/libzephyr.a(notify.c.obj)
                0x0000000000016638                sys_notify_validate
 .text.sys_notify_finalize
                0x0000000000016666       0x1a zephyr/libzephyr.a(notify.c.obj)
                0x0000000000016666                sys_notify_finalize
 .text.extract_width
                0x0000000000016680       0x5e zephyr/libzephyr.a(cbprintf_complete.c.obj)
 .text.extract_prec
                0x00000000000166de       0x64 zephyr/libzephyr.a(cbprintf_complete.c.obj)
 .text.extract_length
                0x0000000000016742       0xce zephyr/libzephyr.a(cbprintf_complete.c.obj)
 .text.extract_specifier
                0x0000000000016810      0x122 zephyr/libzephyr.a(cbprintf_complete.c.obj)
 .text.extract_conversion
                0x0000000000016932       0x44 zephyr/libzephyr.a(cbprintf_complete.c.obj)
 .text.conversion_radix
                0x0000000000016976       0x2a zephyr/libzephyr.a(cbprintf_complete.c.obj)
 .text.store_count
                0x00000000000169a0       0x3e zephyr/libzephyr.a(cbprintf_complete.c.obj)
 .text.outs     0x00000000000169de       0x34 zephyr/libzephyr.a(cbprintf_complete.c.obj)
 .text._ConfigAbsSyms
                0x0000000000016a12        0x2 zephyr/libzephyr.a(configs.c.obj)
                0x0000000000016a12                _ConfigAbsSyms
 .text.nrf_regulators_system_off
                0x0000000000016a14        0xe zephyr/libzephyr.a(power.c.obj)
 .text.pm_state_set
                0x0000000000016a22       0x10 zephyr/libzephyr.a(power.c.obj)
                0x0000000000016a22                pm_state_set
 .text.pm_state_exit_post_ops
                0x0000000000016a32        0xc zephyr/libzephyr.a(power.c.obj)
                0x0000000000016a32                pm_state_exit_post_ops
 .text.atomic_test_and_clear_bit
                0x0000000000016a3e       0x30 zephyr/libzephyr.a(pm.c.obj)
 .text.atomic_set_bit
                0x0000000000016a6e       0x1e zephyr/libzephyr.a(pm.c.obj)
 .text.pm_policy_state_lock_is_active
                0x0000000000016a8c        0x4 zephyr/libzephyr.a(policy.c.obj)
                0x0000000000016a8c                pm_policy_state_lock_is_active
 .text.z_arm_fatal_error
                0x0000000000016a90        0x8 zephyr/arch/arch/arm/core/aarch32/libarch__arm__core__aarch32.a(fatal.c.obj)
                0x0000000000016a90                z_arm_fatal_error
 .text.z_do_kernel_oops
                0x0000000000016a98        0xc zephyr/arch/arch/arm/core/aarch32/libarch__arm__core__aarch32.a(fatal.c.obj)
                0x0000000000016a98                z_do_kernel_oops
 .text.arch_irq_enable
                0x0000000000016aa4        0xa zephyr/arch/arch/arm/core/aarch32/libarch__arm__core__aarch32.a(irq_manage.c.obj)
                0x0000000000016aa4                arch_irq_enable
 .text.z_arm_irq_priority_set
                0x0000000000016aae        0xc zephyr/arch/arch/arm/core/aarch32/libarch__arm__core__aarch32.a(irq_manage.c.obj)
                0x0000000000016aae                z_arm_irq_priority_set
 .text.z_irq_spurious
                0x0000000000016aba        0xc zephyr/arch/arch/arm/core/aarch32/libarch__arm__core__aarch32.a(irq_manage.c.obj)
                0x0000000000016aba                z_irq_spurious
 .text.z_arm_nmi
                0x0000000000016ac6        0xc zephyr/arch/arch/arm/core/aarch32/libarch__arm__core__aarch32.a(nmi.c.obj)
                0x0000000000016ac6                z_arm_nmi
 .text.configure_builtin_stack_guard
                0x0000000000016ad2        0xa zephyr/arch/arch/arm/core/aarch32/libarch__arm__core__aarch32.a(thread.c.obj)
                0x0000000000016ad2                configure_builtin_stack_guard
 .text.memory_fault_recoverable
                0x0000000000016adc        0x4 zephyr/arch/arch/arm/core/aarch32/cortex_m/libarch__arm__core__aarch32__cortex_m.a(fault.c.obj)
 .text.debug_monitor
                0x0000000000016ae0        0x6 zephyr/arch/arch/arm/core/aarch32/cortex_m/libarch__arm__core__aarch32__cortex_m.a(fault.c.obj)
 .text.fault_handle
                0x0000000000016ae6       0x46 zephyr/arch/arch/arm/core/aarch32/cortex_m/libarch__arm__core__aarch32__cortex_m.a(fault.c.obj)
 .text.get_esf  0x0000000000016b2c       0x52 zephyr/arch/arch/arm/core/aarch32/cortex_m/libarch__arm__core__aarch32__cortex_m.a(fault.c.obj)
 .text.z_arm_save_fp_context
                0x0000000000016b7e        0x2 zephyr/arch/arch/arm/core/aarch32/cortex_m/libarch__arm__core__aarch32__cortex_m.a(fpu.c.obj)
                0x0000000000016b7e                z_arm_save_fp_context
 .text.z_arm_restore_fp_context
                0x0000000000016b80        0x2 zephyr/arch/arch/arm/core/aarch32/cortex_m/libarch__arm__core__aarch32__cortex_m.a(fpu.c.obj)
                0x0000000000016b80                z_arm_restore_fp_context
 .text.sys_arch_reboot
                0x0000000000016b82        0x6 zephyr/arch/arch/arm/core/aarch32/cortex_m/libarch__arm__core__aarch32__cortex_m.a(scb.c.obj)
                0x0000000000016b82                sys_arch_reboot
 .text.arm_cmse_mpu_region_get
                0x0000000000016b88       0x14 zephyr/arch/arch/arm/core/aarch32/cortex_m/cmse/libarch__arm__core__aarch32__cortex_m__cmse.a(arm_core_cmse.c.obj)
                0x0000000000016b88                arm_cmse_mpu_region_get
 .text.region_init
                0x0000000000016b9c       0x28 zephyr/arch/arch/arm/core/aarch32/mpu/libarch__arm__core__aarch32__mpu.a(arm_mpu.c.obj)
 .text.mpu_partition_is_valid
                0x0000000000016bc4       0x24 zephyr/arch/arch/arm/core/aarch32/mpu/libarch__arm__core__aarch32__mpu.a(arm_mpu.c.obj)
 .text.region_allocate_and_init
                0x0000000000016be8       0x16 zephyr/arch/arch/arm/core/aarch32/mpu/libarch__arm__core__aarch32__mpu.a(arm_mpu.c.obj)
 .text.mpu_configure_region
                0x0000000000016bfe       0x3e zephyr/arch/arch/arm/core/aarch32/mpu/libarch__arm__core__aarch32__mpu.a(arm_mpu.c.obj)
 .text.get_region_index
                0x0000000000016c3c       0x22 zephyr/arch/arch/arm/core/aarch32/mpu/libarch__arm__core__aarch32__mpu.a(arm_mpu.c.obj)
 .text.arm_core_mpu_configure_static_mpu_regions
                0x0000000000016c5e        0x8 zephyr/arch/arch/arm/core/aarch32/mpu/libarch__arm__core__aarch32__mpu.a(arm_mpu.c.obj)
                0x0000000000016c5e                arm_core_mpu_configure_static_mpu_regions
 .text.arm_core_mpu_mark_areas_for_dynamic_regions
                0x0000000000016c66        0x8 zephyr/arch/arch/arm/core/aarch32/mpu/libarch__arm__core__aarch32__mpu.a(arm_mpu.c.obj)
                0x0000000000016c66                arm_core_mpu_mark_areas_for_dynamic_regions
 .text.malloc_prepare
                0x0000000000016c6e        0x4 zephyr/lib/libc/newlib/liblib__libc__newlib.a(libc-hooks.c.obj)
 .text._stdout_hook_default
                0x0000000000016c72        0x6 zephyr/lib/libc/newlib/liblib__libc__newlib.a(libc-hooks.c.obj)
 .text.__retarget_lock_acquire_recursive
                0x0000000000016c78       0x10 zephyr/lib/libc/newlib/liblib__libc__newlib.a(libc-hooks.c.obj)
                0x0000000000016c78                __retarget_lock_acquire_recursive
 .text.__retarget_lock_release_recursive
                0x0000000000016c88        0x8 zephyr/lib/libc/newlib/liblib__libc__newlib.a(libc-hooks.c.obj)
                0x0000000000016c88                __retarget_lock_release_recursive
 .text.__errno  0x0000000000016c90        0x8 zephyr/lib/libc/newlib/liblib__libc__newlib.a(libc-hooks.c.obj)
                0x0000000000016c90                __errno
 .text.nrf_clock_is_running
                0x0000000000016c98       0x46 zephyr/drivers/clock_control/libdrivers__clock_control.a(clock_control_nrf.c.obj)
 .text.get_sub_data
                0x0000000000016cde        0xe zephyr/drivers/clock_control/libdrivers__clock_control.a(clock_control_nrf.c.obj)
 .text.get_sub_config
                0x0000000000016cec        0x8 zephyr/drivers/clock_control/libdrivers__clock_control.a(clock_control_nrf.c.obj)
 .text.get_onoff_manager
                0x0000000000016cf4        0xc zephyr/drivers/clock_control/libdrivers__clock_control.a(clock_control_nrf.c.obj)
 .text.get_status
                0x0000000000016d00       0x10 zephyr/drivers/clock_control/libdrivers__clock_control.a(clock_control_nrf.c.obj)
 .text.set_off_state
                0x0000000000016d10       0x32 zephyr/drivers/clock_control/libdrivers__clock_control.a(clock_control_nrf.c.obj)
 .text.set_starting_state
                0x0000000000016d42       0x3c zephyr/drivers/clock_control/libdrivers__clock_control.a(clock_control_nrf.c.obj)
 .text.set_on_state
                0x0000000000016d7e       0x26 zephyr/drivers/clock_control/libdrivers__clock_control.a(clock_control_nrf.c.obj)
 .text.clkstarted_handle
                0x0000000000016da4       0x24 zephyr/drivers/clock_control/libdrivers__clock_control.a(clock_control_nrf.c.obj)
 .text.stop     0x0000000000016dc8       0x2a zephyr/drivers/clock_control/libdrivers__clock_control.a(clock_control_nrf.c.obj)
 .text.api_stop
                0x0000000000016df2        0xa zephyr/drivers/clock_control/libdrivers__clock_control.a(clock_control_nrf.c.obj)
 .text.async_start
                0x0000000000016dfc       0x38 zephyr/drivers/clock_control/libdrivers__clock_control.a(clock_control_nrf.c.obj)
 .text.api_start
                0x0000000000016e34       0x10 zephyr/drivers/clock_control/libdrivers__clock_control.a(clock_control_nrf.c.obj)
 .text.onoff_started_callback
                0x0000000000016e44       0x10 zephyr/drivers/clock_control/libdrivers__clock_control.a(clock_control_nrf.c.obj)
 .text.hfclk_start
                0x0000000000016e54        0xa zephyr/drivers/clock_control/libdrivers__clock_control.a(clock_control_nrf.c.obj)
 .text.lfclk_start
                0x0000000000016e5e        0xa zephyr/drivers/clock_control/libdrivers__clock_control.a(clock_control_nrf.c.obj)
 .text.hfclk_stop
                0x0000000000016e68        0xa zephyr/drivers/clock_control/libdrivers__clock_control.a(clock_control_nrf.c.obj)
 .text.lfclk_stop
                0x0000000000016e72        0xa zephyr/drivers/clock_control/libdrivers__clock_control.a(clock_control_nrf.c.obj)
 .text.k_msleep
                0x0000000000016e7c       0x2c zephyr/drivers/clock_control/libdrivers__clock_control.a(clock_control_nrf.c.obj)
 .text.blocking_start_callback
                0x0000000000016ea8        0xa zephyr/drivers/clock_control/libdrivers__clock_control.a(clock_control_nrf.c.obj)
 .text.entropy_psa_crypto_rng_get_entropy
                0x0000000000016eb2       0x14 zephyr/drivers/entropy/libdrivers__entropy.a(entropy_psa_crypto.c.obj)
 .text.entropy_psa_crypto_rng_init
                0x0000000000016ec6       0x10 zephyr/drivers/entropy/libdrivers__entropy.a(entropy_psa_crypto.c.obj)
 .text.sys_slist_remove
                0x0000000000016ed6       0x26 zephyr/drivers/gpio/libdrivers__gpio.a(gpio_nrfx.c.obj)
 .text.sys_slist_find_and_remove
                0x0000000000016efc       0x20 zephyr/drivers/gpio/libdrivers__gpio.a(gpio_nrfx.c.obj)
 .text.gpio_manage_callback
                0x0000000000016f1c       0x3e zephyr/drivers/gpio/libdrivers__gpio.a(gpio_nrfx.c.obj)
 .text.gpio_fire_callbacks
                0x0000000000016f5a       0x40 zephyr/drivers/gpio/libdrivers__gpio.a(gpio_nrfx.c.obj)
 .text.get_drive
                0x0000000000016f9a       0x86 zephyr/drivers/gpio/libdrivers__gpio.a(gpio_nrfx.c.obj)
 .text.get_pull
                0x0000000000017020       0x18 zephyr/drivers/gpio/libdrivers__gpio.a(gpio_nrfx.c.obj)
 .text.gpio_nrfx_port_get_raw
                0x0000000000017038        0xc zephyr/drivers/gpio/libdrivers__gpio.a(gpio_nrfx.c.obj)
 .text.gpio_nrfx_port_set_masked_raw
                0x0000000000017044       0x14 zephyr/drivers/gpio/libdrivers__gpio.a(gpio_nrfx.c.obj)
 .text.gpio_nrfx_port_set_bits_raw
                0x0000000000017058        0xa zephyr/drivers/gpio/libdrivers__gpio.a(gpio_nrfx.c.obj)
 .text.gpio_nrfx_port_clear_bits_raw
                0x0000000000017062        0xa zephyr/drivers/gpio/libdrivers__gpio.a(gpio_nrfx.c.obj)
 .text.gpio_nrfx_port_toggle_bits
                0x000000000001706c       0x14 zephyr/drivers/gpio/libdrivers__gpio.a(gpio_nrfx.c.obj)
 .text.get_trigger
                0x0000000000017080       0x2c zephyr/drivers/gpio/libdrivers__gpio.a(gpio_nrfx.c.obj)
 .text.gpio_nrfx_manage_callback
                0x00000000000170ac        0xc zephyr/drivers/gpio/libdrivers__gpio.a(gpio_nrfx.c.obj)
 .text.nrfx_gpio_handler
                0x00000000000170b8       0x1e zephyr/drivers/gpio/libdrivers__gpio.a(gpio_nrfx.c.obj)
 .text.pinctrl_lookup_state
                0x00000000000170d6       0x32 zephyr/drivers/pinctrl/libdrivers__pinctrl.a(common.c.obj)
                0x00000000000170d6                pinctrl_lookup_state
 .text.endtx_isr
                0x0000000000017108       0x32 zephyr/drivers/serial/libdrivers__serial.a(uart_nrfx_uarte.c.obj)
 .text.uarte_nrfx_isr_int
                0x000000000001713a       0x52 zephyr/drivers/serial/libdrivers__serial.a(uart_nrfx_uarte.c.obj)
 .text.uarte_nrfx_configure
                0x000000000001718c       0xa6 zephyr/drivers/serial/libdrivers__serial.a(uart_nrfx_uarte.c.obj)
 .text.uarte_nrfx_config_get
                0x0000000000017232       0x12 zephyr/drivers/serial/libdrivers__serial.a(uart_nrfx_uarte.c.obj)
 .text.uarte_nrfx_err_check
                0x0000000000017244        0xe zephyr/drivers/serial/libdrivers__serial.a(uart_nrfx_uarte.c.obj)
 .text.is_tx_ready
                0x0000000000017252       0x28 zephyr/drivers/serial/libdrivers__serial.a(uart_nrfx_uarte.c.obj)
 .text.uarte_enable
                0x000000000001727a        0xc zephyr/drivers/serial/libdrivers__serial.a(uart_nrfx_uarte.c.obj)
 .text.tx_start
                0x0000000000017286       0x3e zephyr/drivers/serial/libdrivers__serial.a(uart_nrfx_uarte.c.obj)
 .text.uarte_nrfx_poll_in
                0x00000000000172c4       0x2c zephyr/drivers/serial/libdrivers__serial.a(uart_nrfx_uarte.c.obj)
 .text.k_msleep
                0x00000000000172f0       0x2c zephyr/drivers/serial/libdrivers__serial.a(uart_nrfx_uarte.c.obj)
 .text.wait_tx_ready
                0x000000000001731c       0x4c zephyr/drivers/serial/libdrivers__serial.a(uart_nrfx_uarte.c.obj)
 .text.pinctrl_apply_state
                0x0000000000017368       0x20 zephyr/drivers/serial/libdrivers__serial.a(uart_nrfx_uarte.c.obj)
 .text.uarte_instance_init
                0x0000000000017388       0xa4 zephyr/drivers/serial/libdrivers__serial.a(uart_nrfx_uarte.c.obj)
 .text.uarte_0_init
                0x000000000001742c       0x1e zephyr/drivers/serial/libdrivers__serial.a(uart_nrfx_uarte.c.obj)
 .text.sys_clock_idle_exit
                0x000000000001744a        0x2 zephyr/drivers/timer/libdrivers__timer.a(sys_clock_init.c.obj)
                0x000000000001744a                sys_clock_idle_exit
 .text.counter_sub
                0x000000000001744c        0x8 zephyr/drivers/timer/libdrivers__timer.a(nrf_rtc_timer.c.obj)
 .text.event_check
                0x0000000000017454       0x1a zephyr/drivers/timer/libdrivers__timer.a(nrf_rtc_timer.c.obj)
 .text.event_clear
                0x000000000001746e       0x18 zephyr/drivers/timer/libdrivers__timer.a(nrf_rtc_timer.c.obj)
 .text.absolute_time_to_cc
                0x0000000000017486        0x6 zephyr/drivers/timer/libdrivers__timer.a(nrf_rtc_timer.c.obj)
 .text.full_int_lock
                0x000000000001748c       0x12 zephyr/drivers/timer/libdrivers__timer.a(nrf_rtc_timer.c.obj)
 .text.full_int_unlock
                0x000000000001749e        0xa zephyr/drivers/timer/libdrivers__timer.a(nrf_rtc_timer.c.obj)
 .text.compare_set
                0x00000000000174a8       0x32 zephyr/drivers/timer/libdrivers__timer.a(nrf_rtc_timer.c.obj)
 .text.sys_slist_remove
                0x00000000000174da       0x26 modules/nrf/lib/nrf_modem_lib/lib..__nrf__lib__nrf_modem_lib.a(nrf_modem_os.c.obj)
 .text.sys_slist_find_and_remove
                0x0000000000017500       0x20 modules/nrf/lib/nrf_modem_lib/lib..__nrf__lib__nrf_modem_lib.a(nrf_modem_os.c.obj)
 .text.k_uptime_delta
                0x0000000000017520       0x46 modules/nrf/lib/nrf_modem_lib/lib..__nrf__lib__nrf_modem_lib.a(nrf_modem_os.c.obj)
 .text.sleeping_thread_init
                0x0000000000017566       0x14 modules/nrf/lib/nrf_modem_lib/lib..__nrf__lib__nrf_modem_lib.a(nrf_modem_os.c.obj)
 .text.nrf_modem_os_busywait
                0x000000000001757a        0x8 modules/nrf/lib/nrf_modem_lib/lib..__nrf__lib__nrf_modem_lib.a(nrf_modem_os.c.obj)
                0x000000000001757a                nrf_modem_os_busywait
 .text.nrf_modem_os_timedwait
                0x0000000000017582       0xfe modules/nrf/lib/nrf_modem_lib/lib..__nrf__lib__nrf_modem_lib.a(nrf_modem_os.c.obj)
                0x0000000000017582                nrf_modem_os_timedwait
 .text.nrf_modem_os_errno_set
                0x0000000000017680        0xc modules/nrf/lib/nrf_modem_lib/lib..__nrf__lib__nrf_modem_lib.a(nrf_modem_os.c.obj)
                0x0000000000017680                nrf_modem_os_errno_set
 .text.nrf_modem_os_is_in_isr
                0x000000000001768c        0x8 modules/nrf/lib/nrf_modem_lib/lib..__nrf__lib__nrf_modem_lib.a(nrf_modem_os.c.obj)
                0x000000000001768c                nrf_modem_os_is_in_isr
 .text.nrf_modem_os_sem_give
                0x0000000000017694        0x8 modules/nrf/lib/nrf_modem_lib/lib..__nrf__lib__nrf_modem_lib.a(nrf_modem_os.c.obj)
                0x0000000000017694                nrf_modem_os_sem_give
 .text.nrf_modem_os_sem_take
                0x000000000001769c       0x4a modules/nrf/lib/nrf_modem_lib/lib..__nrf__lib__nrf_modem_lib.a(nrf_modem_os.c.obj)
                0x000000000001769c                nrf_modem_os_sem_take
 .text.k_sys_fatal_error_handler
                0x00000000000176e6        0x8 modules/nrf/lib/fatal_error/lib..__nrf__lib__fatal_error.a(fatal_error.c.obj)
                0x00000000000176e6                k_sys_fatal_error_handler
 .text.ns_interface_init
                0x00000000000176ee        0x4 modules/trusted-firmware-m/libtfm_api.a(interface.c.obj)
 .text.psa_crypto_init
                0x00000000000176f2        0x4 modules/trusted-firmware-m/libtfm_api.a(tfm_crypto_api.c.obj)
                0x00000000000176f2                psa_crypto_init
 .text.SystemInit
                0x00000000000176f6        0x2 modules/hal_nordic/nrfx/libmodules__hal_nordic__nrfx.a(system_nrf91.c.obj)
                0x00000000000176f6                SystemInit
 .text.nrfx_isr
                0x00000000000176f8        0x6 modules/hal_nordic/nrfx/libmodules__hal_nordic__nrfx.a(nrfx_glue.c.obj)
                0x00000000000176f8                nrfx_isr
 .text.nrfx_busy_wait
                0x00000000000176fe        0x8 modules/hal_nordic/nrfx/libmodules__hal_nordic__nrfx.a(nrfx_glue.c.obj)
                0x00000000000176fe                nrfx_busy_wait
 .text.nrf_clock_is_running
                0x0000000000017706       0x46 modules/hal_nordic/nrfx/libmodules__hal_nordic__nrfx.a(nrfx_clock.c.obj)
 .text.clock_initial_lfclksrc_get
                0x000000000001774c        0x4 modules/hal_nordic/nrfx/libmodules__hal_nordic__nrfx.a(nrfx_clock.c.obj)
 .text.nrfx_power_clock_irq_init
                0x0000000000017750       0x14 modules/hal_nordic/nrfx/libmodules__hal_nordic__nrfx.a(nrfx_clock.c.obj)
 .text.clock_lfclksrc_tweak
                0x0000000000017764       0x2a modules/hal_nordic/nrfx/libmodules__hal_nordic__nrfx.a(nrfx_clock.c.obj)
 .text.nrfx_clock_stop
                0x000000000001778e        0x8 modules/hal_nordic/nrfx/libmodules__hal_nordic__nrfx.a(nrfx_clock.c.obj)
                0x000000000001778e                nrfx_clock_stop
 .text.nrf_gpiote_event_configure
                0x0000000000017796       0x32 modules/hal_nordic/nrfx/libmodules__hal_nordic__nrfx.a(nrfx_gpiote.c.obj)
 .text.nrf_gpiote_task_configure
                0x00000000000177c8       0x3e modules/hal_nordic/nrfx/libmodules__hal_nordic__nrfx.a(nrfx_gpiote.c.obj)
 .text.pin_is_task_output
                0x0000000000017806       0x1e modules/hal_nordic/nrfx/libmodules__hal_nordic__nrfx.a(nrfx_gpiote.c.obj)
 .text.pin_is_input
                0x0000000000017824        0xe modules/hal_nordic/nrfx/libmodules__hal_nordic__nrfx.a(nrfx_gpiote.c.obj)
 .text.gpiote_polarity_to_trigger
                0x0000000000017832        0x2 modules/hal_nordic/nrfx/libmodules__hal_nordic__nrfx.a(nrfx_gpiote.c.obj)
 .text.gpiote_trigger_to_polarity
                0x0000000000017834        0x2 modules/hal_nordic/nrfx/libmodules__hal_nordic__nrfx.a(nrfx_gpiote.c.obj)
 .text.is_level
                0x0000000000017836        0xa modules/hal_nordic/nrfx/libmodules__hal_nordic__nrfx.a(nrfx_gpiote.c.obj)
 .text.rpc_handle_ctrl_message
                0x0000000000017840       0x30 /home/ryantech/ncs/v2.4.1/nrfxlib/nrf_modem/lib/cortex-m33/soft-float/libmodem.a(rpc_framework.c.obj)
                0x0000000000017840                rpc_handle_ctrl_message
 .text.rpc_list_preambles_init
                0x0000000000017870       0x20 /home/ryantech/ncs/v2.4.1/nrfxlib/nrf_modem/lib/cortex-m33/soft-float/libmodem.a(rpc_transport_ipc.c.obj)
 .text.rpc_transport_ipc_data_rx_resume
                0x0000000000017890        0x6 /home/ryantech/ncs/v2.4.1/nrfxlib/nrf_modem/lib/cortex-m33/soft-float/libmodem.a(rpc_transport_ipc.c.obj)
 .text.rpc_transport_ipc_data_rx_suspend
                0x0000000000017896        0x6 /home/ryantech/ncs/v2.4.1/nrfxlib/nrf_modem/lib/cortex-m33/soft-float/libmodem.a(rpc_transport_ipc.c.obj)
 .text.rpc_transport_ipc_shutdown
                0x000000000001789c        0x4 /home/ryantech/ncs/v2.4.1/nrfxlib/nrf_modem/lib/cortex-m33/soft-float/libmodem.a(rpc_transport_ipc.c.obj)
 .text.rpc_transport_ipc_msg_alloc
                0x00000000000178a0       0x4a /home/ryantech/ncs/v2.4.1/nrfxlib/nrf_modem/lib/cortex-m33/soft-float/libmodem.a(rpc_transport_ipc.c.obj)
 .text.rpc_client_msg_from_rpc_msg_get
                0x00000000000178ea        0x4 /home/ryantech/ncs/v2.4.1/nrfxlib/nrf_modem/lib/cortex-m33/soft-float/libmodem.a(rpc_client.c.obj)
                0x00000000000178ea                rpc_client_msg_from_rpc_msg_get
 .text.rpc_client_msg_alloc
                0x00000000000178ee       0x38 /home/ryantech/ncs/v2.4.1/nrfxlib/nrf_modem/lib/cortex-m33/soft-float/libmodem.a(rpc_client.c.obj)
                0x00000000000178ee                rpc_client_msg_alloc
 .text.rpc_client_msg_send
                0x0000000000017926        0xe /home/ryantech/ncs/v2.4.1/nrfxlib/nrf_modem/lib/cortex-m33/soft-float/libmodem.a(rpc_client.c.obj)
                0x0000000000017926                rpc_client_msg_send
 .text.rpc_client_msg_rx_free
                0x0000000000017934        0x6 /home/ryantech/ncs/v2.4.1/nrfxlib/nrf_modem/lib/cortex-m33/soft-float/libmodem.a(rpc_client.c.obj)
                0x0000000000017934                rpc_client_msg_rx_free
 .text.rpc_client_msg_data_rx_free
                0x000000000001793a        0x4 /home/ryantech/ncs/v2.4.1/nrfxlib/nrf_modem/lib/cortex-m33/soft-float/libmodem.a(rpc_client.c.obj)
                0x000000000001793a                rpc_client_msg_data_rx_free
 .text.rpc_client_msg_data_tx_alloc
                0x000000000001793e        0x4 /home/ryantech/ncs/v2.4.1/nrfxlib/nrf_modem/lib/cortex-m33/soft-float/libmodem.a(rpc_client.c.obj)
                0x000000000001793e                rpc_client_msg_data_tx_alloc
 .text.rpc_client_msg_data_tx_free
                0x0000000000017942       0x10 /home/ryantech/ncs/v2.4.1/nrfxlib/nrf_modem/lib/cortex-m33/soft-float/libmodem.a(rpc_client.c.obj)
                0x0000000000017942                rpc_client_msg_data_tx_free
 .text.sockaddr_init
                0x0000000000017952       0x72 /home/ryantech/ncs/v2.4.1/nrfxlib/nrf_modem/lib/cortex-m33/soft-float/libmodem.a(addr.c.obj)
                0x0000000000017952                sockaddr_init
 .text.sock_pollcb
                0x00000000000179c4       0x30 /home/ryantech/ncs/v2.4.1/nrfxlib/nrf_modem/lib/cortex-m33/soft-float/libmodem.a(sock.c.obj)
                0x00000000000179c4                sock_pollcb
 .text.sock_pkt_append
                0x00000000000179f4       0x14 /home/ryantech/ncs/v2.4.1/nrfxlib/nrf_modem/lib/cortex-m33/soft-float/libmodem.a(sock.c.obj)
                0x00000000000179f4                sock_pkt_append
 .text.sock_is_stream
                0x0000000000017a08        0xa /home/ryantech/ncs/v2.4.1/nrfxlib/nrf_modem/lib/cortex-m33/soft-float/libmodem.a(sock.c.obj)
                0x0000000000017a08                sock_is_stream
 .text.sock_is_datagram
                0x0000000000017a12        0xa /home/ryantech/ncs/v2.4.1/nrfxlib/nrf_modem/lib/cortex-m33/soft-float/libmodem.a(sock.c.obj)
                0x0000000000017a12                sock_is_datagram
 .text.sock_proto_is_secure
                0x0000000000017a1c       0x18 /home/ryantech/ncs/v2.4.1/nrfxlib/nrf_modem/lib/cortex-m33/soft-float/libmodem.a(sock.c.obj)
                0x0000000000017a1c                sock_proto_is_secure
 .text.sock_is_attaching
                0x0000000000017a34        0x8 /home/ryantech/ncs/v2.4.1/nrfxlib/nrf_modem/lib/cortex-m33/soft-float/libmodem.a(sock.c.obj)
                0x0000000000017a34                sock_is_attaching
 .text.sock_is_nonblock
                0x0000000000017a3c        0x8 /home/ryantech/ncs/v2.4.1/nrfxlib/nrf_modem/lib/cortex-m33/soft-float/libmodem.a(sock.c.obj)
                0x0000000000017a3c                sock_is_nonblock
 .text.sock_is_local_closed
                0x0000000000017a44        0x8 /home/ryantech/ncs/v2.4.1/nrfxlib/nrf_modem/lib/cortex-m33/soft-float/libmodem.a(sock.c.obj)
                0x0000000000017a44                sock_is_local_closed
 .text.sock_is_eof
                0x0000000000017a4c       0x16 /home/ryantech/ncs/v2.4.1/nrfxlib/nrf_modem/lib/cortex-m33/soft-float/libmodem.a(sock.c.obj)
                0x0000000000017a4c                sock_is_eof
 .text.sock_has_stream_error
                0x0000000000017a62        0x6 /home/ryantech/ncs/v2.4.1/nrfxlib/nrf_modem/lib/cortex-m33/soft-float/libmodem.a(sock.c.obj)
                0x0000000000017a62                sock_has_stream_error
 .text.sock_has_error
                0x0000000000017a68        0xe /home/ryantech/ncs/v2.4.1/nrfxlib/nrf_modem/lib/cortex-m33/soft-float/libmodem.a(sock.c.obj)
                0x0000000000017a68                sock_has_error
 .text.sock_has_pollcb
                0x0000000000017a76        0xa /home/ryantech/ncs/v2.4.1/nrfxlib/nrf_modem/lib/cortex-m33/soft-float/libmodem.a(sock.c.obj)
                0x0000000000017a76                sock_has_pollcb
 .text.sock_can_read
                0x0000000000017a80        0xa /home/ryantech/ncs/v2.4.1/nrfxlib/nrf_modem/lib/cortex-m33/soft-float/libmodem.a(sock.c.obj)
                0x0000000000017a80                sock_can_read
 .text.sock_can_accept
                0x0000000000017a8a        0xa /home/ryantech/ncs/v2.4.1/nrfxlib/nrf_modem/lib/cortex-m33/soft-float/libmodem.a(sock.c.obj)
                0x0000000000017a8a                sock_can_accept
 .text.sock_can_send
                0x0000000000017a94       0x3c /home/ryantech/ncs/v2.4.1/nrfxlib/nrf_modem/lib/cortex-m33/soft-float/libmodem.a(sock.c.obj)
                0x0000000000017a94                sock_can_send
 .text.on_conf_dnssrv_res
                0x0000000000017ad0        0x4 /home/ryantech/ncs/v2.4.1/nrfxlib/nrf_modem/lib/cortex-m33/soft-float/libmodem.a(dns.c.obj)
                0x0000000000017ad0                on_conf_dnssrv_res
 .text.on_getifaddrs_res
                0x0000000000017ad4        0x4 /home/ryantech/ncs/v2.4.1/nrfxlib/nrf_modem/lib/cortex-m33/soft-float/libmodem.a(ifaddrs.c.obj)
                0x0000000000017ad4                on_getifaddrs_res
 .text.nrf_poll_one
                0x0000000000017ad8       0x92 /home/ryantech/ncs/v2.4.1/nrfxlib/nrf_modem/lib/cortex-m33/soft-float/libmodem.a(poll.c.obj)
                0x0000000000017ad8                nrf_poll_one
 .text.res_cookie_get
                0x0000000000017b6a        0x4 /home/ryantech/ncs/v2.4.1/nrfxlib/nrf_modem/lib/cortex-m33/soft-float/libmodem.a(reqres.c.obj)
                0x0000000000017b6a                res_cookie_get
 .text.res_forward
                0x0000000000017b6e        0x8 /home/ryantech/ncs/v2.4.1/nrfxlib/nrf_modem/lib/cortex-m33/soft-float/libmodem.a(reqres.c.obj)
                0x0000000000017b6e                res_forward
 .text.rpc_dfu_event_handler
                0x0000000000017b76       0x16 /home/ryantech/ncs/v2.4.1/nrfxlib/nrf_modem/lib/cortex-m33/soft-float/libmodem.a(nrf_modem_delta_dfu.c.obj)
                0x0000000000017b76                rpc_dfu_event_handler
 .text.nrf_modem_is_initialized
                0x0000000000017b8c        0x4 /home/ryantech/ncs/v2.4.1/nrfxlib/nrf_modem/lib/cortex-m33/soft-float/libmodem.a(nrf_modem.c.obj)
                0x0000000000017b8c                nrf_modem_is_initialized
 .text.z_device_is_ready
                0x0000000000017b90       0x20 zephyr/kernel/libkernel.a(device.c.obj)
                0x0000000000017b90                z_device_is_ready
 .text.z_fatal_error
                0x0000000000017bb0       0x34 zephyr/kernel/libkernel.a(fatal.c.obj)
                0x0000000000017bb0                z_fatal_error
 .text.z_early_memset
                0x0000000000017be4        0x8 zephyr/kernel/libkernel.a(init.c.obj)
                0x0000000000017be4                z_early_memset
 .text.z_early_memcpy
                0x0000000000017bec        0x8 zephyr/kernel/libkernel.a(init.c.obj)
                0x0000000000017bec                z_early_memcpy
 .text.k_heap_init
                0x0000000000017bf4       0x10 zephyr/kernel/libkernel.a(kheap.c.obj)
                0x0000000000017bf4                k_heap_init
 .text.k_heap_aligned_alloc
                0x0000000000017c04       0xac zephyr/kernel/libkernel.a(kheap.c.obj)
                0x0000000000017c04                k_heap_aligned_alloc
 .text.k_heap_alloc
                0x0000000000017cb0       0x16 zephyr/kernel/libkernel.a(kheap.c.obj)
                0x0000000000017cb0                k_heap_alloc
 .text.k_heap_free
                0x0000000000017cc6       0x3a zephyr/kernel/libkernel.a(kheap.c.obj)
                0x0000000000017cc6                k_heap_free
 .text.setup_thread_stack
                0x0000000000017d00       0x18 zephyr/kernel/libkernel.a(thread.c.obj)
 .text.k_is_in_isr
                0x0000000000017d18        0xc zephyr/kernel/libkernel.a(thread.c.obj)
                0x0000000000017d18                k_is_in_isr
 .text.z_impl_k_thread_start
                0x0000000000017d24        0x8 zephyr/kernel/libkernel.a(thread.c.obj)
                0x0000000000017d24                z_impl_k_thread_start
 .text.z_init_thread_base
                0x0000000000017d2c       0x16 zephyr/kernel/libkernel.a(thread.c.obj)
                0x0000000000017d2c                z_init_thread_base
 .text.z_pm_save_idle_exit
                0x0000000000017d42        0xc zephyr/kernel/libkernel.a(idle.c.obj)
                0x0000000000017d42                z_pm_save_idle_exit
 .text.new_prio_for_inheritance
                0x0000000000017d4e       0x16 zephyr/kernel/libkernel.a(mutex.c.obj)
 .text.adjust_owner_prio
                0x0000000000017d64       0x16 zephyr/kernel/libkernel.a(mutex.c.obj)
 .text.z_impl_k_sem_init
                0x0000000000017d7a       0x1e zephyr/kernel/libkernel.a(sem.c.obj)
                0x0000000000017d7a                z_impl_k_sem_init
 .text.thread_active_elsewhere
                0x0000000000017d98        0x4 zephyr/kernel/libkernel.a(sched.c.obj)
 .text.pended_on_thread
                0x0000000000017d9c        0x4 zephyr/kernel/libkernel.a(sched.c.obj)
 .text.z_sched_prio_cmp
                0x0000000000017da0       0x14 zephyr/kernel/libkernel.a(sched.c.obj)
                0x0000000000017da0                z_sched_prio_cmp
 .text.z_reschedule_irqlock
                0x0000000000017db4       0x1c zephyr/kernel/libkernel.a(sched.c.obj)
                0x0000000000017db4                z_reschedule_irqlock
 .text.z_reschedule_unlocked
                0x0000000000017dd0       0x18 zephyr/kernel/libkernel.a(sched.c.obj)
 .text.z_priq_dumb_remove
                0x0000000000017de8       0x10 zephyr/kernel/libkernel.a(sched.c.obj)
                0x0000000000017de8                z_priq_dumb_remove
 .text.unpend_thread_no_timeout
                0x0000000000017df8       0x1c zephyr/kernel/libkernel.a(sched.c.obj)
 .text.z_unpend_thread
                0x0000000000017e14       0x3c zephyr/kernel/libkernel.a(sched.c.obj)
                0x0000000000017e14                z_unpend_thread
 .text.z_priq_dumb_best
                0x0000000000017e50        0xe zephyr/kernel/libkernel.a(sched.c.obj)
                0x0000000000017e50                z_priq_dumb_best
 .text.z_ready_thread
                0x0000000000017e5e       0x38 zephyr/kernel/libkernel.a(sched.c.obj)
                0x0000000000017e5e                z_ready_thread
 .text.z_sched_wake_thread
                0x0000000000017e96       0x54 zephyr/kernel/libkernel.a(sched.c.obj)
                0x0000000000017e96                z_sched_wake_thread
 .text.z_thread_timeout
                0x0000000000017eea        0xc zephyr/kernel/libkernel.a(sched.c.obj)
                0x0000000000017eea                z_thread_timeout
 .text.unpend_all
                0x0000000000017ef6       0x2a zephyr/kernel/libkernel.a(sched.c.obj)
 .text.add_to_waitq_locked
                0x0000000000017f20       0x56 zephyr/kernel/libkernel.a(sched.c.obj)
 .text.pend_locked
                0x0000000000017f76       0x18 zephyr/kernel/libkernel.a(sched.c.obj)
 .text.z_unpend_first_thread
                0x0000000000017f8e       0x44 zephyr/kernel/libkernel.a(sched.c.obj)
                0x0000000000017f8e                z_unpend_first_thread
 .text.z_unpend_all
                0x0000000000017fd2       0x20 zephyr/kernel/libkernel.a(sched.c.obj)
                0x0000000000017fd2                z_unpend_all
 .text.init_ready_q
                0x0000000000017ff2        0x8 zephyr/kernel/libkernel.a(sched.c.obj)
                0x0000000000017ff2                init_ready_q
 .text.remove_timeout
                0x0000000000017ffa       0x2e zephyr/kernel/libkernel.a(timeout.c.obj)
 .text.next_timeout
                0x0000000000018028       0x3a zephyr/kernel/libkernel.a(timeout.c.obj)
 .text.z_abort_timeout
                0x0000000000018062       0x3c zephyr/kernel/libkernel.a(timeout.c.obj)
                0x0000000000018062                z_abort_timeout
 .text.z_get_next_timeout_expiry
                0x000000000001809e       0x2e zephyr/kernel/libkernel.a(timeout.c.obj)
                0x000000000001809e                z_get_next_timeout_expiry
 .text.sys_clock_tick_get_32
                0x00000000000180cc        0x8 zephyr/kernel/libkernel.a(timeout.c.obj)
                0x00000000000180cc                sys_clock_tick_get_32
 .text.z_impl_k_uptime_ticks
                0x00000000000180d4        0x8 zephyr/kernel/libkernel.a(timeout.c.obj)
                0x00000000000180d4                z_impl_k_uptime_ticks
 .text.z_impl_k_busy_wait
                0x00000000000180dc        0xc zephyr/kernel/libkernel.a(timeout.c.obj)
                0x00000000000180dc                z_impl_k_busy_wait
 .text.sys_clock_timeout_end_calc
                0x00000000000180e8       0x5a zephyr/kernel/libkernel.a(timeout.c.obj)
                0x00000000000180e8                sys_clock_timeout_end_calc
 .text._OffsetAbsSyms
                0x0000000000018142        0x2 zephyr/CMakeFiles/offsets.dir/./arch/arm/core/offsets/offsets.c.obj
                0x0000000000018142                _OffsetAbsSyms
 .text.memcpy   0x0000000000018144       0x1a /home/ryantech/ncs/toolchains/1f9b40e71a/opt/zephyr-sdk/arm-zephyr-eabi/arm-zephyr-eabi/lib/thumb/v8-m.main/nofp/libc_nano.a(lib_a-memcpy-stub.o)
                0x0000000000018144                memcpy
 .text.memset   0x000000000001815e       0x10 /home/ryantech/ncs/toolchains/1f9b40e71a/opt/zephyr-sdk/arm-zephyr-eabi/arm-zephyr-eabi/lib/thumb/v8-m.main/nofp/libc_nano.a(lib_a-memset.o)
                0x000000000001815e                memset
 .text.strncpy  0x000000000001816e       0x26 /home/ryantech/ncs/toolchains/1f9b40e71a/opt/zephyr-sdk/arm-zephyr-eabi/arm-zephyr-eabi/lib/thumb/v8-m.main/nofp/libc_nano.a(lib_a-strncpy.o)
                0x000000000001816e                strncpy
 .text.strnlen  0x0000000000018194       0x18 /home/ryantech/ncs/toolchains/1f9b40e71a/opt/zephyr-sdk/arm-zephyr-eabi/arm-zephyr-eabi/lib/thumb/v8-m.main/nofp/libc_nano.a(lib_a-strnlen.o)
                0x0000000000018194                strnlen