Archive member included to satisfy reference by file (symbol)

platform/libplatform_s.a(system_nrf91.o)
                              secure_fw/CMakeFiles/tfm_s.dir/__/platform/ext/target/nordic_nrf/common/nrf91/gcc/startup_nrf91.o (SystemInit)
secure_fw/partitions/lib/runtime/libtfm_sprt.a(crt_memset.o)
                              /home/ryantech/ncs/toolchains/1f9b40e71a/opt/zephyr-sdk/arm-zephyr-eabi/bin/../lib/gcc/arm-zephyr-eabi/12.2.0/../../../../arm-zephyr-eabi/lib/thumb/v8-m.main/nofp/crt0.o (memset)
secure_fw/spm/libtfm_spm.a(utilities.o)
                              secure_fw/CMakeFiles/tfm_s.dir/__/platform/ext/common/faults.o (tfm_core_panic)
secure_fw/spm/libtfm_spm.a(main.o)
                              /home/ryantech/ncs/toolchains/1f9b40e71a/opt/zephyr-sdk/arm-zephyr-eabi/bin/../lib/gcc/arm-zephyr-eabi/12.2.0/../../../../arm-zephyr-eabi/lib/thumb/v8-m.main/nofp/crt0.o (main)
secure_fw/spm/libtfm_spm.a(spm_cross_call.o)
                              secure_fw/CMakeFiles/tfm_s.dir/partitions/ns_agent_tz/psa_api_veneers_v80m.o (spm_interface_cross_dispatcher)
secure_fw/spm/libtfm_spm.a(psa_api.o)
                              secure_fw/spm/libtfm_spm.a(spm_cross_call.o) (spm_handle_programmer_errors)
secure_fw/spm/libtfm_spm.a(backend_ipc.o)
                              secure_fw/spm/libtfm_spm.a(spm_cross_call.o) (p_spm_thread_context)
secure_fw/spm/libtfm_spm.a(tfm_core_svcalls_ipc.o)
                              secure_fw/spm/libtfm_spm.a(main.o) (tfm_core_handler_mode)
secure_fw/spm/libtfm_spm.a(thread.o)
                              secure_fw/spm/libtfm_spm.a(spm_cross_call.o) (p_curr_thrd)
secure_fw/spm/libtfm_spm.a(tfm_arch_v8m_main.o)
                              secure_fw/spm/libtfm_spm.a(backend_ipc.o) (scheduler_lock)
secure_fw/spm/libtfm_spm.a(ns_agent_tz_v80m.o)
                              secure_fw/CMakeFiles/tfm_s.dir/partitions/ns_agent_tz/load_info_ns_agent_tz.o (ns_agent_tz_main)
secure_fw/spm/libtfm_spm.a(tfm_hal_isolation.o)
                              secure_fw/spm/libtfm_spm.a(main.o) (tfm_hal_set_up_static_boundaries)
secure_fw/spm/libtfm_spm.a(target_cfg.o)
                              secure_fw/spm/libtfm_spm.a(tfm_hal_isolation.o) (memory_regions)
secure_fw/spm/libtfm_spm.a(tfm_boot_data.o)
                              secure_fw/spm/libtfm_spm.a(main.o) (tfm_core_validate_boot_data)
secure_fw/spm/libtfm_spm.a(tfm_arch.o)
                              secure_fw/spm/libtfm_spm.a(tfm_core_svcalls_ipc.o) (tfm_arch_free_msp_and_exc_ret)
secure_fw/spm/libtfm_spm.a(spm_ipc.o)
                              secure_fw/spm/libtfm_spm.a(psa_api.o) (stateless_services_ref_tbl)
secure_fw/spm/libtfm_spm.a(static_loader.o)
                              secure_fw/spm/libtfm_spm.a(spm_ipc.o) (load_a_partition_assuredly)
secure_fw/spm/libtfm_spm.a(tfm_pools.o)
                              secure_fw/spm/libtfm_spm.a(spm_ipc.o) (tfm_pool_init)
secure_fw/spm/libtfm_spm.a(tfm_spm_ns_ctx.o)
                              secure_fw/spm/libtfm_spm.a(spm_ipc.o) (tfm_nspm_get_current_client_id)
secure_fw/spm/libtfm_spm.a(ns_agent_tz_init.o)
                              secure_fw/spm/libtfm_spm.a(ns_agent_tz_v80m.o) (ns_agent_tz_init_c)
secure_fw/spm/libtfm_spm.a(tfm_hal_platform_common.o)
                              secure_fw/spm/libtfm_spm.a(ns_agent_tz_init.o) (tfm_hal_get_ns_VTOR)
secure_fw/partitions/platform/libtfm_psa_rot_partition_platform.a(platform_sp.o)
                              secure_fw/CMakeFiles/tfm_s.dir/__/generated/secure_fw/partitions/platform/auto_generated/load_info_tfm_platform.o (tfm_platform_service_sfn)
secure_fw/partitions/platform/libtfm_psa_rot_partition_platform.a(intermedia_tfm_platform.o)
                              secure_fw/CMakeFiles/tfm_s.dir/__/generated/secure_fw/partitions/platform/auto_generated/load_info_tfm_platform.o (tfm_sp_platform_stack)
platform/libplatform_s.a(nrfx_glue.o)
                              secure_fw/spm/libtfm_spm.a(target_cfg.o) (nrfx_critical_section_enter)
platform/libplatform_s.a(mpu_armv8m_drv.o)
                              secure_fw/spm/libtfm_spm.a(tfm_hal_isolation.o) (mpu_armv8m_enable)
platform/libplatform_s.a(spu.o)
                              secure_fw/spm/libtfm_spm.a(target_cfg.o) (spu_enable_interrupts)
platform/libplatform_s.a(tfm_hal_platform.o)
                              secure_fw/spm/libtfm_spm.a(main.o) (tfm_hal_platform_init)
platform/libplatform_s.a(dummy_otp.o)
                              secure_fw/spm/libtfm_spm.a(main.o) (tfm_plat_otp_init)
platform/libplatform_s.a(dummy_provisioning.o)
                              secure_fw/spm/libtfm_spm.a(main.o) (tfm_plat_provisioning_is_required)
platform/libplatform_s.a(tfm_platform_system.o)
                              secure_fw/partitions/platform/libtfm_psa_rot_partition_platform.a(platform_sp.o) (tfm_platform_hal_system_reset)
platform/libplatform_s.a(tfm_hal_reset_halt.o)
[...]
Memory Configuration

Name             Origin             Length             Attributes
FLASH            0x0000000000000000 0x0000000000010000 xr
RAM              0x0000000020000000 0x0000000000008000 xrw
*default*        0x0000000000000000 0xffffffffffffffff

Linker script and memory map

LOAD /home/ryantech/ncs/toolchains/1f9b40e71a/opt/zephyr-sdk/arm-zephyr-eabi/bin/../lib/gcc/arm-zephyr-eabi/12.2.0/thumb/v8-m.main/nofp/crti.o
LOAD /home/ryantech/ncs/toolchains/1f9b40e71a/opt/zephyr-sdk/arm-zephyr-eabi/bin/../lib/gcc/arm-zephyr-eabi/12.2.0/thumb/v8-m.main/nofp/crtbegin.o
LOAD /home/ryantech/ncs/toolchains/1f9b40e71a/opt/zephyr-sdk/arm-zephyr-eabi/bin/../lib/gcc/arm-zephyr-eabi/12.2.0/../../../../arm-zephyr-eabi/lib/thumb/v8-m.main/nofp/crt0.o
LOAD secure_fw/CMakeFiles/tfm_s.dir/partitions/ns_agent_tz/psa_api_veneers_v80m.o
LOAD secure_fw/CMakeFiles/tfm_s.dir/__/platform/ext/target/nordic_nrf/common/nrf91/gcc/startup_nrf91.o
LOAD secure_fw/CMakeFiles/tfm_s.dir/__/platform/ext/common/faults.o
LOAD secure_fw/CMakeFiles/tfm_s.dir/__/generated/secure_fw/partitions/crypto/auto_generated/load_info_tfm_crypto.o
LOAD secure_fw/CMakeFiles/tfm_s.dir/__/generated/secure_fw/partitions/platform/auto_generated/load_info_tfm_platform.o
LOAD secure_fw/CMakeFiles/tfm_s.dir/partitions/ns_agent_tz/load_info_ns_agent_tz.o
LOAD platform/libplatform_s.a
LOAD secure_fw/partitions/lib/runtime/libtfm_sprt.a
LOAD secure_fw/spm/libtfm_spm.a
LOAD secure_fw/partitions/platform/libtfm_psa_rot_partition_platform.a
LOAD platform/libplatform_s.a
LOAD secure_fw/partitions/lib/runtime/libtfm_sprt.a
LOAD secure_fw/partitions/crypto/libtfm_psa_rot_partition_crypto.a
LOAD platform/libplatform_crypto_keys.a
LOAD secure_fw/partitions/crypto/mbedcrypto/nrf_security_src/libcrypto_service_mbedcrypto.a
LOAD platform/libplatform_s.a
LOAD secure_fw/partitions/lib/runtime/libtfm_sprt.a
LOAD secure_fw/partitions/crypto/libtfm_psa_rot_partition_crypto.a
LOAD platform/libplatform_crypto_keys.a
LOAD secure_fw/partitions/crypto/mbedcrypto/nrf_security_src/libcrypto_service_mbedcrypto.a
LOAD platform/libplatform_s.a
LOAD secure_fw/partitions/lib/runtime/libtfm_sprt.a
LOAD secure_fw/partitions/crypto/libtfm_psa_rot_partition_crypto.a
LOAD platform/libplatform_crypto_keys.a
LOAD secure_fw/partitions/crypto/mbedcrypto/nrf_security_src/libcrypto_service_mbedcrypto.a
LOAD /home/ryantech/ncs/v2.4.1/nrfxlib/crypto/nrf_cc310_platform/lib/cortex-m33/soft-float/no-interrupts/libnrf_cc310_platform_0.9.17.a
LOAD /home/ryantech/ncs/v2.4.1/nrfxlib/crypto/nrf_oberon/lib/cortex-m33/soft-float/liboberon_mbedtls_3.0.13.a
LOAD secure_fw/partitions/crypto/mbedcrypto/nrf_security_src/libmbedcrypto_base.a
LOAD /home/ryantech/ncs/v2.4.1/nrfxlib/crypto/nrf_oberon/lib/cortex-m33/soft-float/liboberon_3.0.13.a
LOAD /home/ryantech/ncs/toolchains/1f9b40e71a/opt/zephyr-sdk/arm-zephyr-eabi/bin/../lib/gcc/arm-zephyr-eabi/12.2.0/../../../../arm-zephyr-eabi/lib/thumb/v8-m.main/nofp/libc_nano.a
START GROUP
LOAD /home/ryantech/ncs/toolchains/1f9b40e71a/opt/zephyr-sdk/arm-zephyr-eabi/bin/../lib/gcc/arm-zephyr-eabi/12.2.0/thumb/v8-m.main/nofp/libgcc.a
LOAD /home/ryantech/ncs/toolchains/1f9b40e71a/opt/zephyr-sdk/arm-zephyr-eabi/bin/../lib/gcc/arm-zephyr-eabi/12.2.0/../../../../arm-zephyr-eabi/lib/thumb/v8-m.main/nofp/libg_nano.a
LOAD /home/ryantech/ncs/toolchains/1f9b40e71a/opt/zephyr-sdk/arm-zephyr-eabi/bin/../lib/gcc/arm-zephyr-eabi/12.2.0/../../../../arm-zephyr-eabi/lib/thumb/v8-m.main/nofp/libc_nano.a
END GROUP
START GROUP
LOAD /home/ryantech/ncs/toolchains/1f9b40e71a/opt/zephyr-sdk/arm-zephyr-eabi/bin/../lib/gcc/arm-zephyr-eabi/12.2.0/thumb/v8-m.main/nofp/libgcc.a
LOAD /home/ryantech/ncs/toolchains/1f9b40e71a/opt/zephyr-sdk/arm-zephyr-eabi/bin/../lib/gcc/arm-zephyr-eabi/12.2.0/../../../../arm-zephyr-eabi/lib/thumb/v8-m.main/nofp/libc_nano.a
END GROUP
LOAD /home/ryantech/ncs/toolchains/1f9b40e71a/opt/zephyr-sdk/arm-zephyr-eabi/bin/../lib/gcc/arm-zephyr-eabi/12.2.0/thumb/v8-m.main/nofp/crtend.o
LOAD /home/ryantech/ncs/toolchains/1f9b40e71a/opt/zephyr-sdk/arm-zephyr-eabi/bin/../lib/gcc/arm-zephyr-eabi/12.2.0/thumb/v8-m.main/nofp/crtn.o
                0x0000000000000800                __msp_stack_size__ = 0x800
START GROUP
LOAD /home/ryantech/ncs/toolchains/1f9b40e71a/opt/zephyr-sdk/arm-zephyr-eabi/bin/../lib/gcc/arm-zephyr-eabi/12.2.0/thumb/v8-m.main/nofp/libgcc.a
LOAD /home/ryantech/ncs/toolchains/1f9b40e71a/opt/zephyr-sdk/arm-zephyr-eabi/bin/../lib/gcc/arm-zephyr-eabi/12.2.0/../../../../arm-zephyr-eabi/lib/thumb/v8-m.main/nofp/libc.a
LOAD /home/ryantech/ncs/toolchains/1f9b40e71a/opt/zephyr-sdk/arm-zephyr-eabi/bin/../lib/gcc/arm-zephyr-eabi/12.2.0/../../../../arm-zephyr-eabi/lib/thumb/v8-m.main/nofp/libm.a
LOAD /home/ryantech/ncs/toolchains/1f9b40e71a/opt/zephyr-sdk/arm-zephyr-eabi/bin/../lib/gcc/arm-zephyr-eabi/12.2.0/../../../../arm-zephyr-eabi/lib/thumb/v8-m.main/nofp/libnosys.a
LOAD /home/ryantech/ncs/toolchains/1f9b40e71a/opt/zephyr-sdk/arm-zephyr-eabi/bin/../lib/gcc/arm-zephyr-eabi/12.2.0/../../../../arm-zephyr-eabi/lib/thumb/v8-m.main/nofp/libc_nano.a
END GROUP

.TFM_VECTORS    0x0000000000000000      0x144
                0x0000000000000000                __vectors_start__ = .
 *(.vectors)
 .vectors       0x0000000000000000      0x144 secure_fw/CMakeFiles/tfm_s.dir/__/platform/ext/target/nordic_nrf/common/nrf91/gcc/startup_nrf91.o
                0x0000000000000000                __Vectors
                0x0000000000000144                . = ALIGN (0x4)
                0x0000000000000144                __vectors_end__ = .
                0x0000000000000001                ASSERT ((. <= (ADDR (.TFM_VECTORS) + 0x144)), .TFM_VECTORS section size overflow.)
                0x0000000000000144                . = (ADDR (.TFM_VECTORS) + 0x144)

.copy.table     0x0000000000000144       0x24
                0x0000000000000144                __copy_table_start__ = .
                0x0000000000000144        0x4 LONG 0xfc20 LOADADDR (.TFM_DATA)
                0x0000000000000148        0x4 LONG 0x20002d80 ADDR (.TFM_DATA)
                0x000000000000014c        0x4 LONG 0x41 (SIZEOF (.TFM_DATA) / 0x4)
                0x0000000000000150        0x4 LONG 0x5140 LOADADDR (.TFM_PSA_ROT_LINKER_DATA)
                0x0000000000000154        0x4 LONG 0x20001c40 ADDR (.TFM_PSA_ROT_LINKER_DATA)
                0x0000000000000158        0x4 LONG 0x0 (SIZEOF (.TFM_PSA_ROT_LINKER_DATA) / 0x4)
                0x000000000000015c        0x4 LONG 0x5140 LOADADDR (.TFM_APP_ROT_LINKER_DATA)
                0x0000000000000160        0x4 LONG 0x20001c20 ADDR (.TFM_APP_ROT_LINKER_DATA)
                0x0000000000000164        0x4 LONG 0x0 (SIZEOF (.TFM_APP_ROT_LINKER_DATA) / 0x4)
                0x0000000000000168                __copy_table_end__ = .

.zero.table     0x0000000000000168       0x20
                0x0000000000000168                __zero_table_start__ = .
                0x0000000000000168        0x4 LONG 0x20002ea0 ADDR (.TFM_BSS)
                0x000000000000016c        0x4 LONG 0x645 (SIZEOF (.TFM_BSS) / 0x4)
                0x0000000000000170        0x4 LONG 0x20001c40 ADDR (.TFM_PSA_ROT_LINKER_BSS)
                0x0000000000000174        0x4 LONG 0x450 (SIZEOF (.TFM_PSA_ROT_LINKER_BSS) / 0x4)
                0x0000000000000178        0x4 LONG 0x20001c20 ADDR (.TFM_APP_ROT_LINKER_BSS)
                0x000000000000017c        0x4 LONG 0x8 (SIZEOF (.TFM_APP_ROT_LINKER_BSS) / 0x4)
                0x0000000000000180        0x4 LONG 0x20001c00 ADDR (.TFM_SP_META_PTR)
                0x0000000000000184        0x4 LONG 0x8 (SIZEOF (.TFM_SP_META_PTR) / 0x4)
                0x0000000000000188                __zero_table_end__ = .

.TFM_SP_LOAD_LIST
                0x0000000000000188       0xc4
 *(.part_load_priority_lowest)
 .part_load_priority_lowest
                0x0000000000000188       0x30 secure_fw/CMakeFiles/tfm_s.dir/partitions/ns_agent_tz/load_info_ns_agent_tz.o
                0x0000000000000188                tfm_sp_ns_agent_tz_load
 *(.part_load_priority_low)
 *(.part_load_priority_normal)
 .part_load_priority_normal
                0x00000000000001b8       0x4c secure_fw/CMakeFiles/tfm_s.dir/__/generated/secure_fw/partitions/crypto/auto_generated/load_info_tfm_crypto.o
                0x00000000000001b8                tfm_sp_crypto_load
 .part_load_priority_normal
                0x0000000000000204       0x48 secure_fw/CMakeFiles/tfm_s.dir/__/generated/secure_fw/partitions/platform/auto_generated/load_info_tfm_platform.o
                0x0000000000000204                tfm_sp_platform_load
 *(.part_load_priority_high)
                0x0000000000000188                Image$$TFM_SP_LOAD_LIST$$RO$$Base = ADDR (.TFM_SP_LOAD_LIST)
                0x000000000000024c                Image$$TFM_SP_LOAD_LIST$$RO$$Limit = (ADDR (.TFM_SP_LOAD_LIST) + SIZEOF (.TFM_SP_LOAD_LIST))
                0x0000000000000260                . = ALIGN (0x20)
                0x0000000000000260                Image$$TFM_PSA_CODE_START$$Base = .

.TFM_PSA_ROT_LINKER
                0x0000000000000260      0x8a0
 *tfm_psa_rot_partition*:*(.text*)
 .text.platform_sp_system_reset
                0x0000000000000260        0xe secure_fw/partitions/platform/libtfm_psa_rot_partition_platform.a(platform_sp.o)
                0x0000000000000260                platform_sp_system_reset
 .text.platform_sp_system_reset_psa_api
                0x000000000000026e       0x16 secure_fw/partitions/platform/libtfm_psa_rot_partition_platform.a(platform_sp.o)
 .text.platform_sp_ioctl_psa_api
                0x0000000000000284      0x1bc secure_fw/partitions/platform/libtfm_psa_rot_partition_platform.a(platform_sp.o)
 .text.tfm_platform_service_sfn
                0x0000000000000440       0x3c secure_fw/partitions/platform/libtfm_psa_rot_partition_platform.a(platform_sp.o)
                0x0000000000000440                tfm_platform_service_sfn
 .text.platform_sp_init
                0x000000000000047c        0xe secure_fw/partitions/platform/libtfm_psa_rot_partition_platform.a(platform_sp.o)
                0x000000000000047c                platform_sp_init
 .text.mbedtls_svc_key_id_make
                0x000000000000048a       0x22 secure_fw/partitions/crypto/libtfm_psa_rot_partition_crypto.a(crypto_init.o)
 .text.tfm_crypto_set_scratch_owner
                0x00000000000004ac       0x20 secure_fw/partitions/crypto/libtfm_psa_rot_partition_crypto.a(crypto_init.o)
 .text.tfm_crypto_get_scratch_owner
                0x00000000000004cc       0x24 secure_fw/partitions/crypto/libtfm_psa_rot_partition_crypto.a(crypto_init.o)
 .text.tfm_crypto_alloc_scratch
                0x00000000000004f0       0x58 secure_fw/partitions/crypto/libtfm_psa_rot_partition_crypto.a(crypto_init.o)
 .text.tfm_crypto_clear_scratch
                0x0000000000000548       0x2c secure_fw/partitions/crypto/libtfm_psa_rot_partition_crypto.a(crypto_init.o)
 .text.tfm_crypto_set_caller_id
                0x0000000000000574       0x16 secure_fw/partitions/crypto/libtfm_psa_rot_partition_crypto.a(crypto_init.o)
 .text.tfm_crypto_get_caller_id
                0x000000000000058a       0x18 secure_fw/partitions/crypto/libtfm_psa_rot_partition_crypto.a(crypto_init.o)
                0x000000000000058a                tfm_crypto_get_caller_id
 .text.tfm_crypto_init_iovecs
                0x00000000000005a2       0xe2 secure_fw/partitions/crypto/libtfm_psa_rot_partition_crypto.a(crypto_init.o)
 .text.tfm_crypto_call_srv
                0x0000000000000684      0x14e secure_fw/partitions/crypto/libtfm_psa_rot_partition_crypto.a(crypto_init.o)
 *fill*         0x00000000000007d2        0x2 
 .text.tfm_crypto_engine_init
                0x00000000000007d4       0x1c secure_fw/partitions/crypto/libtfm_psa_rot_partition_crypto.a(crypto_init.o)
 .text.tfm_crypto_module_init
                0x00000000000007f0        0xe secure_fw/partitions/crypto/libtfm_psa_rot_partition_crypto.a(crypto_init.o)
 .text.tfm_crypto_init
                0x00000000000007fe       0x42 secure_fw/partitions/crypto/libtfm_psa_rot_partition_crypto.a(crypto_init.o)
                0x00000000000007fe                tfm_crypto_init
 .text.tfm_crypto_sfn
                0x0000000000000840       0x26 secure_fw/partitions/crypto/libtfm_psa_rot_partition_crypto.a(crypto_init.o)
                0x0000000000000840                tfm_crypto_sfn
 *fill*         0x0000000000000866        0x2 
 .text.tfm_crypto_api_dispatcher
                0x0000000000000868      0x178 secure_fw/partitions/crypto/libtfm_psa_rot_partition_crypto.a(crypto_init.o)
                0x0000000000000868                tfm_crypto_api_dispatcher
 .text.tfm_crypto_init_alloc
                0x00000000000009e0       0x18 secure_fw/partitions/crypto/libtfm_psa_rot_partition_crypto.a(crypto_alloc.o)
                0x00000000000009e0                tfm_crypto_init_alloc
 .text.tfm_crypto_cipher_interface
                0x00000000000009f8       0x1a secure_fw/partitions/crypto/libtfm_psa_rot_partition_crypto.a(crypto_cipher.o)
                0x00000000000009f8                tfm_crypto_cipher_interface
 .text.tfm_crypto_hash_interface
                0x0000000000000a12       0x18 secure_fw/partitions/crypto/libtfm_psa_rot_partition_crypto.a(crypto_hash.o)
                0x0000000000000a12                tfm_crypto_hash_interface
 .text.tfm_crypto_mac_interface
                0x0000000000000a2a       0x1a secure_fw/partitions/crypto/libtfm_psa_rot_partition_crypto.a(crypto_mac.o)
                0x0000000000000a2a                tfm_crypto_mac_interface
 .text.tfm_crypto_aead_interface
                0x0000000000000a44       0x1a secure_fw/partitions/crypto/libtfm_psa_rot_partition_crypto.a(crypto_aead.o)
                0x0000000000000a44                tfm_crypto_aead_interface
 .text.tfm_crypto_asymmetric_sign_interface
                0x0000000000000a5e       0x1a secure_fw/partitions/crypto/libtfm_psa_rot_partition_crypto.a(crypto_asymmetric.o)
                0x0000000000000a5e                tfm_crypto_asymmetric_sign_interface
 .text.tfm_crypto_asymmetric_encrypt_interface
                0x0000000000000a78       0x1a secure_fw/partitions/crypto/libtfm_psa_rot_partition_crypto.a(crypto_asymmetric.o)
                0x0000000000000a78                tfm_crypto_asymmetric_encrypt_interface
 .text.tfm_crypto_key_derivation_interface
                0x0000000000000a92       0x1a secure_fw/partitions/crypto/libtfm_psa_rot_partition_crypto.a(crypto_key_derivation.o)
                0x0000000000000a92                tfm_crypto_key_derivation_interface
 .text.tfm_crypto_key_management_interface
                0x0000000000000aac       0x1a secure_fw/partitions/crypto/libtfm_psa_rot_partition_crypto.a(crypto_key_management.o)
                0x0000000000000aac                tfm_crypto_key_management_interface
 .text.tfm_crypto_random_interface
                0x0000000000000ac6       0x28 secure_fw/partitions/crypto/libtfm_psa_rot_partition_crypto.a(crypto_rng.o)
                0x0000000000000ac6                tfm_crypto_random_interface
 *tfm_psa_rot_partition*:*(.rodata*)
 *(TFM_*_PSA-ROT_ATTR_FN)
                0x0000000000000b00                . = ALIGN (0x20)
 *fill*         0x0000000000000aee       0x12 
                0x0000000000000260                Image$$TFM_PSA_ROT_LINKER$$RO$$Base = ADDR (.TFM_PSA_ROT_LINKER)
                0x0000000000000b00                Image$$TFM_PSA_ROT_LINKER$$RO$$Limit = (ADDR (.TFM_PSA_ROT_LINKER) + SIZEOF (.TFM_PSA_ROT_LINKER))
                0x0000000000000260                Image$$TFM_PSA_ROT_LINKER$$Base = ADDR (.TFM_PSA_ROT_LINKER)
                0x0000000000000b00                Image$$TFM_PSA_ROT_LINKER$$Limit = (ADDR (.TFM_PSA_ROT_LINKER) + SIZEOF (.TFM_PSA_ROT_LINKER))
                0x0000000000000b00                Image$$TFM_PSA_CODE_END$$Base = .
                0x0000000000000b00                Image$$TFM_APP_CODE_START$$Base = .

.TFM_APP_ROT_LINKER
                0x0000000000000b00        0x0
 *tfm_app_rot_partition*:*(.text*)
 *tfm_app_rot_partition*:*(.rodata*)
 *(TFM_*_APP-ROT_ATTR_FN)
                0x0000000000000b00                . = ALIGN (0x20)
                0x0000000000000b00                Image$$TFM_APP_ROT_LINKER$$RO$$Base = ADDR (.TFM_APP_ROT_LINKER)
                0x0000000000000b00                Image$$TFM_APP_ROT_LINKER$$RO$$Limit = (ADDR (.TFM_APP_ROT_LINKER) + SIZEOF (.TFM_APP_ROT_LINKER))
                0x0000000000000b00                Image$$TFM_APP_ROT_LINKER$$Base = ADDR (.TFM_APP_ROT_LINKER)
                0x0000000000000b00                Image$$TFM_APP_ROT_LINKER$$Limit = (ADDR (.TFM_APP_ROT_LINKER) + SIZEOF (.TFM_APP_ROT_LINKER))
                0x0000000000000b00                Image$$TFM_APP_CODE_END$$Base = .

.ER_TFM_CODE    0x0000000000000b00     0x4638
 *startup*(.text*)
 .text.NMI_Handler
                0x0000000000000b00        0x6 secure_fw/CMakeFiles/tfm_s.dir/__/platform/ext/target/nordic_nrf/common/nrf91/gcc/startup_nrf91.o
                0x0000000000000b00                NMI_Handler
 .text.DebugMon_Handler
                0x0000000000000b06        0x6 secure_fw/CMakeFiles/tfm_s.dir/__/platform/ext/target/nordic_nrf/common/nrf91/gcc/startup_nrf91.o
                0x0000000000000b06                DebugMon_Handler
 .text.SysTick_Handler
                0x0000000000000b0c        0x6 secure_fw/CMakeFiles/tfm_s.dir/__/platform/ext/target/nordic_nrf/common/nrf91/gcc/startup_nrf91.o
                0x0000000000000b0c                SysTick_Handler
 .text.SPU_IRQHandler
                0x0000000000000b12        0x6 secure_fw/CMakeFiles/tfm_s.dir/__/platform/ext/target/nordic_nrf/common/nrf91/gcc/startup_nrf91.o
                0x0000000000000b12                SPU_IRQHandler
 .text.CLOCK_POWER_IRQHandler
                0x0000000000000b18        0x6 secure_fw/CMakeFiles/tfm_s.dir/__/platform/ext/target/nordic_nrf/common/nrf91/gcc/startup_nrf91.o
                0x0000000000000b18                CLOCK_POWER_IRQHandler
 .text.SPIM0_SPIS0_TWIM0_TWIS0_UARTE0_IRQHandler
                0x0000000000000b1e        0x6 secure_fw/CMakeFiles/tfm_s.dir/__/platform/ext/target/nordic_nrf/common/nrf91/gcc/startup_nrf91.o
                0x0000000000000b1e                SPIM0_SPIS0_TWIM0_TWIS0_UARTE0_IRQHandler
 .text.SPIM1_SPIS1_TWIM1_TWIS1_UARTE1_IRQHandler
                0x0000000000000b24        0x6 secure_fw/CMakeFiles/tfm_s.dir/__/platform/ext/target/nordic_nrf/common/nrf91/gcc/startup_nrf91.o
                0x0000000000000b24                SPIM1_SPIS1_TWIM1_TWIS1_UARTE1_IRQHandler
 .text.SPIM2_SPIS2_TWIM2_TWIS2_UARTE2_IRQHandler
                0x0000000000000b2a        0x6 secure_fw/CMakeFiles/tfm_s.dir/__/platform/ext/target/nordic_nrf/common/nrf91/gcc/startup_nrf91.o
                0x0000000000000b2a                SPIM2_SPIS2_TWIM2_TWIS2_UARTE2_IRQHandler
 .text.UARTE3_SPIM3_SPIS3_TWIM3_TWIS3_IRQHandler
                0x0000000000000b30        0x6 secure_fw/CMakeFiles/tfm_s.dir/__/platform/ext/target/nordic_nrf/common/nrf91/gcc/startup_nrf91.o
                0x0000000000000b30                UARTE3_SPIM3_SPIS3_TWIM3_TWIS3_IRQHandler
 .text.GPIOTE0_IRQHandler
                0x0000000000000b36        0x6 secure_fw/CMakeFiles/tfm_s.dir/__/platform/ext/target/nordic_nrf/common/nrf91/gcc/startup_nrf91.o
                0x0000000000000b36                GPIOTE0_IRQHandler
 .text.SAADC_IRQHandler
                0x0000000000000b3c        0x6 secure_fw/CMakeFiles/tfm_s.dir/__/platform/ext/target/nordic_nrf/common/nrf91/gcc/startup_nrf91.o
                0x0000000000000b3c                SAADC_IRQHandler
 .text.TIMER0_IRQHandler
                0x0000000000000b42        0x6 secure_fw/CMakeFiles/tfm_s.dir/__/platform/ext/target/nordic_nrf/common/nrf91/gcc/startup_nrf91.o
                0x0000000000000b42                TIMER0_IRQHandler
 .text.TIMER1_IRQHandler
                0x0000000000000b48        0x6 secure_fw/CMakeFiles/tfm_s.dir/__/platform/ext/target/nordic_nrf/common/nrf91/gcc/startup_nrf91.o
                0x0000000000000b48                TIMER1_IRQHandler
 .text.TIMER2_IRQHandler
                0x0000000000000b4e        0x6 secure_fw/CMakeFiles/tfm_s.dir/__/platform/ext/target/nordic_nrf/common/nrf91/gcc/startup_nrf91.o
                0x0000000000000b4e                TIMER2_IRQHandler
 .text.RTC0_IRQHandler
                0x0000000000000b54        0x6 secure_fw/CMakeFiles/tfm_s.dir/__/platform/ext/target/nordic_nrf/common/nrf91/gcc/startup_nrf91.o
                0x0000000000000b54                RTC0_IRQHandler
 .text.RTC1_IRQHandler
                0x0000000000000b5a        0x6 secure_fw/CMakeFiles/tfm_s.dir/__/platform/ext/target/nordic_nrf/common/nrf91/gcc/startup_nrf91.o
                0x0000000000000b5a                RTC1_IRQHandler
 .text.WDT_IRQHandler
                0x0000000000000b60        0x6 secure_fw/CMakeFiles/tfm_s.dir/__/platform/ext/target/nordic_nrf/common/nrf91/gcc/startup_nrf91.o
                0x0000000000000b60                WDT_IRQHandler
 .text.EGU0_IRQHandler
                0x0000000000000b66        0x6 secure_fw/CMakeFiles/tfm_s.dir/__/platform/ext/target/nordic_nrf/common/nrf91/gcc/startup_nrf91.o
                0x0000000000000b66                EGU0_IRQHandler
 .text.EGU1_IRQHandler
                0x0000000000000b6c        0x6 secure_fw/CMakeFiles/tfm_s.dir/__/platform/ext/target/nordic_nrf/common/nrf91/gcc/startup_nrf91.o
                0x0000000000000b6c                EGU1_IRQHandler
 .text.EGU2_IRQHandler
                0x0000000000000b72        0x6 secure_fw/CMakeFiles/tfm_s.dir/__/platform/ext/target/nordic_nrf/common/nrf91/gcc/startup_nrf91.o
                0x0000000000000b72                EGU2_IRQHandler
 .text.EGU3_IRQHandler
                0x0000000000000b78        0x6 secure_fw/CMakeFiles/tfm_s.dir/__/platform/ext/target/nordic_nrf/common/nrf91/gcc/startup_nrf91.o
                0x0000000000000b78                EGU3_IRQHandler
 .text.EGU4_IRQHandler
                0x0000000000000b7e        0x6 secure_fw/CMakeFiles/tfm_s.dir/__/platform/ext/target/nordic_nrf/common/nrf91/gcc/startup_nrf91.o
                0x0000000000000b7e                EGU4_IRQHandler
 .text.EGU5_IRQHandler
                0x0000000000000b84        0x6 secure_fw/CMakeFiles/tfm_s.dir/__/platform/ext/target/nordic_nrf/common/nrf91/gcc/startup_nrf91.o
                0x0000000000000b84                EGU5_IRQHandler
 .text.PWM0_IRQHandler
                0x0000000000000b8a        0x6 secure_fw/CMakeFiles/tfm_s.dir/__/platform/ext/target/nordic_nrf/common/nrf91/gcc/startup_nrf91.o
                0x0000000000000b8a                PWM0_IRQHandler
 .text.PWM1_IRQHandler
                0x0000000000000b90        0x6 secure_fw/CMakeFiles/tfm_s.dir/__/platform/ext/target/nordic_nrf/common/nrf91/gcc/startup_nrf91.o
                0x0000000000000b90                PWM1_IRQHandler
 .text.PWM2_IRQHandler
                0x0000000000000b96        0x6 secure_fw/CMakeFiles/tfm_s.dir/__/platform/ext/target/nordic_nrf/common/nrf91/gcc/startup_nrf91.o
                0x0000000000000b96                PWM2_IRQHandler
 .text.PWM3_IRQHandler
                0x0000000000000b9c        0x6 secure_fw/CMakeFiles/tfm_s.dir/__/platform/ext/target/nordic_nrf/common/nrf91/gcc/startup_nrf91.o
                0x0000000000000b9c                PWM3_IRQHandler
 .text.PDM_IRQHandler
                0x0000000000000ba2        0x6 secure_fw/CMakeFiles/tfm_s.dir/__/platform/ext/target/nordic_nrf/common/nrf91/gcc/startup_nrf91.o
                0x0000000000000ba2                PDM_IRQHandler
 .text.I2S_IRQHandler
                0x0000000000000ba8        0x6 secure_fw/CMakeFiles/tfm_s.dir/__/platform/ext/target/nordic_nrf/common/nrf91/gcc/startup_nrf91.o
                0x0000000000000ba8                I2S_IRQHandler
 .text.IPC_IRQHandler
                0x0000000000000bae        0x6 secure_fw/CMakeFiles/tfm_s.dir/__/platform/ext/target/nordic_nrf/common/nrf91/gcc/startup_nrf91.o
                0x0000000000000bae                IPC_IRQHandler
 .text.FPU_IRQHandler
                0x0000000000000bb4        0x6 secure_fw/CMakeFiles/tfm_s.dir/__/platform/ext/target/nordic_nrf/common/nrf91/gcc/startup_nrf91.o
                0x0000000000000bb4                FPU_IRQHandler
 .text.GPIOTE1_IRQHandler
                0x0000000000000bba        0x6 secure_fw/CMakeFiles/tfm_s.dir/__/platform/ext/target/nordic_nrf/common/nrf91/gcc/startup_nrf91.o
                0x0000000000000bba                GPIOTE1_IRQHandler
 .text.KMU_IRQHandler
                0x0000000000000bc0        0x6 secure_fw/CMakeFiles/tfm_s.dir/__/platform/ext/target/nordic_nrf/common/nrf91/gcc/startup_nrf91.o
                0x0000000000000bc0                KMU_IRQHandler
 .text.CRYPTOCELL_IRQHandler
                0x0000000000000bc6        0x6 secure_fw/CMakeFiles/tfm_s.dir/__/platform/ext/target/nordic_nrf/common/nrf91/gcc/startup_nrf91.o
                0x0000000000000bc6                CRYPTOCELL_IRQHandler
 *fill*         0x0000000000000bcc        0x4 
 .text.Reset_Handler
                0x0000000000000bd0       0xf4 secure_fw/CMakeFiles/tfm_s.dir/__/platform/ext/target/nordic_nrf/common/nrf91/gcc/startup_nrf91.o
                0x0000000000000bd0                Reset_Handler
 *libplatform_s*:*(.text*)
 .text.__NVIC_SystemReset
                0x0000000000000cc4       0x2c platform/libplatform_s.a(system_nrf91.o)
 .text.nrf91_errata_6
                0x0000000000000cf0       0x50 platform/libplatform_s.a(system_nrf91.o)
 .text.nrf91_errata_14
                0x0000000000000d40       0x50 platform/libplatform_s.a(system_nrf91.o)
 .text.nrf91_errata_15
                0x0000000000000d90       0x50 platform/libplatform_s.a(system_nrf91.o)
 .text.nrf91_errata_20
                0x0000000000000de0       0x50 platform/libplatform_s.a(system_nrf91.o)
 .text.nrf91_errata_31
                0x0000000000000e30       0x50 platform/libplatform_s.a(system_nrf91.o)
 .text.nrf91_errata_36
                0x0000000000000e80        0xe platform/libplatform_s.a(system_nrf91.o)
 .text.nrf91_handle_approtect
                0x0000000000000e8e       0x14 platform/libplatform_s.a(system_nrf91.o)
 *fill*         0x0000000000000ea2        0x2 
 .text.SystemInit
                0x0000000000000ea4      0x1c4 platform/libplatform_s.a(system_nrf91.o)
                0x0000000000000ea4                SystemInit
 .text.uicr_HFXOCNT_erased
                0x0000000000001068       0x20 platform/libplatform_s.a(system_nrf91.o)
 .text.uicr_HFXOSRC_erased
                0x0000000000001088       0x30 platform/libplatform_s.a(system_nrf91.o)
 .text.is_empty_word
                0x00000000000010b8       0x2c platform/libplatform_s.a(system_nrf91.o)
 .text.nrfx_critical_section_enter
                0x00000000000010e4       0x20 platform/libplatform_s.a(nrfx_glue.o)
                0x00000000000010e4                nrfx_critical_section_enter
 .text.nrfx_critical_section_exit
                0x0000000000001104       0x44 platform/libplatform_s.a(nrfx_glue.o)
                0x0000000000001104                nrfx_critical_section_exit
 .text.mpu_armv8m_enable
                0x0000000000001148       0x60 platform/libplatform_s.a(mpu_armv8m_drv.o)
                0x0000000000001148                mpu_armv8m_enable
 .text.mpu_armv8m_region_enable
                0x00000000000011a8       0xd8 platform/libplatform_s.a(mpu_armv8m_drv.o)
                0x00000000000011a8                mpu_armv8m_region_enable
 .text.mpu_armv8m_region_disable
                0x0000000000001280       0x46 platform/libplatform_s.a(mpu_armv8m_drv.o)
                0x0000000000001280                mpu_armv8m_region_disable
 .text.mpu_armv8m_clean
                0x00000000000012c6       0x3e platform/libplatform_s.a(mpu_armv8m_drv.o)
                0x00000000000012c6                mpu_armv8m_clean
 .text.nrf_spu_int_enable
                0x0000000000001304       0x1c platform/libplatform_s.a(spu.o)
 .text.nrf_spu_flashnsc_set
                0x0000000000001320       0xb0 platform/libplatform_s.a(spu.o)
 .text.nrf_spu_flashregion_set
                0x00000000000013d0       0x74 platform/libplatform_s.a(spu.o)
 .text.nrf_spu_ramregion_set
                0x0000000000001444       0x74 platform/libplatform_s.a(spu.o)
 .text.nrf_spu_peripheral_set
                0x00000000000014b8       0xa8 platform/libplatform_s.a(spu.o)
 .text.spu_enable_interrupts
                0x0000000000001560       0x14 platform/libplatform_s.a(spu.o)
                0x0000000000001560                spu_enable_interrupts
 .text.spu_region_is_bootloader_region
                0x0000000000001574       0x1c platform/libplatform_s.a(spu.o)
 .text.spu_region_is_pcd_region
                0x0000000000001590       0x1c platform/libplatform_s.a(spu.o)
 .text.spu_regions_reset_unlocked_secure
                0x00000000000015ac       0x8c platform/libplatform_s.a(spu.o)
                0x00000000000015ac                spu_regions_reset_unlocked_secure
 .text.spu_regions_flash_config_non_secure
                0x0000000000001638       0x4c platform/libplatform_s.a(spu.o)
                0x0000000000001638                spu_regions_flash_config_non_secure
 .text.spu_regions_sram_config_non_secure
                0x0000000000001684       0x54 platform/libplatform_s.a(spu.o)
                0x0000000000001684                spu_regions_sram_config_non_secure
 .text.spu_regions_flash_config_non_secure_callable
                0x00000000000016d8       0xc4 platform/libplatform_s.a(spu.o)
                0x00000000000016d8                spu_regions_flash_config_non_secure_callable
 .text.spu_regions_flash_get_base_address_in_region
                0x000000000000179c       0x16 platform/libplatform_s.a(spu.o)
                0x000000000000179c                spu_regions_flash_get_base_address_in_region
 .text.spu_regions_flash_get_last_address_in_region
                0x00000000000017b2       0x1a platform/libplatform_s.a(spu.o)
                0x00000000000017b2                spu_regions_flash_get_last_address_in_region
 .text.spu_regions_flash_get_start_id
                0x00000000000017cc        0xe platform/libplatform_s.a(spu.o)
                0x00000000000017cc                spu_regions_flash_get_start_id
 .text.spu_regions_flash_get_last_id
                0x00000000000017da        0xe platform/libplatform_s.a(spu.o)
                0x00000000000017da                spu_regions_flash_get_last_id
 .text.spu_regions_flash_get_region_size
                0x00000000000017e8       0x10 platform/libplatform_s.a(spu.o)
                0x00000000000017e8                spu_regions_flash_get_region_size
 .text.spu_regions_sram_get_base_address_in_region
                0x00000000000017f8       0x1c platform/libplatform_s.a(spu.o)
                0x00000000000017f8                spu_regions_sram_get_base_address_in_region
 .text.spu_regions_sram_get_last_address_in_region
                0x0000000000001814       0x1e platform/libplatform_s.a(spu.o)
                0x0000000000001814                spu_regions_sram_get_last_address_in_region
 .text.spu_regions_sram_get_start_id
                0x0000000000001832        0xe platform/libplatform_s.a(spu.o)
                0x0000000000001832                spu_regions_sram_get_start_id
 .text.spu_regions_sram_get_last_id
                0x0000000000001840        0xe platform/libplatform_s.a(spu.o)
                0x0000000000001840                spu_regions_sram_get_last_id
 .text.spu_regions_sram_get_region_size
                0x000000000000184e       0x10 platform/libplatform_s.a(spu.o)
                0x000000000000184e                spu_regions_sram_get_region_size
 *fill*         0x000000000000185e        0x2 
 .text.spu_peripheral_config_secure
                0x0000000000001860       0x5c platform/libplatform_s.a(spu.o)
                0x0000000000001860                spu_peripheral_config_secure
 .text.spu_peripheral_config_non_secure
                0x00000000000018bc       0x5c platform/libplatform_s.a(spu.o)
                0x00000000000018bc                spu_peripheral_config_non_secure
 .text.crypto_platform_init
                0x0000000000001918       0x22 platform/libplatform_s.a(tfm_hal_platform.o)
 *fill*         0x000000000000193a        0x2 
 .text.allow_nonsecure_reset
                0x000000000000193c       0x3c platform/libplatform_s.a(tfm_hal_platform.o)
 .text.tfm_hal_platform_init
                0x0000000000001978       0x34 platform/libplatform_s.a(tfm_hal_platform.o)
                0x0000000000001978                tfm_hal_platform_init
 .text.tfm_plat_otp_init
                0x00000000000019ac        0xe platform/libplatform_s.a(dummy_otp.o)
                0x00000000000019ac                tfm_plat_otp_init
 .text.tfm_plat_provisioning_is_required
                0x00000000000019ba        0xe platform/libplatform_s.a(dummy_provisioning.o)
                0x00000000000019ba                tfm_plat_provisioning_is_required
 .text.tfm_plat_provisioning_perform
                0x00000000000019c8        0xe platform/libplatform_s.a(dummy_provisioning.o)
                0x00000000000019c8                tfm_plat_provisioning_perform
 .text.tfm_plat_provisioning_check_for_dummy_keys
                0x00000000000019d6        0xc platform/libplatform_s.a(dummy_provisioning.o)
                0x00000000000019d6                tfm_plat_provisioning_check_for_dummy_keys
 *fill*         0x00000000000019e2        0x2 
 .text.__NVIC_SystemReset
                0x00000000000019e4       0x2c platform/libplatform_s.a(tfm_platform_system.o)
 .text.tfm_platform_hal_system_reset
                0x0000000000001a10        0x8 platform/libplatform_s.a(tfm_platform_system.o)
                0x0000000000001a10                tfm_platform_hal_system_reset
 .text.tfm_platform_hal_ioctl
                0x0000000000001a18       0x28 platform/libplatform_s.a(tfm_platform_system.o)
                0x0000000000001a18                tfm_platform_hal_ioctl
 .text.__NVIC_SystemReset
                0x0000000000001a40       0x2c platform/libplatform_s.a(tfm_hal_reset_halt.o)
 .text.tfm_hal_system_reset
                0x0000000000001a6c        0x8 platform/libplatform_s.a(tfm_hal_reset_halt.o)
                0x0000000000001a6c                tfm_hal_system_reset
 .text.tfm_platform_hal_read_service
                0x0000000000001a74       0xe4 platform/libplatform_s.a(tfm_platform_hal_ioctl.o)
                0x0000000000001a74                tfm_platform_hal_read_service
 *libtfm_spm*:*(.text*)
 .text.tfm_core_panic
                0x0000000000001b58        0xc secure_fw/spm/libtfm_spm.a(utilities.o)
                0x0000000000001b58                tfm_core_panic
 .text.tfm_arch_set_msplim
                0x0000000000001b64       0x1e secure_fw/spm/libtfm_spm.a(main.o)
 *fill*         0x0000000000001b82        0x2 
 .text.tfm_core_init
                0x0000000000001b84       0x78 secure_fw/spm/libtfm_spm.a(main.o)
 .text.main     0x0000000000001bfc       0x3c secure_fw/spm/libtfm_spm.a(main.o)
                0x0000000000001bfc                main
 .text.cross_call_entering_c
                0x0000000000001c38       0x54 secure_fw/spm/libtfm_spm.a(spm_cross_call.o)
                0x0000000000001c38                cross_call_entering_c
 .text.cross_call_exiting_c
                0x0000000000001c8c       0x4c secure_fw/spm/libtfm_spm.a(spm_cross_call.o)
                0x0000000000001c8c                cross_call_exiting_c
 .text.spm_interface_cross_dispatcher
                0x0000000000001cd8       0x6c secure_fw/spm/libtfm_spm.a(spm_cross_call.o)
                0x0000000000001cd8                spm_interface_cross_dispatcher
 .text.__save_disable_irq
                0x0000000000001d44       0x1a secure_fw/spm/libtfm_spm.a(psa_api.o)
 .text.__restore_irq
                0x0000000000001d5e       0x18 secure_fw/spm/libtfm_spm.a(psa_api.o)
 .text.spm_handle_programmer_errors
                0x0000000000001d76       0x34 secure_fw/spm/libtfm_spm.a(psa_api.o)
                0x0000000000001d76                spm_handle_programmer_errors
 .text.tfm_spm_get_lifecycle_state
                0x0000000000001daa        0xe secure_fw/spm/libtfm_spm.a(psa_api.o)
                0x0000000000001daa                tfm_spm_get_lifecycle_state
 .text.tfm_spm_client_psa_framework_version
                0x0000000000001db8       0x10 secure_fw/spm/libtfm_spm.a(psa_api.o)
                0x0000000000001db8                tfm_spm_client_psa_framework_version
 .text.tfm_spm_client_psa_version
                0x0000000000001dc8       0x46 secure_fw/spm/libtfm_spm.a(psa_api.o)
                0x0000000000001dc8                tfm_spm_client_psa_version
 *fill*         0x0000000000001e0e        0x2 
 .text.tfm_spm_client_psa_call
                0x0000000000001e10      0x338 secure_fw/spm/libtfm_spm.a(psa_api.o)
                0x0000000000001e10                tfm_spm_client_psa_call
 .text.tfm_spm_partition_psa_wait
                0x0000000000002148       0x60 secure_fw/spm/libtfm_spm.a(psa_api.o)
                0x0000000000002148                tfm_spm_partition_psa_wait
 .text.tfm_spm_partition_psa_get
                0x00000000000021a8       0xa0 secure_fw/spm/libtfm_spm.a(psa_api.o)
                0x00000000000021a8                tfm_spm_partition_psa_get
 .text.tfm_spm_partition_psa_read
                0x0000000000002248       0xdc secure_fw/spm/libtfm_spm.a(psa_api.o)
                0x0000000000002248                tfm_spm_partition_psa_read
 .text.tfm_spm_partition_psa_skip
                0x0000000000002324       0xa0 secure_fw/spm/libtfm_spm.a(psa_api.o)
                0x0000000000002324                tfm_spm_partition_psa_skip
 .text.tfm_spm_partition_psa_write
                0x00000000000023c4       0xd0 secure_fw/spm/libtfm_spm.a(psa_api.o)
                0x00000000000023c4                tfm_spm_partition_psa_write
 .text.tfm_spm_partition_psa_reply
                0x0000000000002494       0xfe secure_fw/spm/libtfm_spm.a(psa_api.o)
                0x0000000000002494                tfm_spm_partition_psa_reply
 .text.tfm_spm_partition_psa_panic
                0x0000000000002592        0xc secure_fw/spm/libtfm_spm.a(psa_api.o)
                0x0000000000002592                tfm_spm_partition_psa_panic
 .text.__save_disable_irq
                0x000000000000259e       0x1a secure_fw/spm/libtfm_spm.a(backend_ipc.o)
 .text.__restore_irq
                0x00000000000025b8       0x18 secure_fw/spm/libtfm_spm.a(backend_ipc.o)
 .text.prv_process_metadata
                0x00000000000025d0       0xc2 secure_fw/spm/libtfm_spm.a(backend_ipc.o)
 *fill*         0x0000000000002692        0x2 
 .text.backend_messaging
                0x0000000000002694       0xc8 secure_fw/spm/libtfm_spm.a(backend_ipc.o)
                0x0000000000002694                backend_messaging
 .text.backend_replying
                0x000000000000275c       0x22 secure_fw/spm/libtfm_spm.a(backend_ipc.o)
                0x000000000000275c                backend_replying
 *fill*         0x000000000000277e        0x2 
 .text.backend_init_comp_assuredly
                0x0000000000002780       0xe0 secure_fw/spm/libtfm_spm.a(backend_ipc.o)
                0x0000000000002780                backend_init_comp_assuredly
 .text.backend_system_run
                0x0000000000002860       0x68 secure_fw/spm/libtfm_spm.a(backend_ipc.o)
                0x0000000000002860                backend_system_run
 .text.backend_wait
                0x00000000000028c8       0x54 secure_fw/spm/libtfm_spm.a(backend_ipc.o)
                0x00000000000028c8                backend_wait
 .text.ipc_schedule
                0x000000000000291c       0xe8 secure_fw/spm/libtfm_spm.a(backend_ipc.o)
                0x000000000000291c                ipc_schedule
 .text.is_return_secure_stack
                0x0000000000002a04       0x22 secure_fw/spm/libtfm_spm.a(tfm_core_svcalls_ipc.o)
 *fill*         0x0000000000002a26        0x2 
 .text.tfm_arch_check_msp_sealing
                0x0000000000002a28       0x28 secure_fw/spm/libtfm_spm.a(tfm_core_svcalls_ipc.o)
 .text.SVC_Handler_IPC
                0x0000000000002a50      0x160 secure_fw/spm/libtfm_spm.a(tfm_core_svcalls_ipc.o)
 .text.tfm_core_svc_handler
                0x0000000000002bb0       0xe0 secure_fw/spm/libtfm_spm.a(tfm_core_svcalls_ipc.o)
                0x0000000000002bb0                tfm_core_svc_handler
 .text.tfm_core_handler_mode
                0x0000000000002c90        0x6 secure_fw/spm/libtfm_spm.a(tfm_core_svcalls_ipc.o)
                0x0000000000002c90                tfm_core_handler_mode
 *fill*         0x0000000000002c96        0x2 
 .text.thrd_next
                0x0000000000002c98       0x34 secure_fw/spm/libtfm_spm.a(thread.o)
                0x0000000000002c98                thrd_next
 .text.insert_by_prior
                0x0000000000002ccc       0x6e secure_fw/spm/libtfm_spm.a(thread.o)
 *fill*         0x0000000000002d3a        0x2 
 .text.thrd_start
                0x0000000000002d3c       0x40 secure_fw/spm/libtfm_spm.a(thread.o)
                0x0000000000002d3c                thrd_start
 .text.thrd_set_state
                0x0000000000002d7c       0x5c secure_fw/spm/libtfm_spm.a(thread.o)
                0x0000000000002d7c                thrd_set_state
 .text.thrd_start_scheduler
                0x0000000000002dd8       0x32 secure_fw/spm/libtfm_spm.a(thread.o)
                0x0000000000002dd8                thrd_start_scheduler
 *fill*         0x0000000000002e0a        0x2 
 .text.thrd_set_wait
                0x0000000000002e0c       0x38 secure_fw/spm/libtfm_spm.a(thread.o)
                0x0000000000002e0c                thrd_set_wait
 .text.thrd_wake_up
                0x0000000000002e44       0x5c secure_fw/spm/libtfm_spm.a(thread.o)
                0x0000000000002e44                thrd_wake_up
 .text.__NVIC_SetPriority
                0x0000000000002ea0       0x54 secure_fw/spm/libtfm_spm.a(tfm_arch_v8m_main.o)
 .text.arch_non_preempt_call
                0x0000000000002ef4       0x58 secure_fw/spm/libtfm_spm.a(tfm_arch_v8m_main.o)
                0x0000000000002ef4                arch_non_preempt_call
 .text.PendSV_Handler
                0x0000000000002f4c       0x3c secure_fw/spm/libtfm_spm.a(tfm_arch_v8m_main.o)
                0x0000000000002f4c                PendSV_Handler
 .text.SVC_Handler
                0x0000000000002f88       0x58 secure_fw/spm/libtfm_spm.a(tfm_arch_v8m_main.o)
                0x0000000000002f88                SVC_Handler
 .text.tfm_arch_set_secure_exception_priorities
                0x0000000000002fe0       0x68 secure_fw/spm/libtfm_spm.a(tfm_arch_v8m_main.o)
                0x0000000000002fe0                tfm_arch_set_secure_exception_priorities
 .text.tfm_arch_config_extensions
                0x0000000000003048        0xc secure_fw/spm/libtfm_spm.a(tfm_arch_v8m_main.o)
                0x0000000000003048                tfm_arch_config_extensions
 .text.ns_agent_tz_main
                0x0000000000003054       0x34 secure_fw/spm/libtfm_spm.a(ns_agent_tz_v80m.o)
                0x0000000000003054                ns_agent_tz_main
 .text.tfm_hal_set_up_static_boundaries
                0x0000000000003088       0x4c secure_fw/spm/libtfm_spm.a(tfm_hal_isolation.o)
                0x0000000000003088                tfm_hal_set_up_static_boundaries
 .text.tfm_hal_bind_boundary
                0x00000000000030d4      0x158 secure_fw/spm/libtfm_spm.a(tfm_hal_isolation.o)
                0x00000000000030d4                tfm_hal_bind_boundary
 .text.tfm_hal_activate_boundary
                0x000000000000322c       0x4a secure_fw/spm/libtfm_spm.a(tfm_hal_isolation.o)
                0x000000000000322c                tfm_hal_activate_boundary
 .text.accessible_to_region
                0x0000000000003276      0x196 secure_fw/spm/libtfm_spm.a(tfm_hal_isolation.o)
 .text.tfm_hal_memory_check
                0x000000000000340c      0x124 secure_fw/spm/libtfm_spm.a(tfm_hal_isolation.o)
                0x000000000000340c                tfm_hal_memory_check
 .text.mpu_init_cfg
                0x0000000000003530      0x188 secure_fw/spm/libtfm_spm.a(tfm_hal_isolation.o)
                0x0000000000003530                mpu_init_cfg
 .text.tfm_hal_boundary_need_switch
                0x00000000000036b8       0x3a secure_fw/spm/libtfm_spm.a(tfm_hal_isolation.o)
                0x00000000000036b8                tfm_hal_boundary_need_switch
 *fill*         0x00000000000036f2        0x2 
 .text.__NVIC_EnableIRQ
                0x00000000000036f4       0x38 secure_fw/spm/libtfm_spm.a(target_cfg.o)
 .text.__NVIC_ClearPendingIRQ
                0x000000000000372c       0x3c secure_fw/spm/libtfm_spm.a(target_cfg.o)
 .text.NVIC_ClearTargetState
                0x0000000000003768       0x6c secure_fw/spm/libtfm_spm.a(target_cfg.o)
 .text.__NVIC_SetPriority
                0x00000000000037d4       0x54 secure_fw/spm/libtfm_spm.a(target_cfg.o)
 .text.TZ_SAU_Disable
                0x0000000000003828       0x1c secure_fw/spm/libtfm_spm.a(target_cfg.o)
 .text.nrf_spu_dppi_config_set
                0x0000000000003844       0x6c secure_fw/spm/libtfm_spm.a(target_cfg.o)
 .text.nrf_spu_gpio_config_set
                0x00000000000038b0       0x6c secure_fw/spm/libtfm_spm.a(target_cfg.o)
 .text.spu_dppi_config_non_secure
                0x000000000000391c       0x24 secure_fw/spm/libtfm_spm.a(target_cfg.o)
 .text.spu_gpio_config_non_secure
                0x0000000000003940       0x28 secure_fw/spm/libtfm_spm.a(target_cfg.o)
 .text.nrf_nvmc_icache_config_set
                0x0000000000003968       0x40 secure_fw/spm/libtfm_spm.a(target_cfg.o)
 .text.enable_fault_handlers
                0x00000000000039a8       0x24 secure_fw/spm/libtfm_spm.a(target_cfg.o)
                0x00000000000039a8                enable_fault_handlers
 .text.system_reset_cfg
                0x00000000000039cc       0x34 secure_fw/spm/libtfm_spm.a(target_cfg.o)
                0x00000000000039cc                system_reset_cfg
 .text.init_debug
                0x0000000000003a00        0xe secure_fw/spm/libtfm_spm.a(target_cfg.o)
                0x0000000000003a00                init_debug
 *fill*         0x0000000000003a0e        0x2 
 .text.nvic_interrupt_target_state_cfg
                0x0000000000003a10       0x3c secure_fw/spm/libtfm_spm.a(target_cfg.o)
                0x0000000000003a10                nvic_interrupt_target_state_cfg
 .text.nvic_interrupt_enable
                0x0000000000003a4c       0x1a secure_fw/spm/libtfm_spm.a(target_cfg.o)
                0x0000000000003a4c                nvic_interrupt_enable
 *fill*         0x0000000000003a66        0x2 
 .text.sau_and_idau_cfg
                0x0000000000003a68       0x1c secure_fw/spm/libtfm_spm.a(target_cfg.o)
                0x0000000000003a68                sau_and_idau_cfg
 .text.spu_init_cfg
                0x0000000000003a84       0x44 secure_fw/spm/libtfm_spm.a(target_cfg.o)
                0x0000000000003a84                spu_init_cfg
 .text.spu_periph_init_cfg
                0x0000000000003ac8      0x188 secure_fw/spm/libtfm_spm.a(target_cfg.o)
                0x0000000000003ac8                spu_periph_init_cfg
 .text.spu_periph_configure_to_secure
                0x0000000000003c50       0x18 secure_fw/spm/libtfm_spm.a(target_cfg.o)
                0x0000000000003c50                spu_periph_configure_to_secure
 .text.tfm_core_check_boot_data_access_policy
                0x0000000000003c68       0x60 secure_fw/spm/libtfm_spm.a(tfm_boot_data.o)
 .text.tfm_core_validate_boot_data
                0x0000000000003cc8       0x18 secure_fw/spm/libtfm_spm.a(tfm_boot_data.o)
                0x0000000000003cc8                tfm_core_validate_boot_data
 .text.tfm_core_get_boot_data_handler
                0x0000000000003ce0       0xa8 secure_fw/spm/libtfm_spm.a(tfm_boot_data.o)
                0x0000000000003ce0                tfm_core_get_boot_data_handler
 .text.tfm_arch_set_psplim
                0x0000000000003d88       0x1e secure_fw/spm/libtfm_spm.a(tfm_arch.o)
 *fill*         0x0000000000003da6        0x2 
 .text.arch_seal_thread_stack
                0x0000000000003da8       0x3c secure_fw/spm/libtfm_spm.a(tfm_arch.o)
 .text.tfm_arch_free_msp_and_exc_ret
                0x0000000000003de4        0xa secure_fw/spm/libtfm_spm.a(tfm_arch.o)
                0x0000000000003de4                tfm_arch_free_msp_and_exc_ret
 .text.tfm_arch_set_context_ret_code
                0x0000000000003dee       0x3e secure_fw/spm/libtfm_spm.a(tfm_arch.o)
                0x0000000000003dee                tfm_arch_set_context_ret_code
 .text.tfm_arch_trigger_pendsv
                0x0000000000003e2c       0x1c secure_fw/spm/libtfm_spm.a(tfm_arch.o)
                0x0000000000003e2c                tfm_arch_trigger_pendsv
 .text.tfm_arch_init_context
                0x0000000000003e48       0x72 secure_fw/spm/libtfm_spm.a(tfm_arch.o)
                0x0000000000003e48                tfm_arch_init_context
 .text.tfm_arch_refresh_hardware_context
                0x0000000000003eba       0x36 secure_fw/spm/libtfm_spm.a(tfm_arch.o)
                0x0000000000003eba                tfm_arch_refresh_hardware_context
 .text.__save_disable_irq
                0x0000000000003ef0       0x1a secure_fw/spm/libtfm_spm.a(spm_ipc.o)
 .text.__restore_irq
                0x0000000000003f0a       0x18 secure_fw/spm/libtfm_spm.a(spm_ipc.o)
 *fill*         0x0000000000003f22        0x2 
 .text.tfm_spm_to_user_handle
                0x0000000000003f24       0x40 secure_fw/spm/libtfm_spm.a(spm_ipc.o)
                0x0000000000003f24                tfm_spm_to_user_handle
 .text.tfm_spm_to_handle_instance
                0x0000000000003f64       0x30 secure_fw/spm/libtfm_spm.a(spm_ipc.o)
                0x0000000000003f64                tfm_spm_to_handle_instance
 .text.tfm_spm_create_conn_handle
                0x0000000000003f94       0x3c secure_fw/spm/libtfm_spm.a(spm_ipc.o)
                0x0000000000003f94                tfm_spm_create_conn_handle
 .text.tfm_spm_validate_conn_handle
                0x0000000000003fd0       0x34 secure_fw/spm/libtfm_spm.a(spm_ipc.o)
                0x0000000000003fd0                tfm_spm_validate_conn_handle
 .text.tfm_spm_free_conn_handle
                0x0000000000004004       0x3c secure_fw/spm/libtfm_spm.a(spm_ipc.o)
                0x0000000000004004                tfm_spm_free_conn_handle
 .text.spm_get_handle_by_signal
                0x0000000000004040       0x96 secure_fw/spm/libtfm_spm.a(spm_ipc.o)
                0x0000000000004040                spm_get_handle_by_signal
 *fill*         0x00000000000040d6        0x2 
 .text.tfm_spm_get_service_by_sid
                0x00000000000040d8       0x60 secure_fw/spm/libtfm_spm.a(spm_ipc.o)
                0x00000000000040d8                tfm_spm_get_service_by_sid
 .text.tfm_spm_check_client_version
                0x0000000000004138       0x64 secure_fw/spm/libtfm_spm.a(spm_ipc.o)
                0x0000000000004138                tfm_spm_check_client_version
 .text.tfm_spm_check_authorization
                0x000000000000419c       0x9c secure_fw/spm/libtfm_spm.a(spm_ipc.o)
                0x000000000000419c                tfm_spm_check_authorization
 .text.spm_get_handle_by_msg_handle
                0x0000000000004238       0x44 secure_fw/spm/libtfm_spm.a(spm_ipc.o)
                0x0000000000004238                spm_get_handle_by_msg_handle
 .text.spm_fill_message
                0x000000000000427c      0x138 secure_fw/spm/libtfm_spm.a(spm_ipc.o)
                0x000000000000427c                spm_fill_message
 .text.tfm_spm_partition_get_running_partition_id
                0x00000000000043b4       0x38 secure_fw/spm/libtfm_spm.a(spm_ipc.o)
                0x00000000000043b4                tfm_spm_partition_get_running_partition_id
 .text.tfm_spm_is_ns_caller
                0x00000000000043ec       0x3c secure_fw/spm/libtfm_spm.a(spm_ipc.o)
                0x00000000000043ec                tfm_spm_is_ns_caller
 .text.tfm_spm_get_client_id
                0x0000000000004428       0x38 secure_fw/spm/libtfm_spm.a(spm_ipc.o)
                0x0000000000004428                tfm_spm_get_client_id
 .text.tfm_spm_init
                0x0000000000004460       0x94 secure_fw/spm/libtfm_spm.a(spm_ipc.o)
                0x0000000000004460                tfm_spm_init
 .text.update_caller_outvec_len
                0x00000000000044f4       0x8c secure_fw/spm/libtfm_spm.a(spm_ipc.o)
                0x00000000000044f4                update_caller_outvec_len
 .text.tfm_allocate_partition_assuredly
                0x0000000000004580       0x38 secure_fw/spm/libtfm_spm.a(static_loader.o)
 .text.tfm_allocate_service_assuredly
                0x00000000000045b8       0x50 secure_fw/spm/libtfm_spm.a(static_loader.o)
 .text.load_a_partition_assuredly
                0x0000000000004608      0x144 secure_fw/spm/libtfm_spm.a(static_loader.o)
                0x0000000000004608                load_a_partition_assuredly
 .text.load_services_assuredly
                0x000000000000474c      0x162 secure_fw/spm/libtfm_spm.a(static_loader.o)
                0x000000000000474c                load_services_assuredly
 .text.load_irqs_assuredly
                0x00000000000048ae       0x12 secure_fw/spm/libtfm_spm.a(static_loader.o)
                0x00000000000048ae                load_irqs_assuredly
 .text.tfm_pool_init
                0x00000000000048c0       0x96 secure_fw/spm/libtfm_spm.a(tfm_pools.o)
                0x00000000000048c0                tfm_pool_init
 .text.tfm_pool_alloc
                0x0000000000004956       0x46 secure_fw/spm/libtfm_spm.a(tfm_pools.o)
                0x0000000000004956                tfm_pool_alloc
 .text.tfm_pool_free
                0x000000000000499c       0x28 secure_fw/spm/libtfm_spm.a(tfm_pools.o)
                0x000000000000499c                tfm_pool_free
 .text.is_valid_chunk_data_in_pool
                0x00000000000049c4       0x72 secure_fw/spm/libtfm_spm.a(tfm_pools.o)
                0x00000000000049c4                is_valid_chunk_data_in_pool
 .text.tfm_nspm_get_current_client_id
                0x0000000000004a36       0x10 secure_fw/spm/libtfm_spm.a(tfm_spm_ns_ctx.o)
                0x0000000000004a36                tfm_nspm_get_current_client_id
 .text.tfm_nspm_ctx_init
                0x0000000000004a46        0xc secure_fw/spm/libtfm_spm.a(tfm_spm_ns_ctx.o)
                0x0000000000004a46                tfm_nspm_ctx_init
 *fill*         0x0000000000004a52        0x2 
 .text.ns_agent_tz_init_c
                0x0000000000004a54       0x34 secure_fw/spm/libtfm_spm.a(ns_agent_tz_init.o)
                0x0000000000004a54                ns_agent_tz_init_c
 .text.tfm_hal_platform_common_init
                0x0000000000004a88       0x74 secure_fw/spm/libtfm_spm.a(tfm_hal_platform_common.o)
                0x0000000000004a88                tfm_hal_platform_common_init
 .text.tfm_hal_get_ns_VTOR
                0x0000000000004afc       0x14 secure_fw/spm/libtfm_spm.a(tfm_hal_platform_common.o)
                0x0000000000004afc                tfm_hal_get_ns_VTOR
 .text.tfm_hal_get_ns_MSP
                0x0000000000004b10       0x18 secure_fw/spm/libtfm_spm.a(tfm_hal_platform_common.o)
                0x0000000000004b10                tfm_hal_get_ns_MSP
 .text.tfm_hal_get_ns_entry_point
                0x0000000000004b28       0x18 secure_fw/spm/libtfm_spm.a(tfm_hal_platform_common.o)
                0x0000000000004b28                tfm_hal_get_ns_entry_point
 *libplatform_s*:*(.rodata*)
 .rodata        0x0000000000004b40       0x8d platform/libplatform_s.a(nrfx_glue.o)
 *fill*         0x0000000000004bcd        0x3 
 .rodata.__func__.0
                0x0000000000004bd0       0x1b platform/libplatform_s.a(nrfx_glue.o)
 *fill*         0x0000000000004beb        0x1 
 .rodata        0x0000000000004bec      0x372 platform/libplatform_s.a(spu.o)
 *fill*         0x0000000000004f5e        0x2 
 .rodata.__func__.6
                0x0000000000004f60       0x18 platform/libplatform_s.a(spu.o)
 .rodata.__func__.5
                0x0000000000004f78       0x16 platform/libplatform_s.a(spu.o)
 *fill*         0x0000000000004f8e        0x2 
 .rodata.__func__.4
                0x0000000000004f90       0x2d platform/libplatform_s.a(spu.o)
 *fill*         0x0000000000004fbd        0x3 
 .rodata.__func__.3
                0x0000000000004fc0       0x15 platform/libplatform_s.a(spu.o)
 *fill*         0x0000000000004fd5        0x3 
 .rodata.__func__.2
                0x0000000000004fd8       0x1d platform/libplatform_s.a(spu.o)
 *fill*         0x0000000000004ff5        0x3 
 .rodata.__func__.1
                0x0000000000004ff8       0x17 platform/libplatform_s.a(spu.o)
 *fill*         0x000000000000500f        0x1 
 .rodata.__func__.0
                0x0000000000005010       0x21 platform/libplatform_s.a(spu.o)
 *fill*         0x0000000000005031        0x3 
 .rodata.ranges
                0x0000000000005034       0x18 platform/libplatform_s.a(tfm_platform_hal_ioctl.o)
 *libtfm_spm*:*(.rodata*)
 .rodata        0x000000000000504c       0xa6 secure_fw/spm/libtfm_spm.a(target_cfg.o)
 *fill*         0x00000000000050f2        0x2 
 .rodata.memory_regions
                0x00000000000050f4       0x14 secure_fw/spm/libtfm_spm.a(target_cfg.o)
                0x00000000000050f4                memory_regions
 .rodata.__func__.1
                0x0000000000005108       0x18 secure_fw/spm/libtfm_spm.a(target_cfg.o)
 .rodata.__func__.0
                0x0000000000005120       0x18 secure_fw/spm/libtfm_spm.a(target_cfg.o)
 .rodata.access_policy_table
                0x0000000000005138        0x0 secure_fw/spm/libtfm_spm.a(tfm_boot_data.o)

.tfm_secure_data_start
                0x0000000020000000        0x0
                0x0000000020000000                . = ABSOLUTE (0x20000000)

.tfm_bl2_shared_data
                0x0000000020000000      0x400
                0x0000000020000400                . = (. + 0x400)
 *fill*         0x0000000020000000      0x400 

.msp_stack      0x0000000020000400      0x7f8
                0x0000000020000bf8                . = (. + (__msp_stack_size__ - 0x8))
 *fill*         0x0000000020000400      0x7f8 
                0x0000000020000400                Image$$ARM_LIB_STACK$$ZI$$Base = ADDR (.msp_stack)
                0x0000000020000bf8                Image$$ARM_LIB_STACK$$ZI$$Limit = (ADDR (.msp_stack) + SIZEOF (.msp_stack))

.msp_stack_seal_res
                0x0000000020000bf8        0x8
                0x0000000020000c00                . = (. + 0x8)
 *fill*         0x0000000020000bf8        0x8 
                0x0000000020000bf8                __StackSeal = ADDR (.msp_stack_seal_res)
                0x0000000000001000                __heap_size__ = 0x1000

.heap           0x0000000020000c00     0x1000
                0x0000000020000c00                __end__ = .
                0x0000000020000c00                PROVIDE (end = .)
                0x0000000020000c00                __HeapBase = .
                0x0000000020001c00                . = (. + __heap_size__)
 *fill*         0x0000000020000c00     0x1000 
                0x0000000020001c00                __HeapLimit = .
                0x0000000020001c00                __heap_limit = .

.TFM_SP_META_PTR
                0x0000000020001c00       0x20
 *(.bss.SP_META_PTR_SPRTL_INST)
 .bss.SP_META_PTR_SPRTL_INST
                0x0000000020001c00        0x4 secure_fw/partitions/lib/runtime/libtfm_sprt.a(sprt_partition_metadata_indicator.o)
                0x0000000020001c00                p_partition_metadata
                0x0000000020001c20                . = ALIGN (0x20)
 *fill*         0x0000000020001c04       0x1c 
                0x0000000020001c00                Image$$TFM_SP_META_PTR$$ZI$$Base = ADDR (.TFM_SP_META_PTR)
                0x0000000020001c20                Image$$TFM_SP_META_PTR$$ZI$$Limit = (ADDR (.TFM_SP_META_PTR) + SIZEOF (.TFM_SP_META_PTR))
                0x0000000020001c20                . = ALIGN (0x20)
                0x0000000020001c20                Image$$TFM_APP_RW_STACK_START$$Base = .

.TFM_APP_ROT_LINKER_DATA
                0x0000000020001c20        0x0 load address 0x0000000000005140
 *tfm_app_rot_partition*:*(.data*)
 *(TFM_*_APP-ROT_ATTR_RW)
                0x0000000020001c20                . = ALIGN (0x4)
                0x0000000020001c20                Image$$TFM_APP_ROT_LINKER_DATA$$RW$$Base = ADDR (.TFM_APP_ROT_LINKER_DATA)
                0x0000000020001c20                Image$$TFM_APP_ROT_LINKER_DATA$$RW$$Limit = (ADDR (.TFM_APP_ROT_LINKER_DATA) + SIZEOF (.TFM_APP_ROT_LINKER_DATA))

.TFM_APP_ROT_LINKER_BSS
                0x0000000020001c20       0x20
                0x0000000020001c20                start_of_TFM_APP_ROT_LINKER = .
 *tfm_app_rot_partition*:*(.bss*)
 *tfm_app_rot_partition*:*(COMMON)
 *(TFM_*_APP-ROT_ATTR_ZI)
                0x0000000020001c24                . = (. + (. - start_of_TFM_APP_ROT_LINKER)?0x0:0x4)
 *fill*         0x0000000020001c20        0x4 
                0x0000000020001c40                . = ALIGN (0x20)
 *fill*         0x0000000020001c24       0x1c 
                0x0000000020001c20                Image$$TFM_APP_ROT_LINKER_DATA$$ZI$$Base = ADDR (.TFM_APP_ROT_LINKER_BSS)
                0x0000000020001c40                Image$$TFM_APP_ROT_LINKER_DATA$$ZI$$Limit = (ADDR (.TFM_APP_ROT_LINKER_BSS) + SIZEOF (.TFM_APP_ROT_LINKER_BSS))
                0x0000000020001c40                Image$$TFM_APP_RW_STACK_END$$Base = .
                0x0000000020001c40                Image$$TFM_PSA_RW_STACK_START$$Base = .

.TFM_PSA_ROT_LINKER_DATA
                0x0000000020001c40        0x0 load address 0x0000000000005140
 *tfm_psa_rot_partition*:*(.data*)
 *(TFM_*_PSA-ROT_ATTR_RW)
                0x0000000020001c40                . = ALIGN (0x4)
                0x0000000020001c40                Image$$TFM_PSA_ROT_LINKER_DATA$$RW$$Base = ADDR (.TFM_PSA_ROT_LINKER_DATA)
                0x0000000020001c40                Image$$TFM_PSA_ROT_LINKER_DATA$$RW$$Limit = (ADDR (.TFM_PSA_ROT_LINKER_DATA) + SIZEOF (.TFM_PSA_ROT_LINKER_DATA))

.TFM_PSA_ROT_LINKER_BSS
                0x0000000020001c40     0x1140
                0x0000000020001c40                start_of_TFM_PSA_ROT_LINKER = .
 *tfm_psa_rot_partition*:*(.bss*)
 .bss.tfm_sp_platform_stack
                0x0000000020001c40      0x500 secure_fw/partitions/platform/libtfm_psa_rot_partition_platform.a(intermedia_tfm_platform.o)
                0x0000000020001c40                tfm_sp_platform_stack
 .bss.scratch   0x0000000020002140      0x408 secure_fw/partitions/crypto/libtfm_psa_rot_partition_crypto.a(crypto_init.o)
 .bss.mbedtls_mem_buf
                0x0000000020002548        0x1 secure_fw/partitions/crypto/libtfm_psa_rot_partition_crypto.a(crypto_init.o)
 *fill*         0x0000000020002549        0x3 
 .bss.operations
                0x000000002000254c       0x28 secure_fw/partitions/crypto/libtfm_psa_rot_partition_crypto.a(crypto_alloc.o)
 *fill*         0x0000000020002574        0x4 
 .bss.tfm_sp_crypto_stack
                0x0000000020002578      0x800 secure_fw/partitions/crypto/libtfm_psa_rot_partition_crypto.a(intermedia_tfm_crypto.o)
                0x0000000020002578                tfm_sp_crypto_stack
 *tfm_psa_rot_partition*:*(COMMON)
 *(TFM_*_PSA-ROT_ATTR_ZI)
                0x0000000020002d78                . = (. + (. - start_of_TFM_PSA_ROT_LINKER)?0x0:0x4)
                0x0000000020002d80                . = ALIGN (0x20)
 *fill*         0x0000000020002d78        0x8 
                0x0000000020001c40                Image$$TFM_PSA_ROT_LINKER_DATA$$ZI$$Base = ADDR (.TFM_PSA_ROT_LINKER_BSS)
                0x0000000020002d80                Image$$TFM_PSA_ROT_LINKER_DATA$$ZI$$Limit = (ADDR (.TFM_PSA_ROT_LINKER_BSS) + SIZEOF (.TFM_PSA_ROT_LINKER_BSS))
                0x0000000020002d80                Image$$TFM_PSA_RW_STACK_END$$Base = .

.TFM_UNPRIV_CODE
                0x0000000000005140     0x3960
 *(SFN)
 SFN            0x0000000000005140       0x94 secure_fw/CMakeFiles/tfm_s.dir/partitions/ns_agent_tz/psa_api_veneers_v80m.o
                0x0000000000005140                __acle_se_tfm_psa_framework_version_veneer
                0x000000000000516a                __acle_se_tfm_psa_version_veneer
                0x0000000000005194                __acle_se_tfm_psa_call_veneer
 *(.text*)
 .text          0x00000000000051d4       0x88 /home/ryantech/ncs/toolchains/1f9b40e71a/opt/zephyr-sdk/arm-zephyr-eabi/bin/../lib/gcc/arm-zephyr-eabi/12.2.0/thumb/v8-m.main/nofp/crtbegin.o
 .text          0x000000000000525c       0x7c /home/ryantech/ncs/toolchains/1f9b40e71a/opt/zephyr-sdk/arm-zephyr-eabi/bin/../lib/gcc/arm-zephyr-eabi/12.2.0/../../../../arm-zephyr-eabi/lib/thumb/v8-m.main/nofp/crt0.o
                0x000000000000525c                _stack_init
                0x0000000000005264                _mainCRTStartup
                0x0000000000005264                _start
 .text.clear_caller_context
                0x00000000000052d8        0xa secure_fw/CMakeFiles/tfm_s.dir/partitions/ns_agent_tz/psa_api_veneers_v80m.o
 .text.C_HardFault_Handler
                0x00000000000052e2        0xc secure_fw/CMakeFiles/tfm_s.dir/__/platform/ext/common/faults.o
                0x00000000000052e2                C_HardFault_Handler
 .text.HardFault_Handler
                0x00000000000052ee        0x8 secure_fw/CMakeFiles/tfm_s.dir/__/platform/ext/common/faults.o
                0x00000000000052ee                HardFault_Handler
 .text.C_MemManage_Handler
                0x00000000000052f6        0xc secure_fw/CMakeFiles/tfm_s.dir/__/platform/ext/common/faults.o
                0x00000000000052f6                C_MemManage_Handler
 .text.MemManage_Handler
                0x0000000000005302        0x8 secure_fw/CMakeFiles/tfm_s.dir/__/platform/ext/common/faults.o
                0x0000000000005302                MemManage_Handler
 .text.C_BusFault_Handler
                0x000000000000530a        0xc secure_fw/CMakeFiles/tfm_s.dir/__/platform/ext/common/faults.o
                0x000000000000530a                C_BusFault_Handler
 .text.BusFault_Handler
                0x0000000000005316        0x8 secure_fw/CMakeFiles/tfm_s.dir/__/platform/ext/common/faults.o
                0x0000000000005316                BusFault_Handler
 .text.C_SecureFault_Handler
                0x000000000000531e        0xc secure_fw/CMakeFiles/tfm_s.dir/__/platform/ext/common/faults.o
                0x000000000000531e                C_SecureFault_Handler
 .text.SecureFault_Handler
                0x000000000000532a        0x8 secure_fw/CMakeFiles/tfm_s.dir/__/platform/ext/common/faults.o
                0x000000000000532a                SecureFault_Handler
 .text.C_UsageFault_Handler
                0x0000000000005332        0xc secure_fw/CMakeFiles/tfm_s.dir/__/platform/ext/common/faults.o
                0x0000000000005332                C_UsageFault_Handler
 .text.UsageFault_Handler
                0x000000000000533e        0x8 secure_fw/CMakeFiles/tfm_s.dir/__/platform/ext/common/faults.o
                0x000000000000533e                UsageFault_Handler
 .text.memset   0x0000000000005346       0x90 secure_fw/partitions/lib/runtime/libtfm_sprt.a(crt_memset.o)
                0x0000000000005346                memset
 .text.memcpy   0x00000000000053d6       0x8c secure_fw/partitions/lib/runtime/libtfm_sprt.a(crt_memcpy.o)
                0x00000000000053d6                memcpy
 *fill*         0x0000000000005462        0x2 
 .text.runtime_init_c
                0x0000000000005464       0x30 secure_fw/partitions/lib/runtime/libtfm_sprt.a(rt_main.o)
 .text.sprt_main
                0x0000000000005494        0x8 secure_fw/partitions/lib/runtime/libtfm_sprt.a(rt_main.o)
                0x0000000000005494                sprt_main
 .text.common_sfn_thread
                0x000000000000549c       0xc8 secure_fw/partitions/lib/runtime/libtfm_sprt.a(sfn_common_thread.o)
                0x000000000000549c                common_sfn_thread
 .text.tfm_plat_load_builtin_keys
                0x0000000000005564        0xe platform/libplatform_crypto_keys.a(dummy_crypto_keys.o)
                0x0000000000005564                tfm_plat_load_builtin_keys
 *fill*         0x0000000000005572        0x2 
 .text.verify_header
                0x0000000000005574       0x44 secure_fw/partitions/crypto/mbedcrypto/nrf_security_src/libcrypto_service_mbedcrypto.a(memory_buffer_alloc.o)
 .text.verify_chain
                0x00000000000055b8       0x68 secure_fw/partitions/crypto/mbedcrypto/nrf_security_src/libcrypto_service_mbedcrypto.a(memory_buffer_alloc.o)
 .text.buffer_alloc_free
                0x0000000000005620       0xe8 secure_fw/partitions/crypto/mbedcrypto/nrf_security_src/libcrypto_service_mbedcrypto.a(memory_buffer_alloc.o)
 .text.buffer_alloc_calloc
                0x0000000000005708      0x10c secure_fw/partitions/crypto/mbedcrypto/nrf_security_src/libcrypto_service_mbedcrypto.a(memory_buffer_alloc.o)
 .text.mbedtls_memory_buffer_alloc_init
                0x0000000000005814       0x64 secure_fw/partitions/crypto/mbedcrypto/nrf_security_src/libcrypto_service_mbedcrypto.a(memory_buffer_alloc.o)
                0x0000000000005814                mbedtls_memory_buffer_alloc_init
 .text.platform_calloc_uninit
                0x0000000000005878        0x4 secure_fw/partitions/crypto/mbedcrypto/nrf_security_src/libcrypto_service_mbedcrypto.a(platform.o)
 .text.platform_free_uninit
                0x000000000000587c        0x4 secure_fw/partitions/crypto/mbedcrypto/nrf_security_src/libcrypto_service_mbedcrypto.a(platform.o)
 .text.mbedtls_free
                0x0000000000005880        0xc secure_fw/partitions/crypto/mbedcrypto/nrf_security_src/libcrypto_service_mbedcrypto.a(platform.o)
                0x0000000000005880                mbedtls_free
 .text.mbedtls_platform_set_calloc_free
                0x000000000000588c       0x1c secure_fw/partitions/crypto/mbedcrypto/nrf_security_src/libcrypto_service_mbedcrypto.a(platform.o)
                0x000000000000588c                mbedtls_platform_set_calloc_free
 .text.psa_wipe_key_slot
                0x00000000000058a8       0x34 secure_fw/partitions/crypto/mbedcrypto/nrf_security_src/libcrypto_service_mbedcrypto.a(psa_crypto.o)
                0x00000000000058a8                psa_wipe_key_slot
 .text.mbedcrypto__psa_generate_random
                0x00000000000058dc       0x20 secure_fw/partitions/crypto/mbedcrypto/nrf_security_src/libcrypto_service_mbedcrypto.a(psa_crypto.o)
                0x00000000000058dc                mbedcrypto__psa_generate_random
 .text.mbedcrypto__psa_crypto_init
                0x00000000000058fc       0x58 secure_fw/partitions/crypto/mbedcrypto/nrf_security_src/libcrypto_service_mbedcrypto.a(psa_crypto.o)
                0x00000000000058fc                mbedcrypto__psa_crypto_init
 .text.psa_initialize_key_slots
                0x0000000000005954       0x18 secure_fw/partitions/crypto/mbedcrypto/nrf_security_src/libcrypto_service_mbedcrypto.a(psa_crypto_slot_management.o)
                0x0000000000005954                psa_initialize_key_slots
 .text.psa_wipe_all_key_slots
                0x000000000000596c       0x2c secure_fw/partitions/crypto/mbedcrypto/nrf_security_src/libcrypto_service_mbedcrypto.a(psa_crypto_slot_management.o)
                0x000000000000596c                psa_wipe_all_key_slots
 .text.psa_driver_wrapper_init
                0x0000000000005998        0x4 secure_fw/partitions/crypto/mbedcrypto/nrf_security_src/libcrypto_service_mbedcrypto.a(psa_crypto_driver_wrappers.o)
                0x0000000000005998                psa_driver_wrapper_init
 .text.psa_driver_wrapper_free
                0x000000000000599c        0x4 secure_fw/partitions/crypto/mbedcrypto/nrf_security_src/libcrypto_service_mbedcrypto.a(psa_crypto_driver_wrappers.o)
                0x000000000000599c                psa_driver_wrapper_free
 .text.psa_driver_wrapper_init_random
                0x00000000000059a0        0x4 secure_fw/partitions/crypto/mbedcrypto/nrf_security_src/libcrypto_service_mbedcrypto.a(psa_crypto_driver_wrappers.o)
                0x00000000000059a0                psa_driver_wrapper_init_random
 .text.psa_driver_wrapper_get_random
                0x00000000000059a4       0x24 secure_fw/partitions/crypto/mbedcrypto/nrf_security_src/libcrypto_service_mbedcrypto.a(psa_crypto_driver_wrappers.o)
                0x00000000000059a4                psa_driver_wrapper_get_random
 .text.psa_driver_wrapper_free_random
                0x00000000000059c8        0x4 secure_fw/partitions/crypto/mbedcrypto/nrf_security_src/libcrypto_service_mbedcrypto.a(psa_crypto_driver_wrappers.o)
                0x00000000000059c8                psa_driver_wrapper_free_random
 .text.nrf_cc3xx_platform_init_hmac_drbg
                0x00000000000059cc       0x44 /home/ryantech/ncs/v2.4.1/nrfxlib/crypto/nrf_cc310_platform/lib/cortex-m33/soft-float/no-interrupts/libnrf_cc310_platform_0.9.17.a(nrf_cc3xx_platform.c.obj)
                0x00000000000059cc                nrf_cc3xx_platform_init_hmac_drbg
 .text.nrf_cc3xx_platform_hmac_drbg_init
                0x0000000000005a10       0x60 /home/ryantech/ncs/v2.4.1/nrfxlib/crypto/nrf_cc310_platform/lib/cortex-m33/soft-float/no-interrupts/libnrf_cc310_platform_0.9.17.a(nrf_cc3xx_platform_hmac_drbg.c.obj)
                0x0000000000005a10                nrf_cc3xx_platform_hmac_drbg_init
 .text.nrf_cc3xx_platform_hmac_drbg_get
                0x0000000000005a70       0x44 /home/ryantech/ncs/v2.4.1/nrfxlib/crypto/nrf_cc310_platform/lib/cortex-m33/soft-float/no-interrupts/libnrf_cc310_platform_0.9.17.a(nrf_cc3xx_platform_hmac_drbg.c.obj)
                0x0000000000005a70                nrf_cc3xx_platform_hmac_drbg_get
 .text.mbedtls_zeroize_internal
                0x0000000000005ab4       0x14 /home/ryantech/ncs/v2.4.1/nrfxlib/crypto/nrf_cc310_platform/lib/cortex-m33/soft-float/no-interrupts/libnrf_cc310_platform_0.9.17.a(mbedtls_common.c.obj)
                0x0000000000005ab4                mbedtls_zeroize_internal
 .text.mbedtls_platform_zeroize
                0x0000000000005ac8       0x14 /home/ryantech/ncs/v2.4.1/nrfxlib/crypto/nrf_cc310_platform/lib/cortex-m33/soft-float/no-interrupts/libnrf_cc310_platform_0.9.17.a(mbedtls_common.c.obj)
                0x0000000000005ac8                mbedtls_platform_zeroize
 .text.cc_hmac_sha256_starts.constprop.0
                0x0000000000005adc      0x108 /home/ryantech/ncs/v2.4.1/nrfxlib/crypto/nrf_cc310_platform/lib/cortex-m33/soft-float/no-interrupts/libnrf_cc310_platform_0.9.17.a(hmac_drbg_alt.c.obj)
 .text.cc_mbedtls_hmac_drbg_init
                0x0000000000005be4       0x28 /home/ryantech/ncs/v2.4.1/nrfxlib/crypto/nrf_cc310_platform/lib/cortex-m33/soft-float/no-interrupts/libnrf_cc310_platform_0.9.17.a(hmac_drbg_alt.c.obj)
                0x0000000000005be4                cc_mbedtls_hmac_drbg_init
 .text.cc_mbedtls_hmac_drbg_update
                0x0000000000005c0c      0x170 /home/ryantech/ncs/v2.4.1/nrfxlib/crypto/nrf_cc310_platform/lib/cortex-m33/soft-float/no-interrupts/libnrf_cc310_platform_0.9.17.a(hmac_drbg_alt.c.obj)
                0x0000000000005c0c                cc_mbedtls_hmac_drbg_update
 .text.cc_hmac_drbg_reseed_core
                0x0000000000005d7c       0xac /home/ryantech/ncs/v2.4.1/nrfxlib/crypto/nrf_cc310_platform/lib/cortex-m33/soft-float/no-interrupts/libnrf_cc310_platform_0.9.17.a(hmac_drbg_alt.c.obj)
 .text.cc_mbedtls_hmac_drbg_seed
                0x0000000000005e28       0x54 /home/ryantech/ncs/v2.4.1/nrfxlib/crypto/nrf_cc310_platform/lib/cortex-m33/soft-float/no-interrupts/libnrf_cc310_platform_0.9.17.a(hmac_drbg_alt.c.obj)
                0x0000000000005e28                cc_mbedtls_hmac_drbg_seed
 .text.cc_mbedtls_hmac_drbg_random_with_add
                0x0000000000005e7c      0x144 /home/ryantech/ncs/v2.4.1/nrfxlib/crypto/nrf_cc310_platform/lib/cortex-m33/soft-float/no-interrupts/libnrf_cc310_platform_0.9.17.a(hmac_drbg_alt.c.obj)
                0x0000000000005e7c                cc_mbedtls_hmac_drbg_random_with_add
 .text.entropy_update
                0x0000000000005fc0       0x7c /home/ryantech/ncs/v2.4.1/nrfxlib/crypto/nrf_cc310_platform/lib/cortex-m33/soft-float/no-interrupts/libnrf_cc310_platform_0.9.17.a(entropy.c.obj)
 .text.entropy_gather_internal.part.0
                0x000000000000603c       0x88 /home/ryantech/ncs/v2.4.1/nrfxlib/crypto/nrf_cc310_platform/lib/cortex-m33/soft-float/no-interrupts/libnrf_cc310_platform_0.9.17.a(entropy.c.obj)
 .text.cc_mbedtls_entropy_init
                0x00000000000060c4       0x84 /home/ryantech/ncs/v2.4.1/nrfxlib/crypto/nrf_cc310_platform/lib/cortex-m33/soft-float/no-interrupts/libnrf_cc310_platform_0.9.17.a(entropy.c.obj)
                0x00000000000060c4                cc_mbedtls_entropy_init
 .text.cc_mbedtls_entropy_func
                0x0000000000006148      0x110 /home/ryantech/ncs/v2.4.1/nrfxlib/crypto/nrf_cc310_platform/lib/cortex-m33/soft-float/no-interrupts/libnrf_cc310_platform_0.9.17.a(entropy.c.obj)
                0x0000000000006148                cc_mbedtls_entropy_func
 .text.RndStartupTest.constprop.0
                0x0000000000006258       0x98 /home/ryantech/ncs/v2.4.1/nrfxlib/crypto/nrf_cc310_platform/lib/cortex-m33/soft-float/no-interrupts/libnrf_cc310_platform_0.9.17.a(cc_lib.c.obj)
 .text.CC_LibInit_HMAC_DRBG
                0x00000000000062f0       0xc0 /home/ryantech/ncs/v2.4.1/nrfxlib/crypto/nrf_cc310_platform/lib/cortex-m33/soft-float/no-interrupts/libnrf_cc310_platform_0.9.17.a(cc_lib.c.obj)
                0x00000000000062f0                CC_LibInit_HMAC_DRBG
 .text.CC_HalInit
                0x00000000000063b0        0x4 /home/ryantech/ncs/v2.4.1/nrfxlib/crypto/nrf_cc310_platform/lib/cortex-m33/soft-float/no-interrupts/libnrf_cc310_platform_0.9.17.a(cc_hal.c.obj)
                0x00000000000063b0                CC_HalInit
 .text.CC_HalTerminate
                0x00000000000063b4        0x4 /home/ryantech/ncs/v2.4.1/nrfxlib/crypto/nrf_cc310_platform/lib/cortex-m33/soft-float/no-interrupts/libnrf_cc310_platform_0.9.17.a(cc_hal.c.obj)
                0x00000000000063b4                CC_HalTerminate
 .text.CC_HalClearInterruptBit
                0x00000000000063b8       0x1c /home/ryantech/ncs/v2.4.1/nrfxlib/crypto/nrf_cc310_platform/lib/cortex-m33/soft-float/no-interrupts/libnrf_cc310_platform_0.9.17.a(cc_hal.c.obj)
                0x00000000000063b8                CC_HalClearInterruptBit
 .text.CC_HalMaskInterrupt
                0x00000000000063d4        0xc /home/ryantech/ncs/v2.4.1/nrfxlib/crypto/nrf_cc310_platform/lib/cortex-m33/soft-float/no-interrupts/libnrf_cc310_platform_0.9.17.a(cc_hal.c.obj)
                0x00000000000063d4                CC_HalMaskInterrupt
 .text.CC_HalWaitInterrupt
                0x00000000000063e0        0xc /home/ryantech/ncs/v2.4.1/nrfxlib/crypto/nrf_cc310_platform/lib/cortex-m33/soft-float/no-interrupts/libnrf_cc310_platform_0.9.17.a(cc_hal.c.obj)
                0x00000000000063e0                CC_HalWaitInterrupt
 .text.CC_HalWaitInterruptRND
                0x00000000000063ec        0xc /home/ryantech/ncs/v2.4.1/nrfxlib/crypto/nrf_cc310_platform/lib/cortex-m33/soft-float/no-interrupts/libnrf_cc310_platform_0.9.17.a(cc_hal.c.obj)
                0x00000000000063ec                CC_HalWaitInterruptRND
 .text.CC_PalInit
                0x00000000000063f8       0x5c /home/ryantech/ncs/v2.4.1/nrfxlib/crypto/nrf_cc310_platform/lib/cortex-m33/soft-float/no-interrupts/libnrf_cc310_platform_0.9.17.a(cc_pal.c.obj)
                0x00000000000063f8                CC_PalInit
 .text.CC_PalTerminate
                0x0000000000006454       0x34 /home/ryantech/ncs/v2.4.1/nrfxlib/crypto/nrf_cc310_platform/lib/cortex-m33/soft-float/no-interrupts/libnrf_cc310_platform_0.9.17.a(cc_pal.c.obj)
                0x0000000000006454                CC_PalTerminate
 .text.CC_PalDmaInit
                0x0000000000006488        0x4 /home/ryantech/ncs/v2.4.1/nrfxlib/crypto/nrf_cc310_platform/lib/cortex-m33/soft-float/no-interrupts/libnrf_cc310_platform_0.9.17.a(cc_pal_dma.c.obj)
                0x0000000000006488                CC_PalDmaInit
 .text.CC_PalDmaTerminate
                0x000000000000648c        0x4 /home/ryantech/ncs/v2.4.1/nrfxlib/crypto/nrf_cc310_platform/lib/cortex-m33/soft-float/no-interrupts/libnrf_cc310_platform_0.9.17.a(cc_pal_dma.c.obj)
                0x000000000000648c                CC_PalDmaTerminate
 .text.CC_PalWaitInterruptRND
                0x0000000000006490       0x2c /home/ryantech/ncs/v2.4.1/nrfxlib/crypto/nrf_cc310_platform/lib/cortex-m33/soft-float/no-interrupts/libnrf_cc310_platform_0.9.17.a(cc_pal_interrupt_ctrl.c.obj)
                0x0000000000006490                CC_PalWaitInterruptRND
 .text.CC_PalWaitInterrupt
                0x00000000000064bc       0x18 /home/ryantech/ncs/v2.4.1/nrfxlib/crypto/nrf_cc310_platform/lib/cortex-m33/soft-float/no-interrupts/libnrf_cc310_platform_0.9.17.a(cc_pal_interrupt_ctrl.c.obj)
                0x00000000000064bc                CC_PalWaitInterrupt
 .text.CC_PalMemCopyPlat
                0x00000000000064d4        0x4 /home/ryantech/ncs/v2.4.1/nrfxlib/crypto/nrf_cc310_platform/lib/cortex-m33/soft-float/no-interrupts/libnrf_cc310_platform_0.9.17.a(cc_pal_mem.c.obj)
                0x00000000000064d4                CC_PalMemCopyPlat
 .text.CC_PalMemSetZeroPlat
                0x00000000000064d8        0x8 /home/ryantech/ncs/v2.4.1/nrfxlib/crypto/nrf_cc310_platform/lib/cortex-m33/soft-float/no-interrupts/libnrf_cc310_platform_0.9.17.a(cc_pal_mem.c.obj)
                0x00000000000064d8                CC_PalMemSetZeroPlat
 .text.CC_PalMutexCreate
                0x00000000000064e0       0x14 /home/ryantech/ncs/v2.4.1/nrfxlib/crypto/nrf_cc310_platform/lib/cortex-m33/soft-float/no-interrupts/libnrf_cc310_platform_0.9.17.a(cc_pal_mutex.c.obj)
                0x00000000000064e0                CC_PalMutexCreate
 .text.CC_PalMutexDestroy
                0x00000000000064f4       0x14 /home/ryantech/ncs/v2.4.1/nrfxlib/crypto/nrf_cc310_platform/lib/cortex-m33/soft-float/no-interrupts/libnrf_cc310_platform_0.9.17.a(cc_pal_mutex.c.obj)
                0x00000000000064f4                CC_PalMutexDestroy
 .text.CC_PalMutexLock
                0x0000000000006508       0x10 /home/ryantech/ncs/v2.4.1/nrfxlib/crypto/nrf_cc310_platform/lib/cortex-m33/soft-float/no-interrupts/libnrf_cc310_platform_0.9.17.a(cc_pal_mutex.c.obj)
                0x0000000000006508                CC_PalMutexLock
 .text.CC_PalMutexUnlock
                0x0000000000006518       0x14 /home/ryantech/ncs/v2.4.1/nrfxlib/crypto/nrf_cc310_platform/lib/cortex-m33/soft-float/no-interrupts/libnrf_cc310_platform_0.9.17.a(cc_pal_mutex.c.obj)
                0x0000000000006518                CC_PalMutexUnlock
 .text.CC_PalPowerSaveModeInit
                0x000000000000652c       0x3c /home/ryantech/ncs/v2.4.1/nrfxlib/crypto/nrf_cc310_platform/lib/cortex-m33/soft-float/no-interrupts/libnrf_cc310_platform_0.9.17.a(cc_pal_pm.c.obj)
                0x000000000000652c                CC_PalPowerSaveModeInit
 .text.CC_PalPowerSaveModeSelect
                0x0000000000006568       0x84 /home/ryantech/ncs/v2.4.1/nrfxlib/crypto/nrf_cc310_platform/lib/cortex-m33/soft-float/no-interrupts/libnrf_cc310_platform_0.9.17.a(cc_pal_pm.c.obj)
                0x0000000000006568                CC_PalPowerSaveModeSelect
 .text.mutex_init
                0x00000000000065ec        0xc /home/ryantech/ncs/v2.4.1/nrfxlib/crypto/nrf_cc310_platform/lib/cortex-m33/soft-float/no-interrupts/libnrf_cc310_platform_0.9.17.a(threading_alt.c.obj)
                0x00000000000065ec                mutex_init
 .text.mutex_lock
                0x00000000000065f8        0xc /home/ryantech/ncs/v2.4.1/nrfxlib/crypto/nrf_cc310_platform/lib/cortex-m33/soft-float/no-interrupts/libnrf_cc310_platform_0.9.17.a(threading_alt.c.obj)
                0x00000000000065f8                mutex_lock
 .text.mutex_unlock
                0x0000000000006604        0xc /home/ryantech/ncs/v2.4.1/nrfxlib/crypto/nrf_cc310_platform/lib/cortex-m33/soft-float/no-interrupts/libnrf_cc310_platform_0.9.17.a(threading_alt.c.obj)
                0x0000000000006604                mutex_unlock
 .text.nrf_cc3xx_platform_abort
                0x0000000000006610       0x24 /home/ryantech/ncs/v2.4.1/nrfxlib/crypto/nrf_cc310_platform/lib/cortex-m33/soft-float/no-interrupts/libnrf_cc310_platform_0.9.17.a(nrf_cc3xx_platform_abort.c.obj)
 .text.CC_PalAbort
                0x0000000000006634       0x34 /home/ryantech/ncs/v2.4.1/nrfxlib/crypto/nrf_cc310_platform/lib/cortex-m33/soft-float/no-interrupts/libnrf_cc310_platform_0.9.17.a(nrf_cc3xx_platform_abort.c.obj)
                0x0000000000006634                CC_PalAbort
 .text.mutex_free
                0x0000000000006668       0x34 /home/ryantech/ncs/v2.4.1/nrfxlib/crypto/nrf_cc310_platform/lib/cortex-m33/soft-float/no-interrupts/libnrf_cc310_platform_0.9.17.a(nrf_cc3xx_platform_mutex.c.obj)
 .text.mutex_lock
                0x000000000000669c       0x48 /home/ryantech/ncs/v2.4.1/nrfxlib/crypto/nrf_cc310_platform/lib/cortex-m33/soft-float/no-interrupts/libnrf_cc310_platform_0.9.17.a(nrf_cc3xx_platform_mutex.c.obj)
 .text.mutex_unlock
                0x00000000000066e4       0x38 /home/ryantech/ncs/v2.4.1/nrfxlib/crypto/nrf_cc310_platform/lib/cortex-m33/soft-float/no-interrupts/libnrf_cc310_platform_0.9.17.a(nrf_cc3xx_platform_mutex.c.obj)
 .text.mutex_init
                0x000000000000671c       0x20 /home/ryantech/ncs/v2.4.1/nrfxlib/crypto/nrf_cc310_platform/lib/cortex-m33/soft-float/no-interrupts/libnrf_cc310_platform_0.9.17.a(nrf_cc3xx_platform_mutex.c.obj)
 .text.startTrngHW
                0x000000000000673c      0x140 /home/ryantech/ncs/v2.4.1/nrfxlib/crypto/nrf_cc310_platform/lib/cortex-m33/soft-float/no-interrupts/libnrf_cc310_platform_0.9.17.a(llf_rnd_trng90b.c.obj)
 .text.LLF_RND_RepetitionCounterTest
                0x000000000000687c       0x64 /home/ryantech/ncs/v2.4.1/nrfxlib/crypto/nrf_cc310_platform/lib/cortex-m33/soft-float/no-interrupts/libnrf_cc310_platform_0.9.17.a(llf_rnd_trng90b.c.obj)
                0x000000000000687c                LLF_RND_RepetitionCounterTest
 .text.LLF_RND_AdaptiveProportionTest
                0x00000000000068e0       0x80 /home/ryantech/ncs/v2.4.1/nrfxlib/crypto/nrf_cc310_platform/lib/cortex-m33/soft-float/no-interrupts/libnrf_cc310_platform_0.9.17.a(llf_rnd_trng90b.c.obj)
                0x00000000000068e0                LLF_RND_AdaptiveProportionTest
 .text.getTrngSource
                0x0000000000006960      0x2b4 /home/ryantech/ncs/v2.4.1/nrfxlib/crypto/nrf_cc310_platform/lib/cortex-m33/soft-float/no-interrupts/libnrf_cc310_platform_0.9.17.a(llf_rnd_trng90b.c.obj)
 .text.LLF_RND_GetTrngSource
                0x0000000000006c14       0x18 /home/ryantech/ncs/v2.4.1/nrfxlib/crypto/nrf_cc310_platform/lib/cortex-m33/soft-float/no-interrupts/libnrf_cc310_platform_0.9.17.a(llf_rnd_trng90b.c.obj)
                0x0000000000006c14                LLF_RND_GetTrngSource
 .text.LLF_RND_RunTrngStartupTest
                0x0000000000006c2c       0x1c /home/ryantech/ncs/v2.4.1/nrfxlib/crypto/nrf_cc310_platform/lib/cortex-m33/soft-float/no-interrupts/libnrf_cc310_platform_0.9.17.a(llf_rnd_trng90b.c.obj)
                0x0000000000006c2c                LLF_RND_RunTrngStartupTest
 .text.mbedtls_hardware_poll
                0x0000000000006c48       0xfc /home/ryantech/ncs/v2.4.1/nrfxlib/crypto/nrf_cc310_platform/lib/cortex-m33/soft-float/no-interrupts/libnrf_cc310_platform_0.9.17.a(trng_api.c.obj)
                0x0000000000006c48                mbedtls_hardware_poll
 .text.cc_mbedtls_sha256_init
                0x0000000000006d44       0x28 /home/ryantech/ncs/v2.4.1/nrfxlib/crypto/nrf_cc310_platform/lib/cortex-m33/soft-float/no-interrupts/libnrf_cc310_platform_0.9.17.a(sha256_alt.c.obj)
                0x0000000000006d44                cc_mbedtls_sha256_init
 .text.cc_mbedtls_sha256_free
                0x0000000000006d6c        0xc /home/ryantech/ncs/v2.4.1/nrfxlib/crypto/nrf_cc310_platform/lib/cortex-m33/soft-float/no-interrupts/libnrf_cc310_platform_0.9.17.a(sha256_alt.c.obj)
                0x0000000000006d6c                cc_mbedtls_sha256_free
 .text.cc_mbedtls_sha256_starts
                0x0000000000006d78       0x28 /home/ryantech/ncs/v2.4.1/nrfxlib/crypto/nrf_cc310_platform/lib/cortex-m33/soft-float/no-interrupts/libnrf_cc310_platform_0.9.17.a(sha256_alt.c.obj)
                0x0000000000006d78                cc_mbedtls_sha256_starts
 .text.cc_mbedtls_sha256_update
                0x0000000000006da0       0x54 /home/ryantech/ncs/v2.4.1/nrfxlib/crypto/nrf_cc310_platform/lib/cortex-m33/soft-float/no-interrupts/libnrf_cc310_platform_0.9.17.a(sha256_alt.c.obj)
                0x0000000000006da0                cc_mbedtls_sha256_update
 .text.cc_mbedtls_sha256_finish
                0x0000000000006df4       0x48 /home/ryantech/ncs/v2.4.1/nrfxlib/crypto/nrf_cc310_platform/lib/cortex-m33/soft-float/no-interrupts/libnrf_cc310_platform_0.9.17.a(sha256_alt.c.obj)
                0x0000000000006df4                cc_mbedtls_sha256_finish
 .text.mbedtls_sha_starts_internal
                0x0000000000006e3c       0x28 /home/ryantech/ncs/v2.4.1/nrfxlib/crypto/nrf_cc310_platform/lib/cortex-m33/soft-float/no-interrupts/libnrf_cc310_platform_0.9.17.a(mbedtls_hash_common.c.obj)
                0x0000000000006e3c                mbedtls_sha_starts_internal
 .text.mbedtls_sha_finish_internal
                0x0000000000006e64       0x5c /home/ryantech/ncs/v2.4.1/nrfxlib/crypto/nrf_cc310_platform/lib/cortex-m33/soft-float/no-interrupts/libnrf_cc310_platform_0.9.17.a(mbedtls_hash_common.c.obj)
                0x0000000000006e64                mbedtls_sha_finish_internal
 .text.mbedtls_sha_update_internal
                0x0000000000006ec0      0x1ec /home/ryantech/ncs/v2.4.1/nrfxlib/crypto/nrf_cc310_platform/lib/cortex-m33/soft-float/no-interrupts/libnrf_cc310_platform_0.9.17.a(mbedtls_hash_common.c.obj)
                0x0000000000006ec0                mbedtls_sha_update_internal
 .text.cc_mbedtls_sha256
                0x00000000000070ac       0x50 /home/ryantech/ncs/v2.4.1/nrfxlib/crypto/nrf_cc310_platform/lib/cortex-m33/soft-float/no-interrupts/libnrf_cc310_platform_0.9.17.a(sha256.c.obj)
                0x00000000000070ac                cc_mbedtls_sha256
 .text.RNG_PLAT_SetUserRngParameters
                0x00000000000070fc       0x74 /home/ryantech/ncs/v2.4.1/nrfxlib/crypto/nrf_cc310_platform/lib/cortex-m33/soft-float/no-interrupts/libnrf_cc310_platform_0.9.17.a(cc_rng_plat.c.obj)
                0x00000000000070fc                RNG_PLAT_SetUserRngParameters
 .text.CC_PalTrngParamGet
                0x0000000000007170      0x114 /home/ryantech/ncs/v2.4.1/nrfxlib/crypto/nrf_cc310_platform/lib/cortex-m33/soft-float/no-interrupts/libnrf_cc310_platform_0.9.17.a(cc_pal_trng.c.obj)
                0x0000000000007170                CC_PalTrngParamGet
 .text.LLF_RND_WaitRngInterrupt
                0x0000000000007284       0x20 /home/ryantech/ncs/v2.4.1/nrfxlib/crypto/nrf_cc310_platform/lib/cortex-m33/soft-float/no-interrupts/libnrf_cc310_platform_0.9.17.a(llf_rnd.c.obj)
                0x0000000000007284                LLF_RND_WaitRngInterrupt
 .text.LLF_RND_GetRoscSampleCnt
                0x00000000000072a4       0x34 /home/ryantech/ncs/v2.4.1/nrfxlib/crypto/nrf_cc310_platform/lib/cortex-m33/soft-float/no-interrupts/libnrf_cc310_platform_0.9.17.a(llf_rnd.c.obj)
                0x00000000000072a4                LLF_RND_GetRoscSampleCnt
 .text.LLF_RND_GetFastestRosc
                0x00000000000072d8       0x20 /home/ryantech/ncs/v2.4.1/nrfxlib/crypto/nrf_cc310_platform/lib/cortex-m33/soft-float/no-interrupts/libnrf_cc310_platform_0.9.17.a(llf_rnd.c.obj)
                0x00000000000072d8                LLF_RND_GetFastestRosc
 .text.LLF_RND_TurnOffTrng
                0x00000000000072f8       0x18 /home/ryantech/ncs/v2.4.1/nrfxlib/crypto/nrf_cc310_platform/lib/cortex-m33/soft-float/no-interrupts/libnrf_cc310_platform_0.9.17.a(llf_rnd.c.obj)
                0x00000000000072f8                LLF_RND_TurnOffTrng
 .text.SetDataBuffersInfo
                0x0000000000007310       0x68 /home/ryantech/ncs/v2.4.1/nrfxlib/crypto/nrf_cc310_platform/lib/cortex-m33/soft-float/no-interrupts/libnrf_cc310_platform_0.9.17.a(driver_common.c.obj)
                0x0000000000007310                SetDataBuffersInfo
 .text.InitHashDrv
                0x0000000000007378       0x50 /home/ryantech/ncs/v2.4.1/nrfxlib/crypto/nrf_cc310_platform/lib/cortex-m33/soft-float/no-interrupts/libnrf_cc310_platform_0.9.17.a(hash_driver.c.obj)
                0x0000000000007378                InitHashDrv
 .text.ProcessHashDrv
                0x00000000000073c8      0x22c /home/ryantech/ncs/v2.4.1/nrfxlib/crypto/nrf_cc310_platform/lib/cortex-m33/soft-float/no-interrupts/libnrf_cc310_platform_0.9.17.a(hash_driver.c.obj)
                0x00000000000073c8                ProcessHashDrv
 .text.FinishHashDrv
                0x00000000000075f4       0x74 /home/ryantech/ncs/v2.4.1/nrfxlib/crypto/nrf_cc310_platform/lib/cortex-m33/soft-float/no-interrupts/libnrf_cc310_platform_0.9.17.a(hash_driver.c.obj)
                0x00000000000075f4                FinishHashDrv
 .text.CC_PalDataBufferAttrGet
                0x0000000000007668        0x8 /home/ryantech/ncs/v2.4.1/nrfxlib/crypto/nrf_cc310_platform/lib/cortex-m33/soft-float/no-interrupts/libnrf_cc310_platform_0.9.17.a(cc_pal_buff_attr.c.obj)
                0x0000000000007668                CC_PalDataBufferAttrGet
 .text.__assert_func
                0x0000000000007670       0x3c /home/ryantech/ncs/toolchains/1f9b40e71a/opt/zephyr-sdk/arm-zephyr-eabi/bin/../lib/gcc/arm-zephyr-eabi/12.2.0/../../../../arm-zephyr-eabi/lib/thumb/v8-m.main/nofp/libc_nano.a(lib_a-assert.o)
                0x0000000000007670                __assert_func
 .text.exit     0x00000000000076ac       0x28 /home/ryantech/ncs/toolchains/1f9b40e71a/opt/zephyr-sdk/arm-zephyr-eabi/bin/../lib/gcc/arm-zephyr-eabi/12.2.0/../../../../arm-zephyr-eabi/lib/thumb/v8-m.main/nofp/libc_nano.a(lib_a-exit.o)
                0x00000000000076ac                exit
 .text.fprintf  0x00000000000076d4       0x24 /home/ryantech/ncs/toolchains/1f9b40e71a/opt/zephyr-sdk/arm-zephyr-eabi/bin/../lib/gcc/arm-zephyr-eabi/12.2.0/../../../../arm-zephyr-eabi/lib/thumb/v8-m.main/nofp/libc_nano.a(lib_a-fprintf.o)
                0x00000000000076d4                fprintf